Component: Arm Compiler for Embedded 6.18 Tool: armlink [5e4cc100]

==============================================================================

Section Cross References

    startup_stm32f407xx.o(STACK) refers (Special) to heapauxi.o(.text) for __use_two_region_memory
    startup_stm32f407xx.o(HEAP) refers (Special) to heapauxi.o(.text) for __use_two_region_memory
    startup_stm32f407xx.o(RESET) refers (Special) to heapauxi.o(.text) for __use_two_region_memory
    startup_stm32f407xx.o(RESET) refers to startup_stm32f407xx.o(STACK) for __initial_sp
    startup_stm32f407xx.o(RESET) refers to startup_stm32f407xx.o(.text) for Reset_Handler
    startup_stm32f407xx.o(RESET) refers to stm32f4xx_it.o(.text.NMI_Handler) for NMI_Handler
    startup_stm32f407xx.o(RESET) refers to stm32f4xx_it.o(.text.HardFault_Handler) for HardFault_Handler
    startup_stm32f407xx.o(RESET) refers to stm32f4xx_it.o(.text.MemManage_Handler) for MemManage_Handler
    startup_stm32f407xx.o(RESET) refers to stm32f4xx_it.o(.text.BusFault_Handler) for BusFault_Handler
    startup_stm32f407xx.o(RESET) refers to stm32f4xx_it.o(.text.UsageFault_Handler) for UsageFault_Handler
    startup_stm32f407xx.o(RESET) refers to port.o(.text.SVC_Handler) for SVC_Handler
    startup_stm32f407xx.o(RESET) refers to stm32f4xx_it.o(.text.DebugMon_Handler) for DebugMon_Handler
    startup_stm32f407xx.o(RESET) refers to port.o(.text.PendSV_Handler) for PendSV_Handler
    startup_stm32f407xx.o(RESET) refers to cmsis_os2.o(.text.SysTick_Handler) for SysTick_Handler
    startup_stm32f407xx.o(RESET) refers to stm32f4xx_it.o(.text.DMA1_Stream1_IRQHandler) for DMA1_Stream1_IRQHandler
    startup_stm32f407xx.o(RESET) refers to stm32f4xx_it.o(.text.DMA1_Stream3_IRQHandler) for DMA1_Stream3_IRQHandler
    startup_stm32f407xx.o(RESET) refers to stm32f4xx_it.o(.text.CAN1_RX0_IRQHandler) for CAN1_RX0_IRQHandler
    startup_stm32f407xx.o(RESET) refers to stm32f4xx_it.o(.text.CAN1_RX1_IRQHandler) for CAN1_RX1_IRQHandler
    startup_stm32f407xx.o(RESET) refers to stm32f4xx_it.o(.text.USART1_IRQHandler) for USART1_IRQHandler
    startup_stm32f407xx.o(RESET) refers to stm32f4xx_it.o(.text.USART3_IRQHandler) for USART3_IRQHandler
    startup_stm32f407xx.o(RESET) refers to stm32f4xx_it.o(.text.TIM6_DAC_IRQHandler) for TIM6_DAC_IRQHandler
    startup_stm32f407xx.o(RESET) refers to stm32f4xx_it.o(.text.TIM7_IRQHandler) for TIM7_IRQHandler
    startup_stm32f407xx.o(RESET) refers to stm32f4xx_it.o(.text.DMA2_Stream1_IRQHandler) for DMA2_Stream1_IRQHandler
    startup_stm32f407xx.o(RESET) refers to stm32f4xx_it.o(.text.DMA2_Stream2_IRQHandler) for DMA2_Stream2_IRQHandler
    startup_stm32f407xx.o(RESET) refers to stm32f4xx_it.o(.text.CAN2_RX0_IRQHandler) for CAN2_RX0_IRQHandler
    startup_stm32f407xx.o(RESET) refers to stm32f4xx_it.o(.text.CAN2_RX1_IRQHandler) for CAN2_RX1_IRQHandler
    startup_stm32f407xx.o(RESET) refers to stm32f4xx_it.o(.text.OTG_FS_IRQHandler) for OTG_FS_IRQHandler
    startup_stm32f407xx.o(RESET) refers to stm32f4xx_it.o(.text.DMA2_Stream6_IRQHandler) for DMA2_Stream6_IRQHandler
    startup_stm32f407xx.o(RESET) refers to stm32f4xx_it.o(.text.DMA2_Stream7_IRQHandler) for DMA2_Stream7_IRQHandler
    startup_stm32f407xx.o(RESET) refers to stm32f4xx_it.o(.text.USART6_IRQHandler) for USART6_IRQHandler
    startup_stm32f407xx.o(.text) refers (Special) to heapauxi.o(.text) for __use_two_region_memory
    startup_stm32f407xx.o(.text) refers to system_stm32f4xx.o(.text.SystemInit) for SystemInit
    startup_stm32f407xx.o(.text) refers to __main.o(!!!main) for __main
    startup_stm32f407xx.o(.text) refers to startup_stm32f407xx.o(HEAP) for Heap_Mem
    startup_stm32f407xx.o(.text) refers to startup_stm32f407xx.o(STACK) for Stack_Mem
    main.o(.text.main) refers to stm32f4xx_hal.o(.text.HAL_Init) for HAL_Init
    main.o(.text.main) refers to main.o(.text.SystemClock_Config) for SystemClock_Config
    main.o(.text.main) refers to gpio.o(.text.MX_GPIO_Init) for MX_GPIO_Init
    main.o(.text.main) refers to dma.o(.text.MX_DMA_Init) for MX_DMA_Init
    main.o(.text.main) refers to can.o(.text.MX_CAN1_Init) for MX_CAN1_Init
    main.o(.text.main) refers to can.o(.text.MX_CAN2_Init) for MX_CAN2_Init
    main.o(.text.main) refers to usart.o(.text.MX_USART1_UART_Init) for MX_USART1_UART_Init
    main.o(.text.main) refers to usart.o(.text.MX_USART3_UART_Init) for MX_USART3_UART_Init
    main.o(.text.main) refers to usart.o(.text.MX_USART6_UART_Init) for MX_USART6_UART_Init
    main.o(.text.main) refers to tim.o(.text.MX_TIM4_Init) for MX_TIM4_Init
    main.o(.text.main) refers to tim.o(.text.MX_TIM5_Init) for MX_TIM5_Init
    main.o(.text.main) refers to tim.o(.text.MX_TIM7_Init) for MX_TIM7_Init
    main.o(.text.main) refers to init.o(.text.Init) for Init
    main.o(.text.main) refers to cmsis_os2.o(.text.osKernelInitialize) for osKernelInitialize
    main.o(.text.main) refers to freertos.o(.text.MX_FREERTOS_Init) for MX_FREERTOS_Init
[...]
    0x08000bbc   0x08000bbc   0x00000064   Code   RO         2344    .text.GimbalTask    gimbaltask.o
    0x08000c20   0x08000c20   0x00000024   Code   RO         1154    .text.HAL_CAN_ActivateNotification  stm32f4xx_hal_can.o
    0x08000c44   0x08000c44   0x00000092   Code   RO         1140    .text.HAL_CAN_AddTxMessage  stm32f4xx_hal_can.o
    0x08000cd6   0x08000cd6   0x00000002   PAD
    0x08000cd8   0x08000cd8   0x000000dc   Code   RO         1130    .text.HAL_CAN_ConfigFilter  stm32f4xx_hal_can.o
    0x08000db4   0x08000db4   0x00000002   Code   RO         1184    .text.HAL_CAN_ErrorCallback  stm32f4xx_hal_can.o
    0x08000db6   0x08000db6   0x00000002   PAD
    0x08000db8   0x08000db8   0x00000122   Code   RO         1150    .text.HAL_CAN_GetRxMessage  stm32f4xx_hal_can.o
    0x08000eda   0x08000eda   0x00000002   PAD
    0x08000edc   0x08000edc   0x00000026   Code   RO         1144    .text.HAL_CAN_GetTxMailboxesFreeLevel  stm32f4xx_hal_can.o
    0x08000f02   0x08000f02   0x00000002   PAD
    0x08000f04   0x08000f04   0x0000023a   Code   RO         1158    .text.HAL_CAN_IRQHandler  stm32f4xx_hal_can.o
    0x0800113e   0x0800113e   0x00000002   PAD
    0x08001140   0x08001140   0x000000e6   Code   RO         1120    .text.HAL_CAN_Init  stm32f4xx_hal_can.o
    0x08001226   0x08001226   0x00000002   PAD
    0x08001228   0x08001228   0x0000014e   Code   RO           64    .text.HAL_CAN_MspInit  can.o
    0x08001376   0x08001376   0x00000002   PAD
    0x08001378   0x08001378   0x00000002   Code   RO         1172    .text.HAL_CAN_RxFifo0FullCallback  stm32f4xx_hal_can.o
    0x0800137a   0x0800137a   0x00000002   PAD
    0x0800137c   0x0800137c   0x00000144   Code   RO         2326    .text.HAL_CAN_RxFifo0MsgPendingCallback  callback.o
    0x080014c0   0x080014c0   0x00000002   Code   RO         1176    .text.HAL_CAN_RxFifo1FullCallback  stm32f4xx_hal_can.o
    0x080014c2   0x080014c2   0x00000002   PAD
    0x080014c4   0x080014c4   0x000000a6   Code   RO         2328    .text.HAL_CAN_RxFifo1MsgPendingCallback  callback.o
    0x0800156a   0x0800156a   0x00000002   PAD
    0x0800156c   0x0800156c   0x00000002   Code   RO         1180    .text.HAL_CAN_SleepCallback  stm32f4xx_hal_can.o
    0x0800156e   0x0800156e   0x00000002   PAD
    0x08001570   0x08001570   0x00000054   Code   RO         1132    .text.HAL_CAN_Start  stm32f4xx_hal_can.o
    0x080015c4   0x080015c4   0x00000002   Code   RO         1162    .text.HAL_CAN_TxMailbox0AbortCallback  stm32f4xx_hal_can.o
    0x080015c6   0x080015c6   0x00000002   PAD
    0x080015c8   0x080015c8   0x00000002   Code   RO         1160    .text.HAL_CAN_TxMailbox0CompleteCallback  stm32f4xx_hal_can.o
    0x080015ca   0x080015ca   0x00000002   PAD
    0x080015cc   0x080015cc   0x00000002   Code   RO         1166    .text.HAL_CAN_TxMailbox1AbortCallback  stm32f4xx_hal_can.o
    0x080015ce   0x080015ce   0x00000002   PAD
    0x080015d0   0x080015d0   0x00000002   Code   RO         1164    .text.HAL_CAN_TxMailbox1CompleteCallback  stm32f4xx_hal_can.o
    0x080015d2   0x080015d2   0x00000002   PAD
    0x080015d4   0x080015d4   0x00000002   Code   RO         1170    .text.HAL_CAN_TxMailbox2AbortCallback  stm32f4xx_hal_can.o
    0x080015d6   0x080015d6   0x00000002   PAD
    0x080015d8   0x080015d8   0x00000002   Code   RO         1168    .text.HAL_CAN_TxMailbox2CompleteCallback  stm32f4xx_hal_can.o
    0x080015da   0x080015da   0x00000002   PAD
    0x080015dc   0x080015dc   0x00000002   Code   RO         1182    .text.HAL_CAN_WakeUpFromRxMsgCallback  stm32f4xx_hal_can.o
    0x080015de   0x080015de   0x00000002   PAD
    0x080015e0   0x080015e0   0x00000076   Code   RO          890    .text.HAL_DMA_Abort  stm32f4xx_hal_dma.o
    0x08001656   0x08001656   0x00000002   PAD
    0x08001658   0x08001658   0x00000020   Code   RO          892    .text.HAL_DMA_Abort_IT  stm32f4xx_hal_dma.o
    0x08001678   0x08001678   0x0000017a   Code   RO          896    .text.HAL_DMA_IRQHandler  stm32f4xx_hal_dma.o
    0x080017f2   0x080017f2   0x00000002   PAD
    0x080017f4   0x080017f4   0x0000013a   Code   RO          882    .text.HAL_DMA_Init  stm32f4xx_hal_dma.o
    0x0800192e   0x0800192e   0x00000002   PAD
    0x08001930   0x08001930   0x0000009a   Code   RO          888    .text.HAL_DMA_Start_IT  stm32f4xx_hal_dma.o
    0x080019ca   0x080019ca   0x00000002   PAD
    0x080019cc   0x080019cc   0x00000028   Code   RO         1049    .text.HAL_Delay     stm32f4xx_hal.o
    0x080019f4   0x080019f4   0x000001a0   Code   RO          844    .text.HAL_GPIO_Init  stm32f4xx_hal_gpio.o
    0x08001b94   0x08001b94   0x0000000c   Code   RO         1041    .text.HAL_GetTick   stm32f4xx_hal.o
    0x08001ba0   0x08001ba0   0x0000001a   Code   RO         1039    .text.HAL_IncTick   stm32f4xx_hal.o
    0x08001bba   0x08001bba   0x00000002   PAD
    0x08001bbc   0x08001bbc   0x00000036   Code   RO         1029    .text.HAL_Init      stm32f4xx_hal.o
    0x08001bf2   0x08001bf2   0x00000002   PAD
    0x08001bf4   0x08001bf4   0x000000b0   Code   RO          202    .text.HAL_InitTick  stm32f4xx_hal_timebase_tim.o
    0x08001ca4   0x08001ca4   0x00000046   Code   RO          193    .text.HAL_MspInit   stm32f4xx_hal_msp.o
    0x08001cea   0x08001cea   0x00000002   PAD
    0x08001cec   0x08001cec   0x00000020   Code   RO          981    .text.HAL_NVIC_EnableIRQ  stm32f4xx_hal_cortex.o
    0x08001d0c   0x08001d0c   0x00000056   Code   RO          979    .text.HAL_NVIC_SetPriority  stm32f4xx_hal_cortex.o
    0x08001d62   0x08001d62   0x00000002   PAD
    0x08001d64   0x08001d64   0x00000020   Code   RO          977    .text.HAL_NVIC_SetPriorityGrouping  stm32f4xx_hal_cortex.o
    0x08001d84   0x08001d84   0x00000002   Code   RO          618    .text.HAL_PCDEx_LPM_Callback  stm32f4xx_hal_pcd_ex.o
    0x08001d86   0x08001d86   0x00000002   PAD
    0x08001d88   0x08001d88   0x00000008   Code   RO          616    .text.HAL_PCDEx_SetRxFiFo  stm32f4xx_hal_pcd_ex.o
    0x08001d90   0x08001d90   0x00000050   Code   RO          614    .text.HAL_PCDEx_SetTxFiFo  stm32f4xx_hal_pcd_ex.o
    0x08001de0   0x08001de0   0x0000000c   Code   RO         2607    .text.HAL_PCD_ConnectCallback  usbd_conf.o
    0x08001dec   0x08001dec   0x00000018   Code   RO         2593    .text.HAL_PCD_DataInStageCallback  usbd_conf.o
    0x08001e04   0x08001e04   0x0000001a   Code   RO         2591    .text.HAL_PCD_DataOutStageCallback  usbd_conf.o
    0x08001e1e   0x08001e1e   0x00000002   PAD
    0x08001e20   0x08001e20   0x0000000c   Code   RO         2609    .text.HAL_PCD_DisconnectCallback  usbd_conf.o
    0x08001e2c   0x08001e2c   0x0000004a   Code   RO          584    .text.HAL_PCD_EP_Close  stm32f4xx_hal_pcd.o
    0x08001e76   0x08001e76   0x00000002   PAD
    0x08001e78   0x08001e78   0x00000060   Code   RO          594    .text.HAL_PCD_EP_ClrStall  stm32f4xx_hal_pcd.o
    0x08001ed8   0x08001ed8   0x00000012   Code   RO          588    .text.HAL_PCD_EP_GetRxCount  stm32f4xx_hal_pcd.o
    0x08001eea   0x08001eea   0x00000002   PAD
    0x08001eec   0x08001eec   0x00000064   Code   RO          582    .text.HAL_PCD_EP_Open  stm32f4xx_hal_pcd.o
    0x08001f50   0x08001f50   0x00000044   Code   RO          586    .text.HAL_PCD_EP_Receive  stm32f4xx_hal_pcd.o
    0x08001f94   0x08001f94   0x0000006c   Code   RO          592    .text.HAL_PCD_EP_SetStall  stm32f4xx_hal_pcd.o
    0x08002000   0x08002000   0x00000042   Code   RO          590    .text.HAL_PCD_EP_Transmit  stm32f4xx_hal_pcd.o
    0x08002042   0x08002042   0x00000002   PAD
    0x08002044   0x08002044   0x0000077a   Code   RO          548    .text.HAL_PCD_IRQHandler  stm32f4xx_hal_pcd.o
    0x080027be   0x080027be   0x00000002   PAD
    0x080027c0   0x080027c0   0x0000000c   Code   RO         2605    .text.HAL_PCD_ISOINIncompleteCallback  usbd_conf.o
    0x080027cc   0x080027cc   0x0000000c   Code   RO         2603    .text.HAL_PCD_ISOOUTIncompleteCallback  usbd_conf.o
    0x080027d8   0x080027d8   0x000000ea   Code   RO          536    .text.HAL_PCD_Init  stm32f4xx_hal_pcd.o
    0x080028c2   0x080028c2   0x00000002   PAD
    0x080028c4   0x080028c4   0x00000088   Code   RO         2585    .text.HAL_PCD_MspInit  usbd_conf.o
    0x0800294c   0x0800294c   0x00000028   Code   RO         2597    .text.HAL_PCD_ResetCallback  usbd_conf.o
    0x08002974   0x08002974   0x0000000c   Code   RO         2601    .text.HAL_PCD_ResumeCallback  usbd_conf.o
    0x08002980   0x08002980   0x0000000c   Code   RO         2595    .text.HAL_PCD_SOFCallback  usbd_conf.o
    0x0800298c   0x0800298c   0x00000026   Code   RO          580    .text.HAL_PCD_SetAddress  stm32f4xx_hal_pcd.o
    0x080029b2   0x080029b2   0x00000002   PAD
    0x080029b4   0x080029b4   0x00000012   Code   RO         2589    .text.HAL_PCD_SetupStageCallback  usbd_conf.o
    0x080029c6   0x080029c6   0x00000002   PAD
    0x080029c8   0x080029c8   0x0000003e   Code   RO          544    .text.HAL_PCD_Start  stm32f4xx_hal_pcd.o
    0x08002a06   0x08002a06   0x00000002   PAD
    0x08002a08   0x08002a08   0x00000034   Code   RO         2599    .text.HAL_PCD_SuspendCallback  usbd_conf.o
    0x08002a3c   0x08002a3c   0x00000160   Code   RO          738    .text.HAL_RCC_ClockConfig  stm32f4xx_hal_rcc.o
    0x08002b9c   0x08002b9c   0x0000003e   Code   RO          756    .text.HAL_RCC_GetClockConfig  stm32f4xx_hal_rcc.o
    0x08002bda   0x08002bda   0x00000002   PAD
    0x08002bdc   0x08002bdc   0x0000000c   Code   RO          748    .text.HAL_RCC_GetHCLKFreq  stm32f4xx_hal_rcc.o
    0x08002be8   0x08002be8   0x00000026   Code   RO          750    .text.HAL_RCC_GetPCLK1Freq  stm32f4xx_hal_rcc.o
    0x08002c0e   0x08002c0e   0x00000002   PAD
    0x08002c10   0x08002c10   0x00000026   Code   RO          752    .text.HAL_RCC_GetPCLK2Freq  stm32f4xx_hal_rcc.o
    0x08002c36   0x08002c36   0x00000002   PAD
    0x08002c38   0x08002c38   0x00000068   Code   RO          740    .text.HAL_RCC_GetSysClockFreq  stm32f4xx_hal_rcc.o
    0x08002ca0   0x08002ca0   0x00000348   Code   RO          736    .text.HAL_RCC_OscConfig  stm32f4xx_hal_rcc.o
    0x08002fe8   0x08002fe8   0x00000002   Code   RO          522    .text.HAL_TIMEx_BreakCallback  stm32f4xx_hal_tim_ex.o
    0x08002fea   0x08002fea   0x00000002   PAD
    0x08002fec   0x08002fec   0x00000002   Code   RO          518    .text.HAL_TIMEx_CommutCallback  stm32f4xx_hal_tim_ex.o
    0x08002fee   0x08002fee   0x00000002   PAD
    0x08002ff0   0x08002ff0   0x000000ae   Code   RO          512    .text.HAL_TIMEx_MasterConfigSynchronization  stm32f4xx_hal_tim_ex.o
    0x0800309e   0x0800309e   0x00000002   PAD
    0x080030a0   0x080030a0   0x00000040   Code   RO          217    .text.HAL_TIM_Base_Init  stm32f4xx_hal_tim.o
    0x080030e0   0x080030e0   0x00000072   Code   RO           98    .text.HAL_TIM_Base_MspInit  tim.o
    0x08003152   0x08003152   0x00000002   PAD
    0x08003154   0x08003154   0x0000009c   Code   RO          227    .text.HAL_TIM_Base_Start  stm32f4xx_hal_tim.o
    0x080031f0   0x080031f0   0x000000a4   Code   RO          231    .text.HAL_TIM_Base_Start_IT  stm32f4xx_hal_tim.o
    0x08003294   0x08003294   0x00000192   Code   RO          397    .text.HAL_TIM_ConfigClockSource  stm32f4xx_hal_tim.o
    0x08003426   0x08003426   0x00000002   PAD
    0x08003428   0x08003428   0x00000002   Code   RO          353    .text.HAL_TIM_IC_CaptureCallback  stm32f4xx_hal_tim.o
    0x0800342a   0x0800342a   0x00000002   PAD
    0x0800342c   0x0800342c   0x00000146   Code   RO          351    .text.HAL_TIM_IRQHandler  stm32f4xx_hal_tim.o
    0x08003572   0x08003572   0x00000002   PAD
    0x08003574   0x08003574   0x000000a0   Code   RO           90    .text.HAL_TIM_MspPostInit  tim.o
    0x08003614   0x08003614   0x00000002   Code   RO          355    .text.HAL_TIM_OC_DelayElapsedCallback  stm32f4xx_hal_tim.o
    0x08003616   0x08003616   0x00000002   PAD
    0x08003618   0x08003618   0x00000210   Code   RO          371    .text.HAL_TIM_PWM_ConfigChannel  stm32f4xx_hal_tim.o
    0x08003828   0x08003828   0x00000040   Code   RO          271    .text.HAL_TIM_PWM_Init  stm32f4xx_hal_tim.o
    0x08003868   0x08003868   0x00000036   Code   RO           96    .text.HAL_TIM_PWM_MspInit  tim.o
    0x0800389e   0x0800389e   0x00000002   PAD
    0x080038a0   0x080038a0   0x00000002   Code   RO          357    .text.HAL_TIM_PWM_PulseFinishedCallback  stm32f4xx_hal_tim.o
    0x080038a2   0x080038a2   0x00000002   PAD
    0x080038a4   0x080038a4   0x00000130   Code   RO          279    .text.HAL_TIM_PWM_Start  stm32f4xx_hal_tim.o
    0x080039d4   0x080039d4   0x00000016   Code   RO           17    .text.HAL_TIM_PeriodElapsedCallback  main.o
    0x080039ea   0x080039ea   0x00000002   PAD
    0x080039ec   0x080039ec   0x00000002   Code   RO          361    .text.HAL_TIM_TriggerCallback  stm32f4xx_hal_tim.o
    0x080039ee   0x080039ee   0x00000002   PAD
    0x080039f0   0x080039f0   0x000000e8   Code   RO         1248    .text.HAL_UARTEx_ReceiveToIdle_DMA  stm32f4xx_hal_uart.o
    0x08003ad8   0x08003ad8   0x00000054   Code   RO         2330    .text.HAL_UARTEx_RxEventCallback  callback.o
    0x08003b2c   0x08003b2c   0x00000002   Code   RO         1284    .text.HAL_UART_ErrorCallback  stm32f4xx_hal_uart.o
    0x08003b2e   0x08003b2e   0x00000002   PAD
    0x08003b30   0x08003b30   0x000002e6   Code   RO         1278    .text.HAL_UART_IRQHandler  stm32f4xx_hal_uart.o
    0x08003e16   0x08003e16   0x00000002   PAD
    0x08003e18   0x08003e18   0x00000056   Code   RO         1200    .text.HAL_UART_Init  stm32f4xx_hal_uart.o
    0x08003e6e   0x08003e6e   0x00000002   PAD
    0x08003e70   0x08003e70   0x00000304   Code   RO          121    .text.HAL_UART_MspInit  usart.o
    0x08004174   0x08004174   0x000000b2   Code   RO         1234    .text.HAL_UART_Receive_DMA  stm32f4xx_hal_uart.o
    0x08004226   0x08004226   0x00000002   PAD
    0x08004228   0x08004228   0x00000002   Code   RO         1292    .text.HAL_UART_RxCpltCallback  stm32f4xx_hal_uart.o
    0x0800422a   0x0800422a   0x00000002   PAD
    0x0800422c   0x0800422c   0x00000002   Code   RO         1294    .text.HAL_UART_RxHalfCpltCallback  stm32f4xx_hal_uart.o
    0x0800422e   0x0800422e   0x00000002   PAD
    0x08004230   0x08004230   0x00000078   Code   RO         1226    .text.HAL_UART_Transmit_DMA  stm32f4xx_hal_uart.o
    0x080042a8   0x080042a8   0x00000002   Code   RO         1288    .text.HAL_UART_TxCpltCallback  stm32f4xx_hal_uart.o
    0x080042aa   0x080042aa   0x00000002   PAD
    0x080042ac   0x080042ac   0x00000002   Code   RO         1290    .text.HAL_UART_TxHalfCpltCallback  stm32f4xx_hal_uart.o
    0x080042ae   0x080042ae   0x00000002   PAD
    0x080042b0   0x080042b0   0x00000002   Code   RO          144    .text.HardFault_Handler  stm32f4xx_it.o
    0x080042b2   0x080042b2   0x00000002   PAD
    0x080042b4   0x080042b4   0x000000d6   Code   RO         1968    .text.Init          init.o
    0x0800438a   0x0800438a   0x00000002   PAD
    0x0800438c   0x0800438c   0x00000044   Code   RO           60    .text.MX_CAN1_Init  can.o
    0x080043d0   0x080043d0   0x00000044   Code   RO           62    .text.MX_CAN2_Init  can.o
    0x08004414   0x08004414   0x0000009a   Code   RO           79    .text.MX_DMA_Init   dma.o
    0x080044ae   0x080044ae   0x00000002   PAD
    0x080044b0   0x080044b0   0x000000c4   Code   RO           36    .text.MX_FREERTOS_Init  freertos.o
    0x08004574   0x08004574   0x00000088   Code   RO           28    .text.MX_GPIO_Init  gpio.o
    0x080045fc   0x080045fc   0x00000092   Code   RO           88    .text.MX_TIM4_Init  tim.o
    0x0800468e   0x0800468e   0x00000002   PAD
    0x08004690   0x08004690   0x000000fe   Code   RO           92    .text.MX_TIM5_Init  tim.o
    0x0800478e   0x0800478e   0x00000002   PAD
    0x08004790   0x08004790   0x00000052   Code   RO           94    .text.MX_TIM7_Init  tim.o
    0x080047e2   0x080047e2   0x00000002   PAD
    0x080047e4   0x080047e4   0x00000038   Code   RO          115    .text.MX_USART1_UART_Init  usart.o
    0x0800481c   0x0800481c   0x00000044   Code   RO          117    .text.MX_USART3_UART_Init  usart.o
    0x08004860   0x08004860   0x00000038   Code   RO          119    .text.MX_USART6_UART_Init  usart.o
    0x08004898   0x08004898   0x0000006e   Code   RO         2526    .text.MX_USB_DEVICE_Init  usb_device.o
    0x08004906   0x08004906   0x00000002   PAD
    0x08004908   0x08004908   0x00000002   Code   RO          146    .text.MemManage_Handler  stm32f4xx_it.o
    0x0800490a   0x0800490a   0x00000002   PAD
    0x0800490c   0x0800490c   0x00000002   Code   RO          142    .text.NMI_Handler   stm32f4xx_it.o
    0x0800490e   0x0800490e   0x00000002   PAD
    0x08004910   0x08004910   0x00000010   Code   RO          178    .text.OTG_FS_IRQHandler  stm32f4xx_it.o
    0x08004920   0x08004920   0x00000064   Code   RO         1922    .text.PendSV_Handler  port.o
    0x08004984   0x08004984   0x00000116   Code   RO         2462    .text.RemoteSwitchTask  remoteswitchtask.o
    0x08004a9a   0x08004a9a   0x00000006   PAD
    0x08004aa0   0x08004aa0   0x00000024   Code   RO         1906    .text.SVC_Handler   port.o
    0x08004ac4   0x08004ac4   0x00000004   PAD
    0x08004ac8   0x08004ac8   0x00000068   Code   RO         2424    .text.ShootTask     shoottask.o
    0x08004b30   0x08004b30   0x0000000c   Code   RO           38    .text.StartDefaultTask  freertos.o
    0x08004b3c   0x08004b3c   0x0000001a   Code   RO         1711    .text.SysTick_Handler  cmsis_os2.o
    0x08004b56   0x08004b56   0x00000002   PAD
    0x08004b58   0x08004b58   0x000000aa   Code   RO           13    .text.SystemClock_Config  main.o
    0x08004c02   0x08004c02   0x00000002   PAD
    0x08004c04   0x08004c04   0x00000012   Code   RO         1322    .text.SystemInit    system_stm32f4xx.o
    0x08004c16   0x08004c16   0x00000002   PAD
    0x08004c18   0x08004c18   0x00000010   Code   RO          166    .text.TIM6_DAC_IRQHandler  stm32f4xx_it.o
    0x08004c28   0x08004c28   0x00000010   Code   RO          168    .text.TIM7_IRQHandler  stm32f4xx_it.o
    0x08004c38   0x08004c38   0x00000134   Code   RO          221    .text.TIM_Base_SetConfig  stm32f4xx_hal_tim.o
    0x08004d6c   0x08004d6c   0x00000010   Code   RO         1282    .text.UART_DMAAbortOnError  stm32f4xx_hal_uart.o
    0x08004d7c   0x08004d7c   0x0000009e   Code   RO         1232    .text.UART_DMAError  stm32f4xx_hal_uart.o
    0x08004e1a   0x08004e1a   0x00000002   PAD
    0x08004e1c   0x08004e1c   0x00000084   Code   RO         1310    .text.UART_DMAReceiveCplt  stm32f4xx_hal_uart.o
    0x08004ea0   0x08004ea0   0x0000001e   Code   RO         1312    .text.UART_DMARxHalfCplt  stm32f4xx_hal_uart.o
    0x08004ebe   0x08004ebe   0x00000002   PAD
    0x08004ec0   0x08004ec0   0x00000040   Code   RO         1228    .text.UART_DMATransmitCplt  stm32f4xx_hal_uart.o
    0x08004f00   0x08004f00   0x0000000a   Code   RO         1230    .text.UART_DMATxHalfCplt  stm32f4xx_hal_uart.o
    0x08004f0a   0x08004f0a   0x00000002   PAD
    0x08004f0c   0x08004f0c   0x000000c4   Code   RO         1280    .text.UART_Receive_IT  stm32f4xx_hal_uart.o
    0x08004fd0   0x08004fd0   0x000000de   Code   RO         1204    .text.UART_SetConfig  stm32f4xx_hal_uart.o
    0x080050ae   0x080050ae   0x00000002   PAD
    0x080050b0   0x080050b0   0x00000010   Code   RO          162    .text.USART1_IRQHandler  stm32f4xx_it.o
    0x080050c0   0x080050c0   0x00000010   Code   RO          164    .text.USART3_IRQHandler  stm32f4xx_it.o
    0x080050d0   0x080050d0   0x00000010   Code   RO          184    .text.USART6_IRQHandler  stm32f4xx_it.o
    0x080050e0   0x080050e0   0x00000074   Code   RO         2765    .text.USBD_CDC_DataIn  usbd_cdc.o
    0x08005154   0x08005154   0x0000003c   Code   RO         2767    .text.USBD_CDC_DataOut  usbd_cdc.o
    0x08005190   0x08005190   0x0000005a   Code   RO         2759    .text.USBD_CDC_DeInit  usbd_cdc.o
    0x080051ea   0x080051ea   0x00000002   PAD
    0x080051ec   0x080051ec   0x0000003a   Code   RO         2763    .text.USBD_CDC_EP0_RxReady  usbd_cdc.o
    0x08005226   0x08005226   0x00000002   PAD
    0x08005228   0x08005228   0x00000010   Code   RO         2775    .text.USBD_CDC_GetDeviceQualifierDescriptor  usbd_cdc.o
    0x08005238   0x08005238   0x00000052   Code   RO         2771    .text.USBD_CDC_GetFSCfgDesc  usbd_cdc.o
    0x0800528a   0x0800528a   0x00000002   PAD
    0x0800528c   0x0800528c   0x00000056   Code   RO         2769    .text.USBD_CDC_GetHSCfgDesc  usbd_cdc.o
    0x080052e2   0x080052e2   0x00000002   PAD
    0x080052e4   0x080052e4   0x00000052   Code   RO         2773    .text.USBD_CDC_GetOtherSpeedCfgDesc  usbd_cdc.o
    0x08005336   0x08005336   0x00000002   PAD
    0x08005338   0x08005338   0x000000d4   Code   RO         2757    .text.USBD_CDC_Init  usbd_cdc.o
    0x0800540c   0x0800540c   0x00000032   Code   RO         2785    .text.USBD_CDC_ReceivePacket  usbd_cdc.o
    0x0800543e   0x0800543e   0x00000002   PAD
    0x08005440   0x08005440   0x00000018   Code   RO         2777    .text.USBD_CDC_RegisterInterface  usbd_cdc.o
    0x08005458   0x08005458   0x0000001a   Code   RO         2781    .text.USBD_CDC_SetRxBuffer  usbd_cdc.o
    0x08005472   0x08005472   0x00000002   PAD
    0x08005474   0x08005474   0x0000001e   Code   RO         2779    .text.USBD_CDC_SetTxBuffer  usbd_cdc.o
    0x08005492   0x08005492   0x00000002   PAD
    0x08005494   0x08005494   0x0000011a   Code   RO         2761    .text.USBD_CDC_Setup  usbd_cdc.o
    0x080055ae   0x080055ae   0x00000002   PAD
    0x080055b0   0x080055b0   0x0000003e   Code   RO         2783    .text.USBD_CDC_TransmitPacket  usbd_cdc.o
    0x080055ee   0x080055ee   0x00000002   PAD
    0x080055f0   0x080055f0   0x00000012   Code   RO         2672    .text.USBD_ClrClassConfig  usbd_core.o
    0x08005602   0x08005602   0x00000002   PAD
    0x08005604   0x08005604   0x00000004   Code   RO         2680    .text.USBD_CoreFindEP  usbd_core.o
    0x08005608   0x08005608   0x00000004   Code   RO         2678    .text.USBD_CoreFindIF  usbd_core.o
    0x0800560c   0x0800560c   0x00000010   Code   RO         2741    .text.USBD_CtlContinueRx  usbd_ioreq.o
    0x0800561c   0x0800561c   0x00000010   Code   RO         2737    .text.USBD_CtlContinueSendData  usbd_ioreq.o
    0x0800562c   0x0800562c   0x00000014   Code   RO         2716    .text.USBD_CtlError  usbd_ctlreq.o
    0x08005640   0x08005640   0x0000001a   Code   RO         2739    .text.USBD_CtlPrepareRx  usbd_ioreq.o
    0x0800565a   0x0800565a   0x00000002   PAD
    0x0800565c   0x0800565c   0x00000016   Code   RO         2745    .text.USBD_CtlReceiveStatus  usbd_ioreq.o
    0x08005672   0x08005672   0x00000002   PAD
    0x08005674   0x08005674   0x0000001a   Code   RO         2735    .text.USBD_CtlSendData  usbd_ioreq.o
    0x0800568e   0x0800568e   0x00000002   PAD
    0x08005690   0x08005690   0x00000016   Code   RO         2743    .text.USBD_CtlSendStatus  usbd_ioreq.o
    0x080056a6   0x080056a6   0x00000002   PAD
    0x080056a8   0x080056a8   0x00000024   Code   RO         2545    .text.USBD_FS_ConfigStrDescriptor  usbd_desc.o
    0x080056cc   0x080056cc   0x0000000e   Code   RO         2535    .text.USBD_FS_DeviceDescriptor  usbd_desc.o
    0x080056da   0x080056da   0x00000002   PAD
    0x080056dc   0x080056dc   0x00000028   Code   RO         2547    .text.USBD_FS_InterfaceStrDescriptor  usbd_desc.o
    0x08005704   0x08005704   0x0000000e   Code   RO         2537    .text.USBD_FS_LangIDStrDescriptor  usbd_desc.o
    0x08005712   0x08005712   0x00000002   PAD
    0x08005714   0x08005714   0x0000002c   Code   RO         2539    .text.USBD_FS_ManufacturerStrDescriptor  usbd_desc.o
    0x08005740   0x08005740   0x00000030   Code   RO         2541    .text.USBD_FS_ProductStrDescriptor  usbd_desc.o
    0x08005770   0x08005770   0x00000084   Code   RO         2543    .text.USBD_FS_SerialStrDescriptor  usbd_desc.o
    0x080057f4   0x080057f4   0x00000030   Code   RO         2702    .text.USBD_GetEpDesc  usbd_core.o
    0x08005824   0x08005824   0x00000086   Code   RO         2724    .text.USBD_GetString  usbd_ctlreq.o
    0x080058aa   0x080058aa   0x00000002   PAD
    0x080058ac   0x080058ac   0x0000002e   Code   RO         2658    .text.USBD_Init     usbd_core.o
    0x080058da   0x080058da   0x00000002   PAD
    0x080058dc   0x080058dc   0x0000001e   Code   RO         2629    .text.USBD_LL_ClearStallEP  usbd_conf.o
    0x080058fa   0x080058fa   0x00000002   PAD
    0x080058fc   0x080058fc   0x0000001e   Code   RO         2623    .text.USBD_LL_CloseEP  usbd_conf.o
    0x0800591a   0x0800591a   0x00000002   PAD
    0x0800591c   0x0800591c   0x000000b4   Code   RO         2682    .text.USBD_LL_DataInStage  usbd_core.o
    0x080059d0   0x080059d0   0x00000078   Code   RO         2676    .text.USBD_LL_DataOutStage  usbd_core.o
    0x08005a48   0x08005a48   0x00000004   Code   RO         2698    .text.USBD_LL_DevConnected  usbd_core.o
    0x08005a4c   0x08005a4c   0x00000020   Code   RO         2700    .text.USBD_LL_DevDisconnected  usbd_core.o
    0x08005a6c   0x08005a6c   0x0000000c   Code   RO         2639    .text.USBD_LL_GetRxDataSize  usbd_conf.o
    0x08005a78   0x08005a78   0x0000006a   Code   RO         2611    .text.USBD_LL_Init  usbd_conf.o
    0x08005ae2   0x08005ae2   0x00000002   PAD
    0x08005ae4   0x08005ae4   0x00000020   Code   RO         2631    .text.USBD_LL_IsStallEP  usbd_conf.o
    0x08005b04   0x08005b04   0x00000026   Code   RO         2694    .text.USBD_LL_IsoINIncomplete  usbd_core.o
    0x08005b2a   0x08005b2a   0x00000002   PAD
    0x08005b2c   0x08005b2c   0x00000026   Code   RO         2696    .text.USBD_LL_IsoOUTIncomplete  usbd_core.o
    0x08005b52   0x08005b52   0x00000002   PAD
    0x08005b54   0x08005b54   0x00000024   Code   RO         2621    .text.USBD_LL_OpenEP  usbd_conf.o
    0x08005b78   0x08005b78   0x0000001e   Code   RO         2637    .text.USBD_LL_PrepareReceive  usbd_conf.o
    0x08005b96   0x08005b96   0x00000002   PAD
    0x08005b98   0x08005b98   0x00000064   Code   RO         2684    .text.USBD_LL_Reset  usbd_core.o
    0x08005bfc   0x08005bfc   0x00000014   Code   RO         2690    .text.USBD_LL_Resume  usbd_core.o
    0x08005c10   0x08005c10   0x0000001c   Code   RO         2692    .text.USBD_LL_SOF   usbd_core.o
    0x08005c2c   0x08005c2c   0x00000008   Code   RO         2686    .text.USBD_LL_SetSpeed  usbd_core.o
    0x08005c34   0x08005c34   0x0000001e   Code   RO         2633    .text.USBD_LL_SetUSBAddress  usbd_conf.o
    0x08005c52   0x08005c52   0x00000002   PAD
    0x08005c54   0x08005c54   0x00000058   Code   RO         2674    .text.USBD_LL_SetupStage  usbd_core.o
    0x08005cac   0x08005cac   0x0000001e   Code   RO         2627    .text.USBD_LL_StallEP  usbd_conf.o
    0x08005cca   0x08005cca   0x00000002   PAD
    0x08005ccc   0x08005ccc   0x0000001e   Code   RO         2617    .text.USBD_LL_Start  usbd_conf.o
    0x08005cea   0x08005cea   0x00000002   PAD
    0x08005cec   0x08005cec   0x0000001c   Code   RO         2688    .text.USBD_LL_Suspend  usbd_core.o
    0x08005d08   0x08005d08   0x0000001e   Code   RO         2635    .text.USBD_LL_Transmit  usbd_conf.o
    0x08005d26   0x08005d26   0x00000002   PAD
    0x08005d28   0x08005d28   0x00000016   Code   RO         2722    .text.USBD_ParseSetupRequest  usbd_ctlreq.o
    0x08005d3e   0x08005d3e   0x00000002   PAD
    0x08005d40   0x08005d40   0x00000042   Code   RO         2662    .text.USBD_RegisterClass  usbd_core.o
    0x08005d82   0x08005d82   0x00000002   PAD
    0x08005d84   0x08005d84   0x00000012   Code   RO         2670    .text.USBD_SetClassConfig  usbd_core.o
    0x08005d96   0x08005d96   0x00000002   PAD
    0x08005d98   0x08005d98   0x00000008   Code   RO         2664    .text.USBD_Start    usbd_core.o
    0x08005da0   0x08005da0   0x00000432   Code   RO         2714    .text.USBD_StdDevReq  usbd_ctlreq.o
    0x080061d2   0x080061d2   0x00000002   PAD
    0x080061d4   0x080061d4   0x0000018a   Code   RO         2720    .text.USBD_StdEPReq  usbd_ctlreq.o
    0x0800635e   0x0800635e   0x00000002   PAD
    0x08006360   0x08006360   0x00000090   Code   RO         2718    .text.USBD_StdItfReq  usbd_ctlreq.o
    0x080063f0   0x080063f0   0x00000002   Code   RO         2643    .text.USBD_static_free  usbd_conf.o
    0x080063f2   0x080063f2   0x00000002   PAD
    0x080063f4   0x080063f4   0x0000000a   Code   RO         2641    .text.USBD_static_malloc  usbd_conf.o
    0x080063fe   0x080063fe   0x00000002   PAD
    0x08006400   0x08006400   0x0000008a   Code   RO          652    .text.USB_ActivateEndpoint  stm32f4xx_ll_usb.o
    0x0800648a   0x0800648a   0x00000002   PAD
    0x0800648c   0x0800648c   0x00000020   Code   RO          694    .text.USB_ActivateSetup  stm32f4xx_ll_usb.o
    0x080064ac   0x080064ac   0x00000106   Code   RO          630    .text.USB_CoreInit  stm32f4xx_ll_usb.o
    0x080065b2   0x080065b2   0x00000002   PAD
    0x080065b4   0x080065b4   0x00000084   Code   RO          656    .text.USB_DeactivateEndpoint  stm32f4xx_ll_usb.o
    0x08006638   0x08006638   0x0000001e   Code   RO          676    .text.USB_DevConnect  stm32f4xx_ll_usb.o
    0x08006656   0x08006656   0x00000002   PAD
    0x08006658   0x08006658   0x0000001e   Code   RO          678    .text.USB_DevDisconnect  stm32f4xx_ll_usb.o
    0x08006676   0x08006676   0x00000002   PAD
    0x08006678   0x08006678   0x00000208   Code   RO          642    .text.USB_DevInit   stm32f4xx_ll_usb.o
    0x08006880   0x08006880   0x0000000e   Code   RO          636    .text.USB_DisableGlobalInt  stm32f4xx_ll_usb.o
    0x0800688e   0x0800688e   0x00000002   PAD
    0x08006890   0x08006890   0x0000005a   Code   RO          696    .text.USB_EP0_OutStart  stm32f4xx_ll_usb.o
    0x080068ea   0x080068ea   0x00000002   PAD
    0x080068ec   0x080068ec   0x0000004e   Code   RO          670    .text.USB_EPClearStall  stm32f4xx_ll_usb.o
    0x0800693a   0x0800693a   0x00000002   PAD
    0x0800693c   0x0800693c   0x0000003c   Code   RO          668    .text.USB_EPSetStall  stm32f4xx_ll_usb.o
    0x08006978   0x08006978   0x000001fc   Code   RO          660    .text.USB_EPStartXfer  stm32f4xx_ll_usb.o
    0x08006b74   0x08006b74   0x00000086   Code   RO          664    .text.USB_EPStopXfer  stm32f4xx_ll_usb.o
    0x08006bfa   0x08006bfa   0x00000002   PAD
    0x08006bfc   0x08006bfc   0x0000000e   Code   RO          634    .text.USB_EnableGlobalInt  stm32f4xx_ll_usb.o
    0x08006c0a   0x08006c0a   0x00000002   PAD
    0x08006c0c   0x08006c0c   0x00000048   Code   RO          646    .text.USB_FlushTxFifo  stm32f4xx_ll_usb.o
    0x08006c54   0x08006c54   0x0000001a   Code   RO          650    .text.USB_GetDevSpeed  stm32f4xx_ll_usb.o
    0x08006c6e   0x08006c6e   0x00000002   PAD
    0x08006c70   0x08006c70   0x00000008   Code   RO          640    .text.USB_GetMode   stm32f4xx_ll_usb.o
    0x08006c78   0x08006c78   0x0000000e   Code   RO          686    .text.USB_ReadDevAllInEpInterrupt  stm32f4xx_ll_usb.o
    0x08006c86   0x08006c86   0x00000002   PAD
    0x08006c88   0x08006c88   0x0000000e   Code   RO          684    .text.USB_ReadDevAllOutEpInterrupt  stm32f4xx_ll_usb.o
    0x08006c96   0x08006c96   0x00000002   PAD
    0x08006c98   0x08006c98   0x00000024   Code   RO          690    .text.USB_ReadDevInEPInterrupt  stm32f4xx_ll_usb.o
    0x08006cbc   0x08006cbc   0x00000010   Code   RO          688    .text.USB_ReadDevOutEPInterrupt  stm32f4xx_ll_usb.o
    0x08006ccc   0x08006ccc   0x00000008   Code   RO          680    .text.USB_ReadInterrupts  stm32f4xx_ll_usb.o
    0x08006cd4   0x08006cd4   0x0000004a   Code   RO          666    .text.USB_ReadPacket  stm32f4xx_ll_usb.o
    0x08006d1e   0x08006d1e   0x00000002   PAD
    0x08006d20   0x08006d20   0x00000064   Code   RO          638    .text.USB_SetCurrentMode  stm32f4xx_ll_usb.o
    0x08006d84   0x08006d84   0x00000022   Code   RO          674    .text.USB_SetDevAddress  stm32f4xx_ll_usb.o
    0x08006da6   0x08006da6   0x00000002   PAD
    0x08006da8   0x08006da8   0x00000116   Code   RO          632    .text.USB_SetTurnaroundTime  stm32f4xx_ll_usb.o
    0x08006ebe   0x08006ebe   0x00000002   PAD
    0x08006ec0   0x08006ec0   0x0000003a   Code   RO          662    .text.USB_WritePacket  stm32f4xx_ll_usb.o
    0x08006efa   0x08006efa   0x00000002   PAD
    0x08006efc   0x08006efc   0x00000002   Code   RO          150    .text.UsageFault_Handler  stm32f4xx_it.o
    0x08006efe   0x08006efe   0x00000002   PAD
    0x08006f00   0x08006f00   0x000000dc   Code   RO         2391    .text._GLOBAL__sub_I_EvenTask.cpp  eventask.o
    0x08006fdc   0x08006fdc   0x000000de   Code   RO         2468    .text._Z13GimbalUpStatev  remoteswitchtask.o
    0x080070ba   0x080070ba   0x00000002   PAD
    0x080070bc   0x080070bc   0x00000198   Code   RO         2466    .text._Z14BoosterUpStatev  remoteswitchtask.o
    0x08007254   0x08007254   0x00000550   Code   RO         2464    .text._Z14keyBoradUpdatav  remoteswitchtask.o
    0x080077a4   0x080077a4   0x0000022c   Code   RO         2164    .text._ZN10Communicat17Gimbal_to_Chassis9Data_sendEv  communicationtask.o
    0x080079d0   0x080079d0   0x00000110   Code   RO         2162    .text._ZN10Communicat6Vision11dataReceiveEv  communicationtask.o
    0x08007ae0   0x08007ae0   0x00000062   Code   RO         2168    .text._ZN10Communicat6Vision9time_demoEv  communicationtask.o
    0x08007b42   0x08007b42   0x00000002   PAD
    0x08007b44   0x08007b44   0x0000004a   Code   RO         2496    .text._ZN2TD4CalcEf  pid.o
    0x08007b8e   0x08007b8e   0x00000002   PAD
    0x08007b90   0x08007b90   0x0000024c   Code   RO         2122    .text._ZN3APP13Heat_Detector20Class_FSM_Heat_Limit6UpDataEv  heat_detector.o
    0x08007ddc   0x08007ddc   0x00000016   Code   RO         2138    .text._ZN3APP3Key8KeyBroad11getKeyClickENS1_7KeyTypeE  keybroad.o
    0x08007df2   0x08007df2   0x00000002   PAD
    0x08007df4   0x08007df4   0x00000016   Code   RO         2142    .text._ZN3APP3Key8KeyBroad12getKeyToggleENS1_7KeyTypeE  keybroad.o
    0x08007e0a   0x08007e0a   0x00000002   PAD
    0x08007e0c   0x08007e0c   0x00000016   Code   RO         2146    .text._ZN3APP3Key8KeyBroad14getFallingEdgeENS1_7KeyTypeE  keybroad.o
    0x08007e22   0x08007e22   0x00000002   PAD
    0x08007e24   0x08007e24   0x00000126   Code   RO         2134    .text._ZN3APP3Key8KeyBroad6UpdateERKN3BSP6Remote8KeyboardE  keybroad.o
    0x08007f4a   0x08007f4a   0x00000002   PAD
    0x08007f4c   0x08007f4c   0x00000014   Code   RO         2148    .text._ZN3APP3Key8KeyBroad8getPressENS1_7KeyTypeE  keybroad.o
    0x08007f60   0x08007f60   0x0000011e   Code   RO         2516    .text._ZN3Alg5LADRC4Adrc6UpDataEf  adrc.o
    0x0800807e   0x0800807e   0x00000002   PAD
    0x08008080   0x08008080   0x00000014   Code   RO         1941    .text._ZN3BSP3IMU4HI124InitEv  hi12h3_imu.o
    0x08008094   0x08008094   0x00000054   Code   RO         1953    .text._ZN3BSP3IMU4HI125ISDirEv  hi12h3_imu.o
    0x080080e8   0x080080e8   0x00000026   Code   RO         1949    .text._ZN3BSP3IMU4HI125ParseEP20__UART_HandleTypeDefi  hi12h3_imu.o
    0x0800810e   0x0800810e   0x00000002   PAD
    0x08008110   0x08008110   0x00000108   Code   RO         1947    .text._ZN3BSP3IMU4HI128AddCacluERNS1_7AddDataEf  hi12h3_imu.o
    0x08008218   0x08008218   0x0000010a   Code   RO         1943    .text._ZN3BSP3IMU4HI129ParseDataEv  hi12h3_imu.o
    0x08008322   0x08008322   0x00000002   PAD
    0x08008324   0x08008324   0x000001b0   Code   RO         2370    .text._ZN3BSP5Motor2DM11DMMotorBaseILh1EE10ctrl_MotorEP17CAN_HandleTypeDefhfffff  gimbaltask.o
    0x080084d4   0x080084d4   0x0000008e   Code   RO         2301    .text._ZN3BSP5Motor2DM11DMMotorBaseILh1EE5ParseE19CAN_RxHeaderTypeDefPKh  communicationtask.o
    0x08008562   0x08008562   0x00000006   PAD
    0x08008568   0x08008568   0x00000208   Code   RO         2303    .text._ZN3BSP5Motor2DM11DMMotorBaseILh1EE9ConfigureEj  communicationtask.o
    0x08008770   0x08008770   0x00000050   Code   RO         2305    .text._ZN3BSP5Motor3Dji12DjiMotorBaseILh1EE5ParseE19CAN_RxHeaderTypeDefPKh  communicationtask.o
    0x080087c0   0x080087c0   0x00000200   Code   RO         2307    .text._ZN3BSP5Motor3Dji12DjiMotorBaseILh1EE9ConfigureEj  communicationtask.o
    0x080089c0   0x080089c0   0x00000072   Code   RO         2309    .text._ZN3BSP5Motor3Dji12DjiMotorBaseILh2EE5ParseE19CAN_RxHeaderTypeDefPKh  communicationtask.o
    0x08008a32   0x08008a32   0x00000006   PAD
    0x08008a38   0x08008a38   0x00000200   Code   RO         2311    .text._ZN3BSP5Motor3Dji12DjiMotorBaseILh2EE9ConfigureEj  communicationtask.o
    0x08008c38   0x08008c38   0x00000138   Code   RO         2010    .text._ZN3BSP6Remote4Dr1612UpdateStatusEv  dbus.o
    0x08008d70   0x08008d70   0x00000014   Code   RO         2006    .text._ZN3BSP6Remote4Dr164InitEv  dbus.o
    0x08008d84   0x08008d84   0x00000004   PAD
    0x08008d88   0x08008d88   0x00000170   Code   RO         2016    .text._ZN3BSP6Remote4Dr165ISDirEv  dbus.o
    0x08008ef8   0x08008ef8   0x00000058   Code   RO         2012    .text._ZN3BSP6Remote4Dr165ParseEP20__UART_HandleTypeDefi  dbus.o
    0x08008f50   0x08008f50   0x00000062   Code   RO         2825    .text._ZN3BSP7DWTimer9GetDeltaTEPj  dwt.o
    0x08008fb2   0x08008fb2   0x00000002   PAD
    0x08008fb4   0x08008fb4   0x00000062   Code   RO         2821    .text._ZN3BSP7DWTimerC2Ej  dwt.o
    0x08009016   0x08009016   0x00000002   PAD
    0x08009018   0x08009018   0x00000022   Code   RO         2410    .text._ZN3Dir6AttachEP9IObserver  eventask.o
    0x0800903a   0x0800903a   0x00000002   PAD
    0x0800903c   0x0800903c   0x00000012   Code   RO         2412    .text._ZN3Dir6DetachEP9IObserver  eventask.o
    0x0800904e   0x0800904e   0x00000002   PAD
    0x08009050   0x08009050   0x0000001c   Code   RO         2414    .text._ZN3Dir6NotifyEv  eventask.o
    0x0800906c   0x0800906c   0x00000086   Code   RO         2385    .text._ZN3Dir9Dir_PitchEv  eventask.o
    0x080090f2   0x080090f2   0x00000002   PAD
    0x080090f4   0x080090f4   0x00000174   Code   RO         2067    .text._ZN3LED12Normal_StateEv  led.o
    0x08009268   0x08009268   0x00000044   Code   RO         2063    .text._ZN3LED6UpdateEv  led.o
    0x080092ac   0x080092ac   0x0000000a   Code   RO         2079    .text._ZN3LEDD0Ev   led.o
    0x080092b6   0x080092b6   0x00000002   PAD
    0x080092b8   0x080092b8   0x00000210   Code   RO         2498    .text._ZN3PID9GetPidPosE6Kpid_tdd  pid.o
    0x080094c8   0x080094c8   0x00000002   Code   RO         2215    .text._ZN4Mode17IRemoteControllerD2Ev  communicationtask.o
    0x080094ca   0x080094ca   0x00000002   PAD
    0x080094cc   0x080094cc   0x000000be   Code   RO         2211    .text._ZN4Mode17RemoteModeManager8InstanceEv  communicationtask.o
    0x0800958a   0x0800958a   0x00000002   PAD
    0x0800958c   0x0800958c   0x0000001c   Code   RO         2213    .text._ZN4Mode17RemoteModeManagerD2Ev  communicationtask.o
    0x080095a8   0x080095a8   0x00000002   Code   RO         2257    .text._ZN4Mode20DR16RemoteController6updateEv  communicationtask.o
    0x080095aa   0x080095aa   0x00000002   PAD
    0x080095ac   0x080095ac   0x0000000a   Code   RO         2217    .text._ZN4Mode20DR16RemoteControllerD0Ev  communicationtask.o
    0x080095b6   0x080095b6   0x00000002   PAD
    0x080095b8   0x080095b8   0x000001b2   Code   RO         2299    .text._ZN4Mode20MiniRemoteController6updateEv  communicationtask.o
    0x0800976a   0x0800976a   0x00000002   PAD
    0x0800976c   0x0800976c   0x0000000a   Code   RO         2259    .text._ZN4Mode20MiniRemoteControllerD0Ev  communicationtask.o
    0x08009776   0x08009776   0x00000002   PAD
    0x08009778   0x08009778   0x000001a8   Code   RO         2426    .text._ZN4TASK5Shoot14Class_ShootFSM7ControlEv  shoottask.o
    0x08009920   0x08009920   0x00000270   Code   RO         2432    .text._ZN4TASK5Shoot14Class_ShootFSM7UpStateEv  shoottask.o
    0x08009b90   0x08009b90   0x000000c8   Code   RO         2438    .text._ZN4TASK5Shoot14Class_ShootFSM8CAN_SendEv  shoottask.o
    0x08009c58   0x08009c58   0x0000015e   Code   RO         2428    .text._ZN4TASK5Shoot14Class_ShootFSMC2Ev  shoottask.o
    0x08009db6   0x08009db6   0x00000002   PAD
    0x08009db8   0x08009db8   0x000000e0   Code   RO         2430    .text._ZN4TASK5Shoot16Class_JammingFSM7UpStateEv  shoottask.o
    0x08009e98   0x08009e98   0x00000110   Code   RO         2352    .text._ZN4TASK6GIMBAL6Gimbal10yawControlEv  gimbaltask.o
    0x08009fa8   0x08009fa8   0x00000364   Code   RO         2350    .text._ZN4TASK6GIMBAL6Gimbal7UpStateEv  gimbaltask.o
    0x0800a30c   0x0800a30c   0x000000c2   Code   RO         2356    .text._ZN4TASK6GIMBAL6Gimbal7sendCanEv  gimbaltask.o
    0x0800a3ce   0x0800a3ce   0x00000002   PAD
    0x0800a3d0   0x0800a3d0   0x0000008e   Code   RO         2348    .text._ZN4TASK6GIMBAL6GimbalC2Ev  gimbaltask.o
    0x0800a45e   0x0800a45e   0x00000002   PAD
    0x0800a460   0x0800a460   0x000000ac   Code   RO         2030    .text._ZN6Buzzer6UpdateEv  buzzer.o
    0x0800a50c   0x0800a50c   0x0000000a   Code   RO         2060    .text._ZN6BuzzerD0Ev  buzzer.o
    0x0800a516   0x0800a516   0x00000002   PAD
    0x0800a518   0x0800a518   0x00000078   Code   RO         2084    .text._ZN7Tools_t24Zero_crossing_processingEfff  tools.o
    0x0800a590   0x0800a590   0x0000001e   Code   RO         2092    .text._ZN7Tools_t5clampEfff  tools.o
    0x0800a5ae   0x0800a5ae   0x00000002   PAD
    0x0800a5b0   0x0800a5b0   0x00000042   Code   RO         2404    .text._ZN8ISubjectD2Ev  eventask.o
    0x0800a5f2   0x0800a5f2   0x00000002   PAD
    0x0800a5f4   0x0800a5f4   0x00000002   Code   RO         2418    .text._ZN9IObserverD0Ev  eventask.o
    0x0800a5f6   0x0800a5f6   0x00000002   PAD
    0x0800a5f8   0x0800a5f8   0x00000002   Code   RO         2058    .text._ZN9IObserverD2Ev  buzzer.o
    0x0800a5fa   0x0800a5fa   0x00000002   PAD
    0x0800a5fc   0x0800a5fc   0x0000002a   Code   RO         2229    .text._ZNK4Mode20DR16RemoteController10isStopModeEv  communicationtask.o
    0x0800a626   0x0800a626   0x00000002   PAD
    0x0800a628   0x0800a628   0x0000000e   Code   RO         2249    .text._ZNK4Mode20DR16RemoteController11getKeybroadEv  communicationtask.o
    0x0800a636   0x0800a636   0x00000002   PAD
    0x0800a638   0x0800a638   0x0000000c   Code   RO         2219    .text._ZNK4Mode20DR16RemoteController11isConnectedEv  communicationtask.o
    0x0800a644   0x0800a644   0x0000001c   Code   RO         2245    .text._ZNK4Mode20DR16RemoteController12getMouseVelXEv  communicationtask.o
    0x0800a660   0x0800a660   0x0000001c   Code   RO         2247    .text._ZNK4Mode20DR16RemoteController12getMouseVelYEv  communicationtask.o
    0x0800a67c   0x0800a67c   0x00000020   Code   RO         2233    .text._ZNK4Mode20DR16RemoteController12isFollowModeEv  communicationtask.o
    0x0800a69c   0x0800a69c   0x00000014   Code   RO         2223    .text._ZNK4Mode20DR16RemoteController12isLaunchModeEv  communicationtask.o
    0x0800a6b0   0x0800a6b0   0x00000022   Code   RO         2221    .text._ZNK4Mode20DR16RemoteController12isVisionModeEv  communicationtask.o
    0x0800a6d2   0x0800a6d2   0x00000002   PAD
    0x0800a6d4   0x0800a6d4   0x0000001e   Code   RO         2225    .text._ZNK4Mode20DR16RemoteController14isKeyboardModeEv  communicationtask.o
    0x0800a6f2   0x0800a6f2   0x00000002   PAD
    0x0800a6f4   0x0800a6f4   0x00000020   Code   RO         2235    .text._ZNK4Mode20DR16RemoteController14isRotatingModeEv  communicationtask.o
    0x0800a714   0x0800a714   0x00000012   Code   RO         2251    .text._ZNK4Mode20DR16RemoteController15getMouseKeyLeftEv  communicationtask.o
    0x0800a726   0x0800a726   0x00000002   PAD
    0x0800a728   0x0800a728   0x00000014   Code   RO         2231    .text._ZNK4Mode20DR16RemoteController15isUniversalModeEv  communicationtask.o
    0x0800a73c   0x0800a73c   0x00000012   Code   RO         2253    .text._ZNK4Mode20DR16RemoteController16getMouseKeyRightEv  communicationtask.o
    0x0800a74e   0x0800a74e   0x00000002   PAD
    0x0800a750   0x0800a750   0x0000001a   Code   RO         2227    .text._ZNK4Mode20DR16RemoteController16isVisionFireModeEv  communicationtask.o
    0x0800a76a   0x0800a76a   0x00000002   PAD
    0x0800a76c   0x0800a76c   0x0000001c   Code   RO         2255    .text._ZNK4Mode20DR16RemoteController5getSwEv  communicationtask.o
    0x0800a788   0x0800a788   0x0000001c   Code   RO         2237    .text._ZNK4Mode20DR16RemoteController8getLeftXEv  communicationtask.o
    0x0800a7a4   0x0800a7a4   0x0000001c   Code   RO         2239    .text._ZNK4Mode20DR16RemoteController8getLeftYEv  communicationtask.o
    0x0800a7c0   0x0800a7c0   0x0000001c   Code   RO         2241    .text._ZNK4Mode20DR16RemoteController9getRightXEv  communicationtask.o
    0x0800a7dc   0x0800a7dc   0x0000001c   Code   RO         2243    .text._ZNK4Mode20DR16RemoteController9getRightYEv  communicationtask.o
    0x0800a7f8   0x0800a7f8   0x0000002a   Code   RO         2271    .text._ZNK4Mode20MiniRemoteController10isStopModeEv  communicationtask.o
    0x0800a822   0x0800a822   0x00000002   PAD
    0x0800a824   0x0800a824   0x00000032   Code   RO         2291    .text._ZNK4Mode20MiniRemoteController11getKeybroadEv  communicationtask.o
    0x0800a856   0x0800a856   0x00000002   PAD
    0x0800a858   0x0800a858   0x00000038   Code   RO         2261    .text._ZNK4Mode20MiniRemoteController11isConnectedEv  communicationtask.o
    0x0800a890   0x0800a890   0x0000003e   Code   RO         2287    .text._ZNK4Mode20MiniRemoteController12getMouseVelXEv  communicationtask.o
    0x0800a8ce   0x0800a8ce   0x00000002   PAD
    0x0800a8d0   0x0800a8d0   0x0000003e   Code   RO         2289    .text._ZNK4Mode20MiniRemoteController12getMouseVelYEv  communicationtask.o
    0x0800a90e   0x0800a90e   0x00000002   PAD
    0x0800a910   0x0800a910   0x0000003a   Code   RO         2275    .text._ZNK4Mode20MiniRemoteController12isFollowModeEv  communicationtask.o
    0x0800a94a   0x0800a94a   0x00000002   PAD
    0x0800a94c   0x0800a94c   0x00000004   Code   RO         2265    .text._ZNK4Mode20MiniRemoteController12isLaunchModeEv  communicationtask.o
    0x0800a950   0x0800a950   0x00000040   Code   RO         2263    .text._ZNK4Mode20MiniRemoteController12isVisionModeEv  communicationtask.o
    0x0800a990   0x0800a990   0x0000003a   Code   RO         2267    .text._ZNK4Mode20MiniRemoteController14isKeyboardModeEv  communicationtask.o
    0x0800a9ca   0x0800a9ca   0x00000002   PAD
    0x0800a9cc   0x0800a9cc   0x0000003a   Code   RO         2277    .text._ZNK4Mode20MiniRemoteController14isRotatingModeEv  communicationtask.o
    0x0800aa06   0x0800aa06   0x00000002   PAD
    0x0800aa08   0x0800aa08   0x00000036   Code   RO         2293    .text._ZNK4Mode20MiniRemoteController15getMouseKeyLeftEv  communicationtask.o
    0x0800aa3e   0x0800aa3e   0x00000002   PAD
    0x0800aa40   0x0800aa40   0x00000038   Code   RO         2273    .text._ZNK4Mode20MiniRemoteController15isUniversalModeEv  communicationtask.o
    0x0800aa78   0x0800aa78   0x00000036   Code   RO         2295    .text._ZNK4Mode20MiniRemoteController16getMouseKeyRightEv  communicationtask.o
    0x0800aaae   0x0800aaae   0x00000002   PAD
    0x0800aab0   0x0800aab0   0x0000003e   Code   RO         2269    .text._ZNK4Mode20MiniRemoteController16isVisionFireModeEv  communicationtask.o
    0x0800aaee   0x0800aaee   0x00000002   PAD
    0x0800aaf0   0x0800aaf0   0x0000003e   Code   RO         2297    .text._ZNK4Mode20MiniRemoteController5getSwEv  communicationtask.o
    0x0800ab2e   0x0800ab2e   0x00000002   PAD
    0x0800ab30   0x0800ab30   0x0000003e   Code   RO         2279    .text._ZNK4Mode20MiniRemoteController8getLeftXEv  communicationtask.o
    0x0800ab6e   0x0800ab6e   0x00000002   PAD
    0x0800ab70   0x0800ab70   0x0000003e   Code   RO         2281    .text._ZNK4Mode20MiniRemoteController8getLeftYEv  communicationtask.o
    0x0800abae   0x0800abae   0x00000002   PAD
    0x0800abb0   0x0800abb0   0x0000003e   Code   RO         2283    .text._ZNK4Mode20MiniRemoteController9getRightXEv  communicationtask.o
    0x0800abee   0x0800abee   0x00000002   PAD
    0x0800abf0   0x0800abf0   0x0000003e   Code   RO         2285    .text._ZNK4Mode20MiniRemoteController9getRightYEv  communicationtask.o
    0x0800ac2e   0x0800ac2e   0x00000002   PAD
    0x0800ac30   0x0800ac30   0x00000016   Code   RO         2406    .text._ZNSt3__210unique_ptrI3LEDNS_14default_deleteIS1_EEED2Ev  eventask.o
    0x0800ac46   0x0800ac46   0x00000002   PAD
    0x0800ac48   0x0800ac48   0x00000016   Code   RO         2408    .text._ZNSt3__210unique_ptrI6BuzzerNS_14default_deleteIS1_EEED2Ev  eventask.o
    0x0800ac5e   0x0800ac5e   0x00000002   PAD
    0x0800ac60   0x0800ac60   0x000000c8   Code   RO         2416    .text._ZNSt3__24listIP9IObserverNS_9allocatorIS2_EEE6removeERKS2_  eventask.o
    0x0800ad28   0x0800ad28   0x0000000c   Code   RO         3141    .text._ZSt15get_new_handlerv  libcppabi_wnu.l(cxa_handlers.cpp.o)
    0x0800ad34   0x0800ad34   0x00000004   Code   RO         2919    .text._ZdlPv        libcpp_wnu.l(new.cpp.o)
    0x0800ad38   0x0800ad38   0x00000004   Code   RO         2923    .text._ZdlPvj       libcpp_wnu.l(new.cpp.o)
    0x0800ad3c   0x0800ad3c   0x00000026   Code   RO         2911    .text._Znwj         libcpp_wnu.l(new.cpp.o)
    0x0800ad62   0x0800ad62   0x00000002   PAD
    0x0800ad64   0x0800ad64   0x00000028   Code   RO         2962    .text.__cxa_pure_virtual  libcppabi_wnu.l(cxa_virtual.cpp.o)
    0x0800ad8c   0x0800ad8c   0x00000042   Code   RO         1962    .text.__cxx_global_var_init  hi12h3_imu.o
    0x0800adce   0x0800adce   0x00000002   PAD
    0x0800add0   0x0800add0   0x00000048   Code   RO         1978    .text.__cxx_global_var_init  init.o
    0x0800ae18   0x0800ae18   0x00000040   Code   RO         2480    .text.__cxx_global_var_init.1  remoteswitchtask.o
    0x0800ae58   0x0800ae58   0x000000a6   Code   RO         2191    .text.__cxx_global_var_init.2  communicationtask.o
    0x0800aefe   0x0800aefe   0x00000002   PAD
    0x0800af00   0x0800af00   0x00000040   Code   RO         2485    .text.__cxx_global_var_init.2  remoteswitchtask.o
    0x0800af40   0x0800af40   0x000000e6   Code   RO         2196    .text.__cxx_global_var_init.3  communicationtask.o
    0x0800b026   0x0800b026   0x00000002   PAD
    0x0800b028   0x0800b028   0x000000d2   Code   RO         2201    .text.__cxx_global_var_init.4  communicationtask.o
    0x0800b0fa   0x0800b0fa   0x00000002   PAD
    0x0800b0fc   0x0800b0fc   0x000000de   Code   RO         2206    .text.__cxx_global_var_init.5  communicationtask.o
    0x0800b1da   0x0800b1da   0x00000004   Code   RO         3145    .text.abort_message  libcppabi_wnu.l(abort_message.cpp.o)
    0x0800b1de   0x0800b1de   0x00000002   PAD
    0x0800b1e0   0x0800b1e0   0x00000042   Code   RO           11    .text.main          main.o
    0x0800b222   0x0800b222   0x00000002   PAD
    0x0800b224   0x0800b224   0x00000020   Code   RO         1771    .text.osDelay       cmsis_os2.o
    0x0800b244   0x0800b244   0x00000028   Code   RO         1713    .text.osKernelInitialize  cmsis_os2.o
    0x0800b26c   0x0800b26c   0x0000003c   Code   RO         1719    .text.osKernelStart  cmsis_os2.o
    0x0800b2a8   0x0800b2a8   0x000000b8   Code   RO         1735    .text.osThreadNew   cmsis_os2.o
    0x0800b360   0x0800b360   0x00000080   Code   RO         1529    .text.prvAddCurrentTaskToDelayedList  tasks.o
    0x0800b3e0   0x0800b3e0   0x0000011c   Code   RO         1519    .text.prvAddNewTaskToReadyList  tasks.o
    0x0800b4fc   0x0800b4fc   0x0000007c   Code   RO         1656    .text.prvCheckForValidListAndQueue  timers.o
    0x0800b578   0x0800b578   0x00000096   Code   RO         1553    .text.prvIdleTask   tasks.o
    0x0800b60e   0x0800b60e   0x00000002   PAD
    0x0800b610   0x0800b610   0x00000028   Code   RO         1914    .text.prvPortStartFirstTask  port.o
    0x0800b638   0x0800b638   0x000000ea   Code   RO         1692    .text.prvSampleTimeNow  timers.o
    0x0800b722   0x0800b722   0x00000002   PAD
    0x0800b724   0x0800b724   0x00000032   Code   RO         1904    .text.prvTaskExitError  port.o
    0x0800b756   0x0800b756   0x00000002   PAD
    0x0800b758   0x0800b758   0x000002b6   Code   RO         1658    .text.prvTimerTask  timers.o
    0x0800ba0e   0x0800ba0e   0x00000002   PAD
    0x0800ba10   0x0800ba10   0x00000072   Code   RO         1418    .text.prvUnlockQueue  queue.o
    0x0800ba82   0x0800ba82   0x00000002   PAD
    0x0800ba84   0x0800ba84   0x000001c6   Code   RO         1874    .text.pvPortMalloc  heap_4.o
    0x0800bc4a   0x0800bc4a   0x00000002   PAD
    0x0800bc4c   0x0800bc4c   0x00000028   Code   RO         1902    .text.pxPortInitialiseStack  port.o
    0x0800bc74   0x0800bc74   0x00000060   Code   RO         2954    .text.unlikely.__cxa_guard_acquire  libcppabi_wnu.l(cxa_guard.cpp.o)
    0x0800bcd4   0x0800bcd4   0x00000008   Code   RO         2956    .text.unlikely.__cxa_guard_release  libcppabi_wnu.l(cxa_guard.cpp.o)
    0x0800bcdc   0x0800bcdc   0x00000024   Code   RO         1382    .text.uxListRemove  list.o
    0x0800bd00   0x0800bd00   0x0000001a   Code   RO         1857    .text.vApplicationGetIdleTaskMemory  cmsis_os2.o
    0x0800bd1a   0x0800bd1a   0x00000002   PAD
    0x0800bd1c   0x0800bd1c   0x0000001c   Code   RO         1859    .text.vApplicationGetTimerTaskMemory  cmsis_os2.o
    0x0800bd38   0x0800bd38   0x00000016   Code   RO         1374    .text.vListInitialise  list.o
    0x0800bd4e   0x0800bd4e   0x00000002   PAD
    0x0800bd50   0x0800bd50   0x00000006   Code   RO         1376    .text.vListInitialiseItem  list.o
    0x0800bd56   0x0800bd56   0x00000002   PAD
    0x0800bd58   0x0800bd58   0x0000003a   Code   RO         1380    .text.vListInsert   list.o
    0x0800bd92   0x0800bd92   0x00000002   PAD
    0x0800bd94   0x0800bd94   0x0000001c   Code   RO         1378    .text.vListInsertEnd  list.o
    0x0800bdb0   0x0800bdb0   0x00000014   Code   RO         1912    .text.vPortEnableVFP  port.o
    0x0800bdc4   0x0800bdc4   0x00000046   Code   RO         1918    .text.vPortEnterCritical  port.o
    0x0800be0a   0x0800be0a   0x00000002   PAD
    0x0800be0c   0x0800be0c   0x0000002e   Code   RO         1920    .text.vPortExitCritical  port.o
    0x0800be3a   0x0800be3a   0x00000002   PAD
    0x0800be3c   0x0800be3c   0x000000d0   Code   RO         1876    .text.vPortFree     heap_4.o
    0x0800bf0c   0x0800bf0c   0x00000034   Code   RO         1910    .text.vPortSetupTimerInterrupt  port.o
    0x0800bf40   0x0800bf40   0x00000028   Code   RO         1452    .text.vQueueAddToRegistry  queue.o
    0x0800bf68   0x0800bf68   0x00000044   Code   RO         1456    .text.vQueueWaitForMessageRestricted  queue.o
    0x0800bfac   0x0800bfac   0x000000a6   Code   RO         1533    .text.vTaskDelay    tasks.o
    0x0800c052   0x0800c052   0x00000002   PAD
    0x0800c054   0x0800c054   0x0000001a   Code   RO         1583    .text.vTaskInternalSetTimeOutState  tasks.o
    0x0800c06e   0x0800c06e   0x00000002   PAD
    0x0800c070   0x0800c070   0x0000000e   Code   RO         1587    .text.vTaskMissedYield  tasks.o
    0x0800c07e   0x0800c07e   0x00000002   PAD
    0x0800c080   0x0800c080   0x00000032   Code   RO         1571    .text.vTaskPlaceOnEventList  tasks.o
    0x0800c0b2   0x0800c0b2   0x00000002   PAD
    0x0800c0b4   0x0800c0b4   0x0000003e   Code   RO         1575    .text.vTaskPlaceOnEventListRestricted  tasks.o
    0x0800c0f2   0x0800c0f2   0x00000002   PAD
    0x0800c0f4   0x0800c0f4   0x000000a4   Code   RO         1551    .text.vTaskStartScheduler  tasks.o
    0x0800c198   0x0800c198   0x00000010   Code   RO         1527    .text.vTaskSuspendAll  tasks.o
    0x0800c1a8   0x0800c1a8   0x0000009a   Code   RO         1545    .text.vTaskSwitchContext  tasks.o
    0x0800c242   0x0800c242   0x00000002   PAD
    0x0800c244   0x0800c244   0x0000012e   Code   RO         1908    .text.xPortStartScheduler  port.o
    0x0800c372   0x0800c372   0x00000002   PAD
    0x0800c374   0x0800c374   0x0000002e   Code   RO         1924    .text.xPortSysTickHandler  port.o
    0x0800c3a2   0x0800c3a2   0x00000002   PAD
    0x0800c3a4   0x0800c3a4   0x000000da   Code   RO         1394    .text.xQueueGenericCreateStatic  queue.o
    0x0800c47e   0x0800c47e   0x00000002   PAD
    0x0800c480   0x0800c480   0x00000212   Code   RO         1408    .text.xQueueGenericSend  queue.o
    0x0800c692   0x0800c692   0x00000002   PAD
    0x0800c694   0x0800c694   0x000001a8   Code   RO         1424    .text.xQueueReceive  queue.o
    0x0800c83c   0x0800c83c   0x0000008e   Code   RO         1585    .text.xTaskCheckForTimeOut  tasks.o
    0x0800c8ca   0x0800c8ca   0x00000002   PAD
    0x0800c8cc   0x0800c8cc   0x000000dc   Code   RO         1521    .text.xTaskCreate   tasks.o
    0x0800c9a8   0x0800c9a8   0x000000e8   Code   RO         1517    .text.xTaskCreateStatic  tasks.o
    0x0800ca90   0x0800ca90   0x00000026   Code   RO         1599    .text.xTaskGetSchedulerState  tasks.o
    0x0800cab6   0x0800cab6   0x00000002   PAD
    0x0800cab8   0x0800cab8   0x0000000c   Code   RO         1559    .text.xTaskGetTickCount  tasks.o
    0x0800cac4   0x0800cac4   0x0000016e   Code   RO         1557    .text.xTaskIncrementTick  tasks.o
    0x0800cc32   0x0800cc32   0x00000002   PAD
    0x0800cc34   0x0800cc34   0x00000092   Code   RO         1603    .text.xTaskPriorityDisinherit  tasks.o
    0x0800ccc6   0x0800ccc6   0x00000002   PAD
    0x0800ccc8   0x0800ccc8   0x0000008e   Code   RO         1577    .text.xTaskRemoveFromEventList  tasks.o
    0x0800cd56   0x0800cd56   0x00000002   PAD
    0x0800cd58   0x0800cd58   0x00000138   Code   RO         1531    .text.xTaskResumeAll  tasks.o
    0x0800ce90   0x0800ce90   0x00000074   Code   RO         1654    .text.xTimerCreateTimerTask  timers.o
    0x0800cf04   0x0800cf04   0x00000026   Code   RO         3148    i.__ARM_fpclassifyf  m_wm.l(fpclassifyf.o)
    0x0800cf2a   0x0800cf2a   0x000000b0   Code   RO         2967    i.__hardfp_fmodf    m_wm.l(fmodf.o)
    0x0800cfda   0x0800cfda   0x00000002   PAD
    0x0800cfdc   0x0800cfdc   0x00000190   Code   RO         2973    i.__hardfp_sinf     m_wm.l(sinf.o)
    0x0800d16c   0x0800d16c   0x00000006   Code   RO         3151    i.__mathlib_flt_infnan  m_wm.l(funder.o)
    0x0800d172   0x0800d172   0x00000002   PAD
    0x0800d174   0x0800d174   0x00000010   Code   RO         3153    i.__mathlib_flt_invalid  m_wm.l(funder.o)
    0x0800d184   0x0800d184   0x00000010   Code   RO         3156    i.__mathlib_flt_underflow  m_wm.l(funder.o)
    0x0800d194   0x0800d194   0x00000154   Code   RO         3164    i.__mathlib_rredf2  m_wm.l(rredf.o)
    0x0800d2e8   0x0800d2e8   0x00000062   Code   RO         2880    x$fpl$d2f           fz_wm.l(d2f.o)
    0x0800d34a   0x0800d34a   0x00000002   PAD
    0x0800d34c   0x0800d34c   0x00000150   Code   RO         2882    x$fpl$dadd          fz_wm.l(daddsub_clz.o)
    0x0800d49c   0x0800d49c   0x00000018   Code   RO         3234    x$fpl$dcmpinf       fz_wm.l(dcmpi.o)
    0x0800d4b4   0x0800d4b4   0x000002b4   Code   RO         2891    x$fpl$ddiv          fz_wm.l(ddiv.o)
    0x0800d768   0x0800d768   0x00000078   Code   RO         3111    x$fpl$deqf          fz_wm.l(deqf.o)
    0x0800d7e0   0x0800d7e0   0x0000002e   Code   RO         2899    x$fpl$dflt          fz_wm.l(dflt_clz.o)
    0x0800d80e   0x0800d80e   0x00000026   Code   RO         2898    x$fpl$dfltu         fz_wm.l(dflt_clz.o)
    0x0800d834   0x0800d834   0x00000078   Code   RO         3113    x$fpl$dgeqf         fz_wm.l(dgeqf.o)
    0x0800d8ac   0x0800d8ac   0x00000078   Code   RO         3115    x$fpl$dleqf         fz_wm.l(dleqf.o)
    0x0800d924   0x0800d924   0x00000154   Code   RO         2904    x$fpl$dmul          fz_wm.l(dmul.o)
    0x0800da78   0x0800da78   0x0000009c   Code   RO         3117    x$fpl$dnaninf       fz_wm.l(dnaninf.o)
    0x0800db14   0x0800db14   0x0000000c   Code   RO         3119    x$fpl$dretinf       fz_wm.l(dretinf.o)
    0x0800db20   0x0800db20   0x000001dc   Code   RO         2884    x$fpl$dsub          fz_wm.l(daddsub_clz.o)
    0x0800dcfc   0x0800dcfc   0x00000056   Code   RO         2906    x$fpl$f2d           fz_wm.l(f2d.o)
    0x0800dd52   0x0800dd52   0x00000054   Code   RO         2888    x$fpl$fcmp          fz_wm.l(dcmp.o)
    0x0800dda6   0x0800dda6   0x0000008c   Code   RO         3121    x$fpl$fnaninf       fz_wm.l(fnaninf.o)
    0x0800de32   0x0800de32   0x0000001a   Code   RO         3236    x$fpl$fpinit        fz_wm.l(fpinit.o)
    0x0800de4c   0x0800de4c   0x000000f4   Code   RO         3123    x$fpl$frem          fz_wm.l(frem_clz.o)
    0x0800df40   0x0800df40   0x0000000a   Code   RO         3125    x$fpl$fretinf       fz_wm.l(fretinf.o)
    0x0800df4a   0x0800df4a   0x00000000   Code   RO         3127    x$fpl$usenofp       fz_wm.l(usenofp.o)
    0x0800df4a   0x0800df4a   0x00000002   PAD
    0x0800df4c   0x0800df4c   0x00000020   Data   RO         3165    .constdata          m_wm.l(rredf.o)
    0x0800df6c   0x0800df6c   0x00000010   Data   RO         1327    .rodata.AHBPrescTable  system_stm32f4xx.o
    0x0800df7c   0x0800df7c   0x00000008   Data   RO         1328    .rodata.APBPrescTable  system_stm32f4xx.o
    0x0800df84   0x0800df84   0x00000014   Data   RO         2420    .rodata._ZTV3Dir    eventask.o
    0x0800df98   0x0800df98   0x00000014   Data   RO         2071    .rodata._ZTV3LED    led.o
    0x0800dfac   0x0800dfac   0x00000014   Data   RO         2050    .rodata._ZTV6Buzzer  buzzer.o
    0x0800dfc0   0x0800dfc0   0x00000014   Data   RO         2421    .rodata._ZTV8ISubject  eventask.o
    0x0800dfd4   0x0800dfd4   0x00000014   Data   RO         2422    .rodata._ZTV9IObserver  eventask.o
    0x0800dfe8   0x0800dfe8   0x0000000c   Data   RO         2318    .rodata._ZTVN3BSP5Motor2DM5J4310ILh1EEE  communicationtask.o
    0x0800dff4   0x0800dff4   0x0000000c   Data   RO         2323    .rodata._ZTVN3BSP5Motor3Dji12DjiMotorBaseILh2EEE  communicationtask.o
    0x0800e000   0x0800e000   0x0000000c   Data   RO         2320    .rodata._ZTVN3BSP5Motor3Dji6GM2006ILh1EEE  communicationtask.o
    0x0800e00c   0x0800e00c   0x0000000c   Data   RO         2322    .rodata._ZTVN3BSP5Motor3Dji6GM3508ILh2EEE  communicationtask.o
    0x0800e018   0x0800e018   0x0000000c   Data   RO         2324    .rodata._ZTVN3BSP5Motor3Dji6GM6020ILh1EEE  communicationtask.o
    0x0800e024   0x0800e024   0x0000000c   Data   RO         2458    .rodata._ZTVN3BSP5Motor9MotorBaseILh2EEE  shoottask.o
    0x0800e030   0x0800e030   0x00000060   Data   RO         2316    .rodata._ZTVN4Mode20DR16RemoteControllerE  communicationtask.o
    0x0800e090   0x0800e090   0x00000060   Data   RO         2317    .rodata._ZTVN4Mode20MiniRemoteControllerE  communicationtask.o
    0x0800e0f0   0x0800e0f0   0x00000024   Data   RO           43    .rodata.communicationTa_attributes  freertos.o
    0x0800e114   0x0800e114   0x00000010   Data   RO         2649    .rodata.cst16       usbd_conf.o
    0x0800e124   0x0800e124   0x00000008   Data   RO          906    .rodata.cst8        stm32f4xx_hal_dma.o
    0x0800e12c   0x0800e12c   0x00000024   Data   RO           41    .rodata.defaultTask_attributes  freertos.o
    0x0800e150   0x0800e150   0x00000024   Data   RO           44    .rodata.eventTask_attributes  freertos.o
    0x0800e174   0x0800e174   0x00000024   Data   RO           42    .rodata.gimbalTask_attributes  freertos.o
    0x0800e198   0x0800e198   0x00000024   Data   RO           46    .rodata.remoteSwitch_attributes  freertos.o
    0x0800e1bc   0x0800e1bc   0x00000024   Data   RO           45    .rodata.shootTask_attributes  freertos.o
    0x0800e1e0   0x0800e1e0   0x00000048   Data   RO           40    .rodata.str1.1      freertos.o
    0x0800e228   0x0800e228   0x00000020   Data   RO         3358    Region$$Table       anon$$obj.o
    0x0800e248   0x0800e248   0x00000004   Data   RO         1966    .init_array         hi12h3_imu.o
    0x0800e24c   0x0800e248   0x00000004   Data   RO         1982    .init_array         init.o
    0x0800e250   0x0800e248   0x00000004   Data   RO         2195    .init_array         communicationtask.o
    0x0800e254   0x0800e248   0x00000004   Data   RO         2200    .init_array         communicationtask.o
    0x0800e258   0x0800e248   0x00000004   Data   RO         2205    .init_array         communicationtask.o
    0x0800e25c   0x0800e248   0x00000004   Data   RO         2210    .init_array         communicationtask.o
    0x0800e260   0x0800e248   0x00000004   Data   RO         2396    .init_array         eventask.o
    0x0800e264   0x0800e248   0x00000004   Data   RO         2484    .init_array         remoteswitchtask.o
    0x0800e268   0x0800e248   0x00000004   Data   RO         2489    .init_array         remoteswitchtask.o
    0x0800e26c   0x0800e248   0x00000000   Data   RO         2875    .init_array         c_wu.l(init_aeabi.o)


    Execution Region RW_IRAM1 (Exec base: 0x20000000, Load base: 0x0800e270, Size: 0x000080c0, Max: 0x0001c000, ABSOLUTE, COMPRESSED[0x000000e8])

    Exec Addr    Load Addr    Size         Type   Attr      Idx    E Section Name        Object

    0x20000000   COMPRESSED   0x0000001c   Data   RW         2549    .data.FS_Desc       usbd_desc.o
    0x2000001c   COMPRESSED   0x00000038   Data   RW         2174    .data.Gimbal_to_Chassis_Data  communicationtask.o
    0x20000054   COMPRESSED   0x00000004   Data   RW         1326    .data.SystemCoreClock  system_stm32f4xx.o
    0x20000058   COMPRESSED   0x00000038   Data   RW         2787    .data.USBD_CDC      usbd_cdc.o
    0x20000090   COMPRESSED   0x00000043   Data   RW         2789    .data.USBD_CDC_CfgDesc  usbd_cdc.o
    0x200000d3   COMPRESSED   0x00000001   PAD
    0x200000d4   COMPRESSED   0x0000000a   Data   RW         2788    .data.USBD_CDC_DeviceQualifierDesc  usbd_cdc.o
    0x200000de   COMPRESSED   0x00000002   PAD
    0x200000e0   COMPRESSED   0x00000012   Data   RW         2550    .data.USBD_FS_DeviceDesc  usbd_desc.o
    0x200000f2   COMPRESSED   0x00000002   PAD
    0x200000f4   COMPRESSED   0x00000014   Data   RW         2574    .data.USBD_Interface_fops_FS  usbd_cdc_if.o
    0x20000108   COMPRESSED   0x00000004   Data   RW         2551    .data.USBD_LangIDDesc  usbd_desc.o
    0x2000010c   COMPRESSED   0x0000001a   Data   RW         2552    .data.USBD_StringSerial  usbd_desc.o
    0x20000126   COMPRESSED   0x00000001   Data   RW         2471    .data._ZZ14keyBoradUpdatavE11vision_mode  remoteswitchtask.o
    0x20000127   COMPRESSED   0x00000001   PAD
    0x20000128   COMPRESSED   0x00000004   Data   RW         2177    .data.int_time      communicationtask.o
    0x2000012c   COMPRESSED   0x0000001c   Data   RW         2103    .data.tar_pitch     variable.o
    0x20000148   COMPRESSED   0x0000001c   Data   RW         2104    .data.tar_yaw       variable.o
    0x20000164   COMPRESSED   0x00000004   Data   RW         2175    .data.time_kp       communicationtask.o
    0x20000168   COMPRESSED   0x00000004   Data   RW         1084    .data.uwTickFreq    stm32f4xx_hal.o
    0x2000016c   COMPRESSED   0x00000004   Data   RW         1083    .data.uwTickPrio    stm32f4xx_hal.o
    0x20000170   COMPRESSED   0x00000004   Data   RW         1930    .data.uxCriticalNesting  port.o
    0x20000174   COMPRESSED   0x00000004   PAD
    0x20000178        -       0x00000060   Zero   RW         3254    .bss                c_wu.l(libspace.o)
    0x200001d8        -       0x00000004   Zero   RW         2395    .bss.Buzzer_Event   eventask.o
    0x200001dc        -       0x0000001c   Zero   RW         2332    .bss.CAN1_RxHeader  callback.o
    0x200001f8        -       0x00000008   Zero   RW         2333    .bss.CAN1_RxHeaderData  callback.o
    0x20000200        -       0x0000001c   Zero   RW         2334    .bss.CAN2_RxHeader  callback.o
    0x2000021c        -       0x00000008   Zero   RW         2335    .bss.CAN2_RxHeaderData  callback.o
    0x20000224        -       0x00000018   Zero   RW         2393    .bss.Dir_Event      eventask.o
    0x2000023c        -       0x00000004   Zero   RW           70    .bss.HAL_RCC_CAN1_CLK_ENABLED  can.o
    0x20000240        -       0x00000001   Zero   RW         1970    .bss.InitFlag       init.o
    0x20000241   COMPRESSED   0x00000003   PAD
    0x20000244        -       0x00000004   Zero   RW         1861    .bss.KernelState    cmsis_os2.o
    0x20000248        -       0x00000004   Zero   RW         2394    .bss.LED_Event      eventask.o
    0x2000024c        -       0x00000040   Zero   RW         2094    .bss.Tools          tools.o
    0x2000028c        -       0x00000001   Zero   RW         2726    .bss.USBD_SetConfig.cfgidx  usbd_ctlreq.o
    0x2000028d   COMPRESSED   0x00000003   PAD
    0x20000290        -       0x00000200   Zero   RW         2553    .bss.USBD_StrDesc   usbd_desc.o
    0x20000490        -       0x00000220   Zero   RW         2648    .bss.USBD_static_malloc.mem  usbd_conf.o
    0x200006b0        -       0x00000800   Zero   RW         2575    .bss.UserRxBufferFS  usbd_cdc_if.o
    0x20000eb0        -       0x00000800   Zero   RW         2576    .bss.UserTxBufferFS  usbd_cdc_if.o
    0x200016b0        -       0x00000004   Zero   RW         1965    .bss._ZGVN3BSP3IMU3imuE  hi12h3_imu.o
    0x200016b4        -       0x00000004   Zero   RW         2194    .bss._ZGVN3BSP5Motor2DM9Motor4310E  communicationtask.o
    0x200016b8        -       0x00000004   Zero   RW         2199    .bss._ZGVN3BSP5Motor3Dji9Motor2006E  communicationtask.o
    0x200016bc        -       0x00000004   Zero   RW         2204    .bss._ZGVN3BSP5Motor3Dji9Motor3508E  communicationtask.o
    0x200016c0        -       0x00000004   Zero   RW         2209    .bss._ZGVN3BSP5Motor3Dji9Motor6020E  communicationtask.o
    0x200016c4        -       0x00000004   Zero   RW         1981    .bss._ZGVN3BSP6Remote4dr16E  init.o
    0x200016c8        -       0x00000004   Zero   RW         2488    .bss._ZGVN4TASK5Shoot9shoot_fsmE  remoteswitchtask.o
    0x200016cc        -       0x00000004   Zero   RW         2483    .bss._ZGVN4TASK6GIMBAL6gimbalE  remoteswitchtask.o
    0x200016d0        -       0x00000004   Zero   RW         2494    .bss._ZGVZN3APP3Key8KeyBroad8InstanceEvE8instance  remoteswitchtask.o
    0x200016d4        -       0x00000004   Zero   RW         2132    .bss._ZGVZN3BSP7DWTimer11GetInstanceEjE8instance  heat_detector.o
    0x200016d8        -       0x00000004   Zero   RW         2492    .bss._ZGVZN4Mode17RemoteModeManager8InstanceEvE8instance  remoteswitchtask.o
    0x200016dc        -       0x00000060   Zero   RW         2490    .bss._ZN10Communicat6visionE  remoteswitchtask.o
    0x2000173c        -       0x00000004   Zero   RW         2182    .bss._ZN10Communicat9send_timeE  communicationtask.o
    0x20001740        -       0x00000008   Zero   RW         2373    .bss._ZN3APP4Data11gimbal_dataE  gimbaltask.o
    0x20001748        -       0x000000b8   Zero   RW         1964    .bss._ZN3BSP3IMU3imuE  hi12h3_imu.o
    0x20001800        -       0x000000a8   Zero   RW         2193    .bss._ZN3BSP5Motor2DM9Motor4310E  communicationtask.o
    0x200018a8        -       0x000000d0   Zero   RW         2198    .bss._ZN3BSP5Motor3Dji9Motor2006E  communicationtask.o
    0x20001978        -       0x00000130   Zero   RW         2203    .bss._ZN3BSP5Motor3Dji9Motor3508E  communicationtask.o
    0x20001aa8        -       0x000000d0   Zero   RW         2208    .bss._ZN3BSP5Motor3Dji9Motor6020E  communicationtask.o
    0x20001b78        -       0x00000004   Zero   RW         1997    .bss._ZN3BSP6Remote4Mini9instance_E  mini.o
    0x20001b7c   COMPRESSED   0x00000004   PAD
    0x20001b80        -       0x00000080   Zero   RW         1980    .bss._ZN3BSP6Remote4dr16E  init.o
    0x20001c00        -       0x00000548   Zero   RW         2487    .bss._ZN4TASK5Shoot9shoot_fsmE  remoteswitchtask.o
    0x20002148        -       0x00000198   Zero   RW         2482    .bss._ZN4TASK6GIMBAL6gimbalE  remoteswitchtask.o
    0x200022e0        -       0x00000001   Zero   RW         2472    .bss._ZZ14BoosterUpStatevE15booster_enabled  remoteswitchtask.o
    0x200022e1   COMPRESSED   0x00000003   PAD
    0x200022e4        -       0x00000100   Zero   RW         2493    .bss._ZZN3APP3Key8KeyBroad8InstanceEvE8instance  remoteswitchtask.o
    0x200023e4   COMPRESSED   0x00000004   PAD
    0x200023e8        -       0x00000028   Zero   RW         2131    .bss._ZZN3BSP7DWTimer11GetInstanceEjE8instance  heat_detector.o
    0x20002410        -       0x00000010   Zero   RW         2491    .bss._ZZN4Mode17RemoteModeManager8InstanceEvE8instance  remoteswitchtask.o
    0x20002420        -       0x00000001   Zero   RW         2444    .bss._ZZN4TASK5Shoot14Class_ShootFSM7UpStateEvE5fired  shoottask.o
    0x20002421   COMPRESSED   0x00000003   PAD
    0x20002424        -       0x00000004   Zero   RW         3247    .bss.__cxa_new_handler  libcppabi_wnu.l(cxa_default_handlers.cpp.o)
    0x20002428        -       0x00000004   Zero   RW           49    .bss.communicationTaHandle  freertos.o
    0x2000242c        -       0x00000004   Zero   RW           47    .bss.defaultTaskHandle  freertos.o
    0x20002430        -       0x00000004   Zero   RW         2178    .bss.demo_time      communicationtask.o
    0x20002434        -       0x00000004   Zero   RW           50    .bss.eventTaskHandle  freertos.o
    0x20002438        -       0x00000004   Zero   RW           48    .bss.gimbalTaskHandle  freertos.o
    0x2000243c        -       0x000002dc   Zero   RW         2528    .bss.hUsbDeviceFS   usb_device.o
    0x20002718        -       0x00000038   Zero   RW           68    .bss.hcan1          can.o
    0x20002750        -       0x00000038   Zero   RW           69    .bss.hcan2          can.o
    0x20002788        -       0x00000064   Zero   RW          129    .bss.hdma_usart1_rx  usart.o
    0x200027ec        -       0x00000064   Zero   RW          128    .bss.hdma_usart1_tx  usart.o
    0x20002850        -       0x00000064   Zero   RW          130    .bss.hdma_usart3_rx  usart.o
    0x200028b4        -       0x00000064   Zero   RW          131    .bss.hdma_usart3_tx  usart.o
    0x20002918        -       0x00000064   Zero   RW          133    .bss.hdma_usart6_rx  usart.o
    0x2000297c        -       0x00000064   Zero   RW          132    .bss.hdma_usart6_tx  usart.o
    0x200029e0        -       0x000004e8   Zero   RW         2647    .bss.hpcd_USB_OTG_FS  usbd_conf.o
    0x20002ec8        -       0x00000068   Zero   RW          104    .bss.htim4          tim.o
    0x20002f30        -       0x00000068   Zero   RW          105    .bss.htim5          tim.o
    0x20002f98        -       0x00000068   Zero   RW          208    .bss.htim6          stm32f4xx_hal_timebase_tim.o
    0x20003000        -       0x00000068   Zero   RW          106    .bss.htim7          tim.o
    0x20003068        -       0x00000050   Zero   RW          125    .bss.huart1         usart.o
    0x200030b8        -       0x00000050   Zero   RW          126    .bss.huart3         usart.o
    0x20003108        -       0x00000050   Zero   RW          127    .bss.huart6         usart.o
    0x20003158        -       0x00000004   Zero   RW         2440    .bss.hz_send        shoottask.o
    0x2000315c        -       0x000000a0   Zero   RW         1702    .bss.prvCheckForValidListAndQueue.ucStaticTimerQueueStorage  timers.o
    0x200031fc        -       0x00000050   Zero   RW         1701    .bss.prvCheckForValidListAndQueue.xStaticTimerQueue  timers.o
    0x2000324c        -       0x00000004   Zero   RW         1698    .bss.prvSampleTimeNow.xLastTime  timers.o
    0x20003250        -       0x00000004   Zero   RW         1625    .bss.pxCurrentTCB   tasks.o
    0x20003254        -       0x00000004   Zero   RW         1696    .bss.pxCurrentTimerList  timers.o
    0x20003258        -       0x00000004   Zero   RW         1633    .bss.pxDelayedTaskList  tasks.o
    0x2000325c        -       0x00000004   Zero   RW         1886    .bss.pxEnd          heap_4.o
    0x20003260        -       0x00000004   Zero   RW         1634    .bss.pxOverflowDelayedTaskList  tasks.o
    0x20003264        -       0x00000004   Zero   RW         1697    .bss.pxOverflowTimerList  timers.o
    0x20003268        -       0x00000460   Zero   RW         1636    .bss.pxReadyTasksLists  tasks.o
    0x200036c8        -       0x00000004   Zero   RW           52    .bss.remoteSwitchHandle  freertos.o
    0x200036cc        -       0x00000001   Zero   RW         2470    .bss.shift          remoteswitchtask.o
    0x200036cd   COMPRESSED   0x00000003   PAD
    0x200036d0        -       0x00000004   Zero   RW           51    .bss.shootTaskHandle  freertos.o
    0x200036d4        -       0x00000004   Zero   RW         2176    .bss.time_out       communicationtask.o
    0x200036d8        -       0x00003c00   Zero   RW         1893    .bss.ucHeap         heap_4.o
    0x200072d8        -       0x00000001   Zero   RW         1928    .bss.ucMaxSysCallPriority  port.o
    0x200072d9   COMPRESSED   0x00000003   PAD
    0x200072dc        -       0x00000004   Zero   RW         1929    .bss.ulMaxPRIGROUPValue  port.o
    0x200072e0        -       0x00000004   Zero   RW         1085    .bss.uwTick         stm32f4xx_hal.o
    0x200072e4        -       0x00000004   Zero   RW         1629    .bss.uxCurrentNumberOfTasks  tasks.o
    0x200072e8        -       0x00000004   Zero   RW         1628    .bss.uxDeletedTasksWaitingCleanUp  tasks.o
    0x200072ec        -       0x00000004   Zero   RW         1631    .bss.uxSchedulerSuspended  tasks.o
    0x200072f0        -       0x00000004   Zero   RW         1626    .bss.uxTaskNumber   tasks.o
    0x200072f4        -       0x00000004   Zero   RW         1637    .bss.uxTopReadyPriority  tasks.o
    0x200072f8        -       0x00000200   Zero   RW         1863    .bss.vApplicationGetIdleTaskMemory.Idle_Stack  cmsis_os2.o
    0x200074f8        -       0x0000005c   Zero   RW         1862    .bss.vApplicationGetIdleTaskMemory.Idle_TCB  cmsis_os2.o
    0x20007554        -       0x00000400   Zero   RW         1865    .bss.vApplicationGetTimerTaskMemory.Timer_Stack  cmsis_os2.o
    0x20007954        -       0x0000005c   Zero   RW         1864    .bss.vApplicationGetTimerTaskMemory.Timer_TCB  cmsis_os2.o
    0x200079b0        -       0x00000014   Zero   RW         1699    .bss.xActiveTimerList1  timers.o
    0x200079c4        -       0x00000014   Zero   RW         1700    .bss.xActiveTimerList2  timers.o
    0x200079d8        -       0x00000001   Zero   RW         1887    .bss.xBlockAllocatedBit  heap_4.o
    0x200079d9   COMPRESSED   0x00000003   PAD
    0x200079dc        -       0x00000014   Zero   RW         1644    .bss.xDelayedTaskList1  tasks.o
    0x200079f0        -       0x00000014   Zero   RW         1645    .bss.xDelayedTaskList2  tasks.o
    0x20007a04        -       0x00000004   Zero   RW         1888    .bss.xFreeBytesRemaining  heap_4.o
    0x20007a08        -       0x00000004   Zero   RW         1639    .bss.xIdleTaskHandle  tasks.o
    0x20007a0c        -       0x00000004   Zero   RW         1890    .bss.xMinimumEverFreeBytesRemaining  heap_4.o
    0x20007a10        -       0x00000004   Zero   RW         1640    .bss.xNextTaskUnblockTime  tasks.o
    0x20007a14        -       0x00000004   Zero   RW         1643    .bss.xNumOfOverflows  tasks.o
    0x20007a18        -       0x00000004   Zero   RW         1891    .bss.xNumberOfSuccessfulAllocations  heap_4.o
    0x20007a1c        -       0x00000004   Zero   RW         1892    .bss.xNumberOfSuccessfulFrees  heap_4.o
    0x20007a20        -       0x00000004   Zero   RW         1642    .bss.xPendedTicks   tasks.o
    0x20007a24        -       0x00000014   Zero   RW         1638    .bss.xPendingReadyList  tasks.o
    0x20007a38        -       0x00000040   Zero   RW         1458    .bss.xQueueRegistry  queue.o
    0x20007a78        -       0x00000004   Zero   RW         1630    .bss.xSchedulerRunning  tasks.o
    0x20007a7c        -       0x00000008   Zero   RW         1889    .bss.xStart         heap_4.o
    0x20007a84        -       0x00000014   Zero   RW         1635    .bss.xSuspendedTaskList  tasks.o
    0x20007a98        -       0x00000014   Zero   RW         1627    .bss.xTasksWaitingTermination  tasks.o
    0x20007aac        -       0x00000004   Zero   RW         1632    .bss.xTickCount     tasks.o
    0x20007ab0        -       0x00000004   Zero   RW         1694    .bss.xTimerQueue    timers.o
    0x20007ab4        -       0x00000004   Zero   RW         1695    .bss.xTimerTaskHandle  timers.o
    0x20007ab8        -       0x00000004   Zero   RW         1641    .bss.xYieldPending  tasks.o
    0x20007abc   COMPRESSED   0x00000004   PAD
    0x20007ac0        -       0x00000200   Zero   RW            2    HEAP                startup_stm32f407xx.o
    0x20007cc0        -       0x00000400   Zero   RW            1    STACK               startup_stm32f407xx.o


    Execution Region RW_IRAM2 (Exec base: 0x2001c000, Load base: 0x0800e358, Size: 0x00000000, Max: 0x00004000, ABSOLUTE)

    **** No section assigned to this execution region ****


==============================================================================

Image component sizes


      Code (inc. data)   RO Data    RW Data    ZI Data      Debug   Object Name

       286          0          0          0          0      16948   adrc.o
       184          0         20          0          0      25648   buzzer.o
       574          0          0          0         72      45453   callback.o
       470          0          0          0        116       6387   can.o
       396          0          0          0       1724      43068   cmsis_os2.o
      6226        148        268         64        916      78421   communicationtask.o
       788         40          0          0          0      28069   dbus.o
       154          0          0          0          0       3324   dma.o
       196          0          0          0          0      32980   dwt.o
       870          0         64          0         32      88105   eventask.o
       208          0        288          0         24       3127   freertos.o
      2008         52          0          0          8      89128   gimbaltask.o
       136          0          0          0          0       1518   gpio.o
       662          0          0          0      15389       4929   heap_4.o
       588         12          0          0         44      18615   heat_detector.o
       738         32          4          0        188      22807   hi12h3_imu.o
       286          0          4          0        133      20413   init.o
       380          0          0          0          0      21412   keybroad.o
       450          4         20          0          0      22298   led.o
       150          0          0          0          0       2208   list.o
       264          0          0          0          0       6113   main.o
         0          0          0          0          4      28661   mini.o
       602          8          0          0          0      15049   pid.o
       802         16          0          4          5       3965   port.o
      1394          0          0          0         64      25119   queue.o
      2396         16          8          1       2146      63618   remoteswitchtask.o
      1926         28         12          0          5      81079   shoottask.o
        64         26        392          0       1536        832   startup_stm32f407xx.o
       132          0          0          8          4       7248   stm32f4xx_hal.o
      1636          6          0          0          0      13953   stm32f4xx_hal_can.o
       150          0          0          0          0      10803   stm32f4xx_hal_cortex.o
       996          4          8          0          0       9740   stm32f4xx_hal_dma.o
       416          0          0          0          0       5174   stm32f4xx_hal_gpio.o
        70          0          0          0          0       3341   stm32f4xx_hal_msp.o
      2778          0          0          0          0      16517   stm32f4xx_hal_pcd.o
        90          0          0          0          0       4397   stm32f4xx_hal_pcd_ex.o
      1446          0          0          0          0       7307   stm32f4xx_hal_rcc.o
      2324          4          0          0          0      54970   stm32f4xx_hal_tim.o
       178          0          0          0          0      21552   stm32f4xx_hal_tim_ex.o
       176          0          0          0        104       7208   stm32f4xx_hal_timebase_tim.o
      2196          0          0          0          0      26864   stm32f4xx_hal_uart.o
       268          0          0          0          0       4033   stm32f4xx_it.o
      2780          0          0          0          0      27287   stm32f4xx_ll_usb.o
        18          0         24          4          0       2615   system_stm32f4xx.o
      2824          8          0          0       1280      36988   tasks.o
       810          0          0          0        312       8951   tim.o
      1168         26          0          0        300      16715   timers.o
       150          8          0          0         64      18033   tools.o
       952          0          0          0        840       7866   usart.o
       110          0          0          0        732       3082   usb_device.o
      1276         12          0        133          0      11722   usbd_cdc.o
       136          0          0         20       4096       2876   usbd_cdc_if.o
       776          0         16          0       1800      18128   usbd_conf.o
       896          0          0          0          0      10347   usbd_core.o
      1788         30          0          0          1      11002   usbd_ctlreq.o
       328         72          0         76        512       3482   usbd_desc.o
       128          0          0          0          0       4663   usbd_ioreq.o
         0          0          0         56          0      21057   variable.o

    ----------------------------------------------------------------------
     50654        556       1160        372      32488    1197215   Object Totals
         0          0         32          0          0          0   (incl. Generated)
       460          4          0          6         37          0   (incl. Padding)

    ----------------------------------------------------------------------

      Code (inc. data)   RO Data    RW Data    ZI Data      Debug   Library Member Name

        58          0          0          0          0          0   __dczerorl.o
         8          0          0          0          0         68   __main.o
         0          0          0          0          0          0   __rtentry.o
        12          0          0          0          0          0   __rtentry2.o
         6          0          0          0          0          0   __rtentry4.o
        52          8          0          0          0          0   __scatter.o
        28          0          0          0          0          0   __scatter_zi.o
        22          0          0          0          0        100   _rserrno.o
        22          0          0          0          0         80   abort.o
        46          0          0          0          0         84   aeabi_atexit.o
        16          0          0          0          0         68   aeabi_memset4.o
        10          0          0          0          0         68   cxa_atexit.o
        66          0          0          0          0         84   cxa_finalize.o
        48         34          0          0          0         76   defsig_abrt_inner.o
        14          0          0          0          0         80   defsig_abrt_outer.o
        10          0          0          0          0         68   defsig_exit.o
        50          0          0          0          0         88   defsig_general.o
        80         58          0          0          0         76   defsig_rtmem_inner.o
        14          0          0          0          0         80   defsig_rtmem_outer.o
        18          0          0          0          0         80   exit.o
        94          0          0          0          0         80   h1_alloc.o
        52          0          0          0          0         68   h1_extend.o
        78          0          0          0          0         80   h1_free.o
        14          0          0          0          0         84   h1_init.o
         6          0          0          0          0        152   heapauxi.o
         4          0          0          0          0        136   hguard.o
         0          0          0          0          0          0   indicate_semi.o
        36          8          0          0          0         80   init_aeabi.o
       138          0          0          0          0        168   init_alloc.o
         2          0          0          0          0          0   libinit.o
        18          0          0          0          0          0   libinit2.o
         2          0          0          0          0          0   libshutdown.o
         8          0          0          0          0          0   libshutdown2.o
         8          4          0          0         96         68   libspace.o
       240          0          0          0          0        100   lludivv7m.o
         0          0          0          0          0          0   maybetermalloc1.o
         8          4          0          0          0         68   rt_ddtor_pointer_addr_intlibspace.o
         8          4          0          0          0         68   rt_errno_addr_intlibspace.o
         8          4          0          0          0         68   rt_heap_descriptor_intlibspace.o
        78          0          0          0          0         80   rt_memclr_w.o
       138          0          0          0          0         68   rt_memcpy_v6.o
       100          0          0          0          0         80   rt_memcpy_w.o
         2          0          0          0          0          0   rtexit.o
        10          0          0          0          0          0   rtexit2.o
        12          4          0          0          0         68   sys_exit.o
        74          0          0          0          0         80   sys_stackheap_outer.o
        14          0          0          0          0         76   sys_wrch.o
         2          0          0          0          0         68   use_no_semi.o
        98          4          0          0          0        140   d2f.o
       812         16          0          0          0        392   daddsub_clz.o
        84          0          0          0          0        244   dcmp.o
        24          0          0          0          0        116   dcmpi.o
       692        140          0          0          0        264   ddiv.o
       120          4          0          0          0        140   deqf.o
        84          0          0          0          0        232   dflt_clz.o
       120          4          0          0          0        140   dgeqf.o
       120          4          0          0          0        140   dleqf.o
       340         12          0          0          0        152   dmul.o
       156          4          0          0          0        140   dnaninf.o
        12          0          0          0          0        116   dretinf.o
        86          4          0          0          0        132   f2d.o
       140          4          0          0          0        132   fnaninf.o
        26          0          0          0          0        116   fpinit.o
       244          8          0          0          0        132   frem_clz.o
        10          0          0          0          0        116   fretinf.o
         0          0          0          0          0          0   usenofp.o
        46          0          0          0          0        380   new.cpp.o
         4          0          0          0          0         36   abort_message.cpp.o
         0          0          0          0          4          0   cxa_default_handlers.cpp.o
       104         56          0          0          0         76   cxa_guard.cpp.o
        12          0          0          0          0        132   cxa_handlers.cpp.o
        40         32          0          0          0         52   cxa_virtual.cpp.o
       176          0          0          0          0        168   fmodf.o
        38          0          0          0          0        116   fpclassifyf.o
        38         12          0          0          0        348   funder.o
       340         24         32          0          0        160   rredf.o
       400         56          0          0          0        212   sinf.o

    ----------------------------------------------------------------------
      6118        512         32          0        100       7364   Library Totals
        18          0          0          0          0          0   (incl. Padding)

    ----------------------------------------------------------------------

      Code (inc. data)   RO Data    RW Data    ZI Data      Debug   Library Name

      1734        128          0          0         96       2840   c_wu.l
      3168        204          0          0          0       2844   fz_wm.l
        46          0          0          0          0        380   libcpp_wnu.l
       160         88          0          0          4        296   libcppabi_wnu.l
       992         92         32          0          0       1004   m_wm.l

    ----------------------------------------------------------------------
      6118        512         32          0        100       7364   Library Totals

    ----------------------------------------------------------------------

==============================================================================


      Code (inc. data)   RO Data    RW Data    ZI Data      Debug   

     56772       1068       1192        372      32588    1199387   Grand Totals
     56772       1068       1192        232      32588    1199387   ELF Image Totals (compressed)
     56772       1068       1192        232          0          0   ROM Totals

==============================================================================

    Total RO  Size (Code + RO Data)                57964 (  56.61kB)
    Total RW  Size (RW Data + ZI Data)             32960 (  32.19kB)
    Total ROM Size (Code + RO Data + RW Data)      58196 (  56.83kB)

==============================================================================

