Component: Arm Compiler for Embedded 6.18 Tool: armlink [5e4cc100]

==============================================================================

Section Cross References

    startup_stm32f407xx.o(STACK) refers (Special) to heapauxi.o(.text) for __use_two_region_memory
    startup_stm32f407xx.o(HEAP) refers (Special) to heapauxi.o(.text) for __use_two_region_memory
    startup_stm32f407xx.o(RESET) refers (Special) to heapauxi.o(.text) for __use_two_region_memory
    startup_stm32f407xx.o(RESET) refers to startup_stm32f407xx.o(STACK) for __initial_sp
    startup_stm32f407xx.o(RESET) refers to startup_stm32f407xx.o(.text) for Reset_Handler
    startup_stm32f407xx.o(RESET) refers to stm32f4xx_it.o(.text.NMI_Handler) for NMI_Handler
    startup_stm32f407xx.o(RESET) refers to stm32f4xx_it.o(.text.HardFault_Handler) for HardFault_Handler
    startup_stm32f407xx.o(RESET) refers to stm32f4xx_it.o(.text.MemManage_Handler) for MemManage_Handler
    startup_stm32f407xx.o(RESET) refers to stm32f4xx_it.o(.text.BusFault_Handler) for BusFault_Handler
    startup_stm32f407xx.o(RESET) refers to stm32f4xx_it.o(.text.UsageFault_Handler) for UsageFault_Handler
    startup_stm32f407xx.o(RESET) refers to port.o(.text.SVC_Handler) for SVC_Handler
    startup_stm32f407xx.o(RESET) refers to stm32f4xx_it.o(.text.DebugMon_Handler) for DebugMon_Handler
    startup_stm32f407xx.o(RESET) refers to port.o(.text.PendSV_Handler) for PendSV_Handler
    startup_stm32f407xx.o(RESET) refers to cmsis_os2.o(.text.SysTick_Handler) for SysTick_Handler
    startup_stm32f407xx.o(RESET) refers to stm32f4xx_it.o(.text.DMA1_Stream1_IRQHandler) for DMA1_Stream1_IRQHandler
    startup_stm32f407xx.o(RESET) refers to stm32f4xx_it.o(.text.DMA1_Stream3_IRQHandler) for DMA1_Stream3_IRQHandler
    startup_stm32f407xx.o(RESET) refers to stm32f4xx_it.o(.text.CAN1_RX0_IRQHandler) for CAN1_RX0_IRQHandler
    startup_stm32f407xx.o(RESET) refers to stm32f4xx_it.o(.text.CAN1_RX1_IRQHandler) for CAN1_RX1_IRQHandler
    startup_stm32f407xx.o(RESET) refers to stm32f4xx_it.o(.text.USART1_IRQHandler) for USART1_IRQHandler
    startup_stm32f407xx.o(RESET) refers to stm32f4xx_it.o(.text.USART3_IRQHandler) for USART3_IRQHandler
    startup_stm32f407xx.o(RESET) refers to stm32f4xx_it.o(.text.TIM6_DAC_IRQHandler) for TIM6_DAC_IRQHandler
    startup_stm32f407xx.o(RESET) refers to stm32f4xx_it.o(.text.TIM7_IRQHandler) for TIM7_IRQHandler
    startup_stm32f407xx.o(RESET) refers to stm32f4xx_it.o(.text.DMA2_Stream1_IRQHandler) for DMA2_Stream1_IRQHandler
    startup_stm32f407xx.o(RESET) refers to stm32f4xx_it.o(.text.DMA2_Stream2_IRQHandler) for DMA2_Stream2_IRQHandler
    startup_stm32f407xx.o(RESET) refers to stm32f4xx_it.o(.text.CAN2_RX0_IRQHandler) for CAN2_RX0_IRQHandler
    startup_stm32f407xx.o(RESET) refers to stm32f4xx_it.o(.text.CAN2_RX1_IRQHandler) for CAN2_RX1_IRQHandler
    startup_stm32f407xx.o(RESET) refers to stm32f4xx_it.o(.text.DMA2_Stream6_IRQHandler) for DMA2_Stream6_IRQHandler
    startup_stm32f407xx.o(RESET) refers to stm32f4xx_it.o(.text.DMA2_Stream7_IRQHandler) for DMA2_Stream7_IRQHandler
    startup_stm32f407xx.o(RESET) refers to stm32f4xx_it.o(.text.USART6_IRQHandler) for USART6_IRQHandler
    startup_stm32f407xx.o(.text) refers (Special) to heapauxi.o(.text) for __use_two_region_memory
    startup_stm32f407xx.o(.text) refers to system_stm32f4xx.o(.text.SystemInit) for SystemInit
    startup_stm32f407xx.o(.text) refers to __main.o(!!!main) for __main
    startup_stm32f407xx.o(.text) refers to startup_stm32f407xx.o(HEAP) for Heap_Mem
    startup_stm32f407xx.o(.text) refers to startup_stm32f407xx.o(STACK) for Stack_Mem
    main.o(.text.main) refers to stm32f4xx_hal.o(.text.HAL_Init) for HAL_Init
    main.o(.text.main) refers to main.o(.text.SystemClock_Config) for SystemClock_Config
    main.o(.text.main) refers to gpio.o(.text.MX_GPIO_Init) for MX_GPIO_Init
    main.o(.text.main) refers to dma.o(.text.MX_DMA_Init) for MX_DMA_Init
    main.o(.text.main) refers to can.o(.text.MX_CAN1_Init) for MX_CAN1_Init
    main.o(.text.main) refers to can.o(.text.MX_CAN2_Init) for MX_CAN2_Init
    main.o(.text.main) refers to usart.o(.text.MX_USART1_UART_Init) for MX_USART1_UART_Init
    main.o(.text.main) refers to usart.o(.text.MX_USART3_UART_Init) for MX_USART3_UART_Init
    main.o(.text.main) refers to usart.o(.text.MX_USART6_UART_Init) for MX_USART6_UART_Init
    main.o(.text.main) refers to tim.o(.text.MX_TIM7_Init) for MX_TIM7_Init
    main.o(.text.main) refers to tim.o(.text.MX_TIM4_Init) for MX_TIM4_Init
    main.o(.text.main) refers to tim.o(.text.MX_TIM5_Init) for MX_TIM5_Init
    main.o(.text.main) refers to init.o(.text.Init) for Init
    main.o(.text.main) refers to cmsis_os2.o(.text.osKernelInitialize) for osKernelInitialize
    main.o(.text.main) refers to freertos.o(.text.MX_FREERTOS_Init) for MX_FREERTOS_Init
    main.o(.text.main) refers to cmsis_os2.o(.text.osKernelStart) for osKernelStart
[...]
    hdma_usart6_rx                           0x2000089c   Data          96  usart.o(.bss.hdma_usart6_rx)
    hdma_usart6_tx                           0x200008fc   Data          96  usart.o(.bss.hdma_usart6_tx)
    htim4                                    0x2000095c   Data          72  tim.o(.bss.htim4)
    htim5                                    0x200009a4   Data          72  tim.o(.bss.htim5)
    htim6                                    0x200009ec   Data          72  stm32f4xx_hal_timebase_tim.o(.bss.htim6)
    htim7                                    0x20000a34   Data          72  tim.o(.bss.htim7)
    huart1                                   0x20000a7c   Data          72  usart.o(.bss.huart1)
    huart3                                   0x20000ac4   Data          72  usart.o(.bss.huart3)
    huart6                                   0x20000b0c   Data          72  usart.o(.bss.huart6)
    i                                        0x20000b58   Data           8  communicationtask.o(.bss.i)
    pid_angle_String                         0x20000b60   Data         576  variable.o(.bss.pid_angle_String)
    pid_vel_String                           0x20000da0   Data         576  variable.o(.bss.pid_vel_String)
    pid_vel_Wheel                            0x20000fe0   Data         576  variable.o(.bss.pid_vel_Wheel)
    pxCurrentTCB                             0x20001314   Data           4  tasks.o(.bss.pxCurrentTCB)
    shootTaskHandle                          0x2000178c   Data           4  freertos.o(.bss.shootTaskHandle)
    state_num                                0x20001790   Data           1  gimbaltask.o(.bss.state_num)
    tar_vw                                   0x20001794   Data          28  variable.o(.bss.tar_vw)
    tar_vx                                   0x200017b0   Data          28  variable.o(.bss.tar_vx)
    tar_vy                                   0x200017cc   Data          28  variable.o(.bss.tar_vy)
    taskManager                              0x200017e8   Data          12  gimbaltask.o(.bss.taskManager)
    td3508_torque                            0x200017f4   Data          28  variable.o(.bss.td3508_torque)
    td6020_torque                            0x20001810   Data          28  variable.o(.bss.td6020_torque)
    td_3508_speed                            0x2000182c   Data         112  variable.o(.bss.td_3508_speed)
    td_FF_Tar                                0x2000189c   Data          28  variable.o(.bss.td_FF_Tar)
    td_Power                                 0x200018b8   Data         112  variable.o(.bss.td_Power)
    ude_Kpid_angle                           0x20005530   Data          24  variable.o(.bss.ude_Kpid_angle)
    ude_Kpid_vel                             0x20005548   Data          24  variable.o(.bss.ude_Kpid_vel)
    ude_angle_demo                           0x20005560   Data         144  variable.o(.bss.ude_angle_demo)
    ude_vel_demo                             0x200055f0   Data         144  variable.o(.bss.ude_vel_demo)
    uwTick                                   0x20005684   Data           4  stm32f4xx_hal.o(.bss.uwTick)
    xQueueRegistry                           0x20005ddc   Data          64  queue.o(.bss.xQueueRegistry)



==============================================================================

Memory Map of the image

  Image Entry point : 0x08000189

  Load Region LR_IROM1 (Base: 0x08000000, Size: 0x0000cc38, Max: 0x00100000, ABSOLUTE)

    Execution Region ER_IROM1 (Exec base: 0x08000000, Load base: 0x08000000, Size: 0x0000cc20, Max: 0x00100000, ABSOLUTE)

    Exec Addr    Load Addr    Size         Type   Attr      Idx    E Section Name        Object

    0x08000000   0x08000000   0x00000188   Data   RO            3    RESET               startup_stm32f407xx.o
    0x08000188   0x08000188   0x00000008   Code   RO         2534  * !!!main             c_w.l(__main.o)
    0x08000190   0x08000190   0x00000034   Code   RO         3002    !!!scatter          c_w.l(__scatter.o)
    0x080001c4   0x080001c4   0x0000001a   Code   RO         3004    !!handler_copy      c_w.l(__scatter_copy.o)
    0x080001de   0x080001de   0x00000002   PAD
    0x080001e0   0x080001e0   0x0000001c   Code   RO         3006    !!handler_zi        c_w.l(__scatter_zi.o)
    0x080001fc   0x080001fc   0x00000002   Code   RO         2944    .ARM.Collect$$libinit$$00000000  c_w.l(libinit.o)
    0x080001fe   0x080001fe   0x00000004   Code   RO         2716    .ARM.Collect$$libinit$$00000001  c_w.l(libinit2.o)
    0x08000202   0x08000202   0x00000000   Code   RO         2719    .ARM.Collect$$libinit$$00000004  c_w.l(libinit2.o)
    0x08000202   0x08000202   0x00000000   Code   RO         2721    .ARM.Collect$$libinit$$00000006  c_w.l(libinit2.o)
    0x08000202   0x08000202   0x00000008   Code   RO         2722    .ARM.Collect$$libinit$$00000007  c_w.l(libinit2.o)
    0x0800020a   0x0800020a   0x00000000   Code   RO         2724    .ARM.Collect$$libinit$$0000000C  c_w.l(libinit2.o)
    0x0800020a   0x0800020a   0x00000000   Code   RO         2726    .ARM.Collect$$libinit$$0000000E  c_w.l(libinit2.o)
    0x0800020a   0x0800020a   0x00000000   Code   RO         2728    .ARM.Collect$$libinit$$00000010  c_w.l(libinit2.o)
    0x0800020a   0x0800020a   0x00000000   Code   RO         2731    .ARM.Collect$$libinit$$00000013  c_w.l(libinit2.o)
    0x0800020a   0x0800020a   0x00000000   Code   RO         2733    .ARM.Collect$$libinit$$00000015  c_w.l(libinit2.o)
    0x0800020a   0x0800020a   0x00000000   Code   RO         2735    .ARM.Collect$$libinit$$00000017  c_w.l(libinit2.o)
    0x0800020a   0x0800020a   0x00000000   Code   RO         2737    .ARM.Collect$$libinit$$00000019  c_w.l(libinit2.o)
    0x0800020a   0x0800020a   0x00000000   Code   RO         2739    .ARM.Collect$$libinit$$0000001B  c_w.l(libinit2.o)
    0x0800020a   0x0800020a   0x00000000   Code   RO         2741    .ARM.Collect$$libinit$$0000001D  c_w.l(libinit2.o)
    0x0800020a   0x0800020a   0x00000000   Code   RO         2743    .ARM.Collect$$libinit$$0000001F  c_w.l(libinit2.o)
    0x0800020a   0x0800020a   0x00000000   Code   RO         2745    .ARM.Collect$$libinit$$00000021  c_w.l(libinit2.o)
    0x0800020a   0x0800020a   0x00000000   Code   RO         2747    .ARM.Collect$$libinit$$00000023  c_w.l(libinit2.o)
    0x0800020a   0x0800020a   0x00000000   Code   RO         2749    .ARM.Collect$$libinit$$00000025  c_w.l(libinit2.o)
    0x0800020a   0x0800020a   0x00000000   Code   RO         2751    .ARM.Collect$$libinit$$00000027  c_w.l(libinit2.o)
    0x0800020a   0x0800020a   0x00000000   Code   RO         2755    .ARM.Collect$$libinit$$0000002E  c_w.l(libinit2.o)
    0x0800020a   0x0800020a   0x00000000   Code   RO         2757    .ARM.Collect$$libinit$$00000030  c_w.l(libinit2.o)
    0x0800020a   0x0800020a   0x00000000   Code   RO         2759    .ARM.Collect$$libinit$$00000032  c_w.l(libinit2.o)
    0x0800020a   0x0800020a   0x00000004   Code   RO         2760    .ARM.Collect$$libinit$$00000033  c_w.l(libinit2.o)
    0x0800020e   0x0800020e   0x00000000   Code   RO         2761    .ARM.Collect$$libinit$$00000034  c_w.l(libinit2.o)
    0x0800020e   0x0800020e   0x00000002   Code   RO         2762    .ARM.Collect$$libinit$$00000035  c_w.l(libinit2.o)
    0x08000210   0x08000210   0x00000002   Code   RO         3000    .ARM.Collect$$libshutdown$$00000000  c_w.l(libshutdown.o)
    0x08000212   0x08000212   0x00000006   Code   RO         2945    .ARM.Collect$$libshutdown$$00000001  c_w.l(libshutdown2.o)
    0x08000218   0x08000218   0x00000000   Code   RO         2946    .ARM.Collect$$libshutdown$$00000002  c_w.l(libshutdown2.o)
    0x08000218   0x08000218   0x00000000   Code   RO         2948    .ARM.Collect$$libshutdown$$00000004  c_w.l(libshutdown2.o)
    0x08000218   0x08000218   0x00000000   Code   RO         2951    .ARM.Collect$$libshutdown$$00000007  c_w.l(libshutdown2.o)
    0x08000218   0x08000218   0x00000000   Code   RO         2954    .ARM.Collect$$libshutdown$$0000000A  c_w.l(libshutdown2.o)
    0x08000218   0x08000218   0x00000000   Code   RO         2956    .ARM.Collect$$libshutdown$$0000000C  c_w.l(libshutdown2.o)
    0x08000218   0x08000218   0x00000000   Code   RO         2959    .ARM.Collect$$libshutdown$$0000000F  c_w.l(libshutdown2.o)
    0x08000218   0x08000218   0x00000002   Code   RO         2960    .ARM.Collect$$libshutdown$$00000010  c_w.l(libshutdown2.o)
    0x0800021a   0x0800021a   0x00000000   Code   RO         2631    .ARM.Collect$$rtentry$$00000000  c_w.l(__rtentry.o)
    0x0800021a   0x0800021a   0x00000000   Code   RO         2824    .ARM.Collect$$rtentry$$00000002  c_w.l(__rtentry2.o)
    0x0800021a   0x0800021a   0x00000006   Code   RO         2836    .ARM.Collect$$rtentry$$00000004  c_w.l(__rtentry4.o)
    0x08000220   0x08000220   0x00000000   Code   RO         2826    .ARM.Collect$$rtentry$$00000009  c_w.l(__rtentry2.o)
    0x08000220   0x08000220   0x00000004   Code   RO         2827    .ARM.Collect$$rtentry$$0000000A  c_w.l(__rtentry2.o)
    0x08000224   0x08000224   0x00000000   Code   RO         2829    .ARM.Collect$$rtentry$$0000000C  c_w.l(__rtentry2.o)
    0x08000224   0x08000224   0x00000008   Code   RO         2830    .ARM.Collect$$rtentry$$0000000D  c_w.l(__rtentry2.o)
    0x0800022c   0x0800022c   0x00000002   Code   RO         2965    .ARM.Collect$$rtexit$$00000000  c_w.l(rtexit.o)
    0x0800022e   0x0800022e   0x00000000   Code   RO         2976    .ARM.Collect$$rtexit$$00000002  c_w.l(rtexit2.o)
    0x0800022e   0x0800022e   0x00000004   Code   RO         2977    .ARM.Collect$$rtexit$$00000003  c_w.l(rtexit2.o)
    0x08000232   0x08000232   0x00000006   Code   RO         2978    .ARM.Collect$$rtexit$$00000004  c_w.l(rtexit2.o)
    0x08000238   0x08000238   0x00000040   Code   RO            4    .text               startup_stm32f407xx.o
    0x08000278   0x08000278   0x000000f0   Code   RO         2512    .text               c_w.l(lludivv7m.o)
    0x08000368   0x08000368   0x00000016   Code   RO         2514    .text               c_w.l(abort.o)
    0x0800037e   0x0800037e   0x0000000a   Code   RO         2519    .text               c_w.l(cxa_atexit.o)
    0x08000388   0x08000388   0x0000008a   Code   RO         2522    .text               c_w.l(rt_memcpy_v6.o)
    0x08000412   0x08000412   0x00000010   Code   RO         2526    .text               c_w.l(aeabi_memset4.o)
    0x08000422   0x08000422   0x0000004e   Code   RO         2530    .text               c_w.l(rt_memclr_w.o)
    0x08000470   0x08000470   0x00000006   Code   RO         2532    .text               c_w.l(heapauxi.o)
    0x08000476   0x08000476   0x00000002   PAD
    0x08000478   0x08000478   0x00000024   Code   RO         2539    .text               c_w.l(init_aeabi.o)
    0x0800049c   0x0800049c   0x0000000c   Code   RO         2627    .text               c_w.l(sys_exit.o)
    0x080004a8   0x080004a8   0x0000005e   Code   RO         2640    .text               c_w.l(h1_alloc.o)
    0x08000506   0x08000506   0x0000004e   Code   RO         2642    .text               c_w.l(h1_free.o)
    0x08000554   0x08000554   0x0000002e   Code   RO         2707    .text               c_w.l(aeabi_atexit.o)
    0x08000582   0x08000582   0x0000000e   Code   RO         2710    .text               c_w.l(defsig_abrt_outer.o)
    0x08000590   0x08000590   0x00000064   Code   RO         2714    .text               c_w.l(rt_memcpy_w.o)
    0x080005f4   0x080005f4   0x00000002   Code   RO         2818    .text               c_w.l(use_no_semi.o)
    0x080005f6   0x080005f6   0x00000000   Code   RO         2822    .text               c_w.l(indicate_semi.o)
    0x080005f6   0x080005f6   0x00000002   PAD
    0x080005f8   0x080005f8   0x00000008   Code   RO         2845    .text               c_w.l(rt_heap_descriptor_intlibspace.o)
    0x08000600   0x08000600   0x00000008   Code   RO         2850    .text               c_w.l(rt_ddtor_pointer_addr_intlibspace.o)
    0x08000608   0x08000608   0x00000004   Code   RO         2857    .text               c_w.l(hguard.o)
    0x0800060c   0x0800060c   0x0000008a   Code   RO         2859    .text               c_w.l(init_alloc.o)
    0x08000696   0x08000696   0x0000000e   Code   RO         2863    .text               c_w.l(h1_init.o)
    0x080006a4   0x080006a4   0x00000042   Code   RO         2875    .text               c_w.l(cxa_finalize.o)
    0x080006e6   0x080006e6   0x0000000a   Code   RO         2878    .text               c_w.l(defsig_exit.o)
    0x080006f0   0x080006f0   0x00000030   Code   RO         2880    .text               c_w.l(defsig_abrt_inner.o)
    0x08000720   0x08000720   0x00000008   Code   RO         2905    .text               c_w.l(libspace.o)
    0x08000728   0x08000728   0x0000004a   Code   RO         2908    .text               c_w.l(sys_stackheap_outer.o)
    0x08000772   0x08000772   0x00000000   Code   RO         2912    .text               c_w.l(maybetermalloc1.o)
    0x08000772   0x08000772   0x00000034   Code   RO         2914    .text               c_w.l(h1_extend.o)
    0x080007a6   0x080007a6   0x00000012   Code   RO         2918    .text               c_w.l(exit.o)
    0x080007b8   0x080007b8   0x00000032   Code   RO         2922    .text               c_w.l(defsig_general.o)
    0x080007ea   0x080007ea   0x0000000e   Code   RO         2928    .text               c_w.l(defsig_rtmem_outer.o)
    0x080007f8   0x080007f8   0x0000000e   Code   RO         2961    .text               c_w.l(sys_wrch.o)
    0x08000806   0x08000806   0x00000002   PAD
    0x08000808   0x08000808   0x00000050   Code   RO         2971    .text               c_w.l(defsig_rtmem_inner.o)
    0x08000858   0x08000858   0x00000004   Code   RO          141    .text.BusFault_Handler  stm32f4xx_it.o
    0x0800085c   0x0800085c   0x00000010   Code   RO          151    .text.CAN1_RX0_IRQHandler  stm32f4xx_it.o
    0x0800086c   0x0800086c   0x00000010   Code   RO          153    .text.CAN1_RX1_IRQHandler  stm32f4xx_it.o
    0x0800087c   0x0800087c   0x00000010   Code   RO          167    .text.CAN2_RX0_IRQHandler  stm32f4xx_it.o
    0x0800088c   0x0800088c   0x00000010   Code   RO          169    .text.CAN2_RX1_IRQHandler  stm32f4xx_it.o
    0x0800089c   0x0800089c   0x00000026   Code   RO         2374    .text.CommunicationTask  communicationtask.o
    0x080008c2   0x080008c2   0x00000002   PAD
    0x080008c4   0x080008c4   0x00000010   Code   RO          147    .text.DMA1_Stream1_IRQHandler  stm32f4xx_it.o
    0x080008d4   0x080008d4   0x00000010   Code   RO          149    .text.DMA1_Stream3_IRQHandler  stm32f4xx_it.o
    0x080008e4   0x080008e4   0x00000010   Code   RO          163    .text.DMA2_Stream1_IRQHandler  stm32f4xx_it.o
    0x080008f4   0x080008f4   0x00000010   Code   RO          165    .text.DMA2_Stream2_IRQHandler  stm32f4xx_it.o
    0x08000904   0x08000904   0x00000010   Code   RO          171    .text.DMA2_Stream6_IRQHandler  stm32f4xx_it.o
    0x08000914   0x08000914   0x00000010   Code   RO          173    .text.DMA2_Stream7_IRQHandler  stm32f4xx_it.o
    0x08000924   0x08000924   0x00000056   Code   RO          463    .text.DMA_CalcBaseAndBitshift  stm32f4xx_hal_dma.o
    0x0800097a   0x0800097a   0x00000002   PAD
    0x0800097c   0x0800097c   0x000000f0   Code   RO          461    .text.DMA_CheckFifoParam  stm32f4xx_hal_dma.o
    0x08000a6c   0x08000a6c   0x00000050   Code   RO          469    .text.DMA_SetConfig  stm32f4xx_hal_dma.o
    0x08000abc   0x08000abc   0x00000002   Code   RO          145    .text.DebugMon_Handler  stm32f4xx_it.o
    0x08000abe   0x08000abe   0x00000002   PAD
    0x08000ac0   0x08000ac0   0x00000006   Code   RO           15    .text.Error_Handler  main.o
    0x08000ac6   0x08000ac6   0x00000002   PAD
    0x08000ac8   0x08000ac8   0x00000018   Code   RO         2418    .text.EventTask     eventask.o
    0x08000ae0   0x08000ae0   0x00000030   Code   RO         2262    .text.GimbalTask    gimbaltask.o
    0x08000b10   0x08000b10   0x00000052   Code   RO          240    .text.HAL_CAN_ActivateNotification  stm32f4xx_hal_can.o
    0x08000b62   0x08000b62   0x00000002   PAD
    0x08000b64   0x08000b64   0x000001a4   Code   RO          216    .text.HAL_CAN_ConfigFilter  stm32f4xx_hal_can.o
    0x08000d08   0x08000d08   0x00000008   Code   RO          270    .text.HAL_CAN_ErrorCallback  stm32f4xx_hal_can.o
    0x08000d10   0x08000d10   0x00000212   Code   RO          236    .text.HAL_CAN_GetRxMessage  stm32f4xx_hal_can.o
    0x08000f22   0x08000f22   0x00000002   PAD
    0x08000f24   0x08000f24   0x000003f2   Code   RO          244    .text.HAL_CAN_IRQHandler  stm32f4xx_hal_can.o
    0x08001316   0x08001316   0x00000002   PAD
    0x08001318   0x08001318   0x000001de   Code   RO          206    .text.HAL_CAN_Init  stm32f4xx_hal_can.o
    0x080014f6   0x080014f6   0x00000002   PAD
    0x080014f8   0x080014f8   0x000001aa   Code   RO           61    .text.HAL_CAN_MspInit  can.o
    0x080016a2   0x080016a2   0x00000002   PAD
    0x080016a4   0x080016a4   0x00000008   Code   RO          258    .text.HAL_CAN_RxFifo0FullCallback  stm32f4xx_hal_can.o
    0x080016ac   0x080016ac   0x00000106   Code   RO         2247    .text.HAL_CAN_RxFifo0MsgPendingCallback  callback.o
    0x080017b2   0x080017b2   0x00000002   PAD
    0x080017b4   0x080017b4   0x00000008   Code   RO          262    .text.HAL_CAN_RxFifo1FullCallback  stm32f4xx_hal_can.o
    0x080017bc   0x080017bc   0x00000008   Code   RO          264    .text.HAL_CAN_RxFifo1MsgPendingCallback  stm32f4xx_hal_can.o
    0x080017c4   0x080017c4   0x00000008   Code   RO          266    .text.HAL_CAN_SleepCallback  stm32f4xx_hal_can.o
    0x080017cc   0x080017cc   0x0000008a   Code   RO          218    .text.HAL_CAN_Start  stm32f4xx_hal_can.o
    0x08001856   0x08001856   0x00000002   PAD
    0x08001858   0x08001858   0x00000008   Code   RO          248    .text.HAL_CAN_TxMailbox0AbortCallback  stm32f4xx_hal_can.o
    0x08001860   0x08001860   0x00000008   Code   RO          246    .text.HAL_CAN_TxMailbox0CompleteCallback  stm32f4xx_hal_can.o
    0x08001868   0x08001868   0x00000008   Code   RO          252    .text.HAL_CAN_TxMailbox1AbortCallback  stm32f4xx_hal_can.o
    0x08001870   0x08001870   0x00000008   Code   RO          250    .text.HAL_CAN_TxMailbox1CompleteCallback  stm32f4xx_hal_can.o
    0x08001878   0x08001878   0x00000008   Code   RO          256    .text.HAL_CAN_TxMailbox2AbortCallback  stm32f4xx_hal_can.o
    0x08001880   0x08001880   0x00000008   Code   RO          254    .text.HAL_CAN_TxMailbox2CompleteCallback  stm32f4xx_hal_can.o
    0x08001888   0x08001888   0x00000008   Code   RO          268    .text.HAL_CAN_WakeUpFromRxMsgCallback  stm32f4xx_hal_can.o
    0x08001890   0x08001890   0x000000ec   Code   RO          473    .text.HAL_DMA_Abort  stm32f4xx_hal_dma.o
    0x0800197c   0x0800197c   0x00000044   Code   RO          475    .text.HAL_DMA_Abort_IT  stm32f4xx_hal_dma.o
    0x080019c0   0x080019c0   0x0000031e   Code   RO          479    .text.HAL_DMA_IRQHandler  stm32f4xx_hal_dma.o
    0x08001cde   0x08001cde   0x00000002   PAD
    0x08001ce0   0x08001ce0   0x0000016e   Code   RO          459    .text.HAL_DMA_Init  stm32f4xx_hal_dma.o
    0x08001e4e   0x08001e4e   0x00000002   PAD
    0x08001e50   0x08001e50   0x000000c2   Code   RO          471    .text.HAL_DMA_Start_IT  stm32f4xx_hal_dma.o
    0x08001f12   0x08001f12   0x00000002   PAD
    0x08001f14   0x08001f14   0x000003b6   Code   RO          421    .text.HAL_GPIO_Init  stm32f4xx_hal_gpio.o
    0x080022ca   0x080022ca   0x00000002   PAD
    0x080022cc   0x080022cc   0x0000000c   Code   RO          646    .text.HAL_GetTick   stm32f4xx_hal.o
    0x080022d8   0x080022d8   0x0000001a   Code   RO          644    .text.HAL_IncTick   stm32f4xx_hal.o
    0x080022f2   0x080022f2   0x00000002   PAD
    0x080022f4   0x080022f4   0x00000036   Code   RO          634    .text.HAL_Init      stm32f4xx_hal.o
    0x0800232a   0x0800232a   0x00000002   PAD
    0x0800232c   0x0800232c   0x000000f0   Code   RO          192    .text.HAL_InitTick  stm32f4xx_hal_timebase_tim.o
    0x0800241c   0x0800241c   0x00000058   Code   RO          184    .text.HAL_MspInit   stm32f4xx_hal_msp.o
    0x08002474   0x08002474   0x00000014   Code   RO          569    .text.HAL_NVIC_EnableIRQ  stm32f4xx_hal_cortex.o
    0x08002488   0x08002488   0x00000032   Code   RO          561    .text.HAL_NVIC_SetPriority  stm32f4xx_hal_cortex.o
    0x080024ba   0x080024ba   0x00000002   PAD
    0x080024bc   0x080024bc   0x00000010   Code   RO          557    .text.HAL_NVIC_SetPriorityGrouping  stm32f4xx_hal_cortex.o
    0x080024cc   0x080024cc   0x00000262   Code   RO          289    .text.HAL_RCC_ClockConfig  stm32f4xx_hal_rcc.o
    0x0800272e   0x0800272e   0x00000002   PAD
    0x08002730   0x08002730   0x00000054   Code   RO          307    .text.HAL_RCC_GetClockConfig  stm32f4xx_hal_rcc.o
    0x08002784   0x08002784   0x0000000c   Code   RO          299    .text.HAL_RCC_GetHCLKFreq  stm32f4xx_hal_rcc.o
    0x08002790   0x08002790   0x00000022   Code   RO          301    .text.HAL_RCC_GetPCLK1Freq  stm32f4xx_hal_rcc.o
    0x080027b2   0x080027b2   0x00000002   PAD
    0x080027b4   0x080027b4   0x00000022   Code   RO          303    .text.HAL_RCC_GetPCLK2Freq  stm32f4xx_hal_rcc.o
    0x080027d6   0x080027d6   0x00000002   PAD
    0x080027d8   0x080027d8   0x000000e6   Code   RO          291    .text.HAL_RCC_GetSysClockFreq  stm32f4xx_hal_rcc.o
    0x080028be   0x080028be   0x00000002   PAD
    0x080028c0   0x080028c0   0x000006be   Code   RO          287    .text.HAL_RCC_OscConfig  stm32f4xx_hal_rcc.o
    0x08002f7e   0x08002f7e   0x00000002   PAD
    0x08002f80   0x08002f80   0x00000008   Code   RO         1046    .text.HAL_TIMEx_BreakCallback  stm32f4xx_hal_tim_ex.o
    0x08002f88   0x08002f88   0x00000008   Code   RO         1042    .text.HAL_TIMEx_CommutCallback  stm32f4xx_hal_tim_ex.o
    0x08002f90   0x08002f90   0x00000122   Code   RO         1036    .text.HAL_TIMEx_MasterConfigSynchronization  stm32f4xx_hal_tim_ex.o
    0x080030b2   0x080030b2   0x00000002   PAD
    0x080030b4   0x080030b4   0x0000009c   Code   RO          723    .text.HAL_TIM_Base_Init  stm32f4xx_hal_tim.o
    0x08003150   0x08003150   0x0000008a   Code   RO           93    .text.HAL_TIM_Base_MspInit  tim.o
    0x080031da   0x080031da   0x00000002   PAD
    0x080031dc   0x080031dc   0x000000ea   Code   RO          733    .text.HAL_TIM_Base_Start  stm32f4xx_hal_tim.o
    0x080032c6   0x080032c6   0x00000002   PAD
    0x080032c8   0x080032c8   0x000000f6   Code   RO          737    .text.HAL_TIM_Base_Start_IT  stm32f4xx_hal_tim.o
    0x080033be   0x080033be   0x00000002   PAD
    0x080033c0   0x080033c0   0x00000184   Code   RO          915    .text.HAL_TIM_ConfigClockSource  stm32f4xx_hal_tim.o
    0x08003544   0x08003544   0x00000008   Code   RO          859    .text.HAL_TIM_IC_CaptureCallback  stm32f4xx_hal_tim.o
    0x0800354c   0x0800354c   0x0000021a   Code   RO          857    .text.HAL_TIM_IRQHandler  stm32f4xx_hal_tim.o
    0x08003766   0x08003766   0x00000002   PAD
    0x08003768   0x08003768   0x000000c6   Code   RO           85    .text.HAL_TIM_MspPostInit  tim.o
    0x0800382e   0x0800382e   0x00000002   PAD
    0x08003830   0x08003830   0x00000008   Code   RO          861    .text.HAL_TIM_OC_DelayElapsedCallback  stm32f4xx_hal_tim.o
    0x08003838   0x08003838   0x00000142   Code   RO          889    .text.HAL_TIM_PWM_ConfigChannel  stm32f4xx_hal_tim.o
    0x0800397a   0x0800397a   0x00000002   PAD
    0x0800397c   0x0800397c   0x0000009c   Code   RO          777    .text.HAL_TIM_PWM_Init  stm32f4xx_hal_tim.o
    0x08003a18   0x08003a18   0x0000003e   Code   RO           91    .text.HAL_TIM_PWM_MspInit  tim.o
    0x08003a56   0x08003a56   0x00000002   PAD
    0x08003a58   0x08003a58   0x00000008   Code   RO          863    .text.HAL_TIM_PWM_PulseFinishedCallback  stm32f4xx_hal_tim.o
    0x08003a60   0x08003a60   0x000001ca   Code   RO          785    .text.HAL_TIM_PWM_Start  stm32f4xx_hal_tim.o
    0x08003c2a   0x08003c2a   0x00000002   PAD
    0x08003c2c   0x08003c2c   0x00000022   Code   RO           17    .text.HAL_TIM_PeriodElapsedCallback  main.o
    0x08003c4e   0x08003c4e   0x00000002   PAD
    0x08003c50   0x08003c50   0x00000008   Code   RO          867    .text.HAL_TIM_TriggerCallback  stm32f4xx_hal_tim.o
    0x08003c58   0x08003c58   0x000000c2   Code   RO         1113    .text.HAL_UARTEx_ReceiveToIdle_DMA  stm32f4xx_hal_uart.o
    0x08003d1a   0x08003d1a   0x00000002   PAD
    0x08003d1c   0x08003d1c   0x00000032   Code   RO         2249    .text.HAL_UARTEx_RxEventCallback  callback.o
    0x08003d4e   0x08003d4e   0x00000002   PAD
    0x08003d50   0x08003d50   0x00000008   Code   RO         1149    .text.HAL_UART_ErrorCallback  stm32f4xx_hal_uart.o
    0x08003d58   0x08003d58   0x0000042c   Code   RO         1143    .text.HAL_UART_IRQHandler  stm32f4xx_hal_uart.o
    0x08004184   0x08004184   0x0000009e   Code   RO         1059    .text.HAL_UART_Init  stm32f4xx_hal_uart.o
    0x08004222   0x08004222   0x00000002   PAD
    0x08004224   0x08004224   0x00000412   Code   RO          115    .text.HAL_UART_MspInit  usart.o
    0x08004636   0x08004636   0x00000002   PAD
    0x08004638   0x08004638   0x00000008   Code   RO         1161    .text.HAL_UART_RxCpltCallback  stm32f4xx_hal_uart.o
    0x08004640   0x08004640   0x00000008   Code   RO         1163    .text.HAL_UART_RxHalfCpltCallback  stm32f4xx_hal_uart.o
    0x08004648   0x08004648   0x00000008   Code   RO         1157    .text.HAL_UART_TxCpltCallback  stm32f4xx_hal_uart.o
    0x08004650   0x08004650   0x00000004   Code   RO          137    .text.HardFault_Handler  stm32f4xx_it.o
    0x08004654   0x08004654   0x00000074   Code   RO         1900    .text.Init          init.o
    0x080046c8   0x080046c8   0x0000004e   Code   RO           57    .text.MX_CAN1_Init  can.o
    0x08004716   0x08004716   0x00000002   PAD
    0x08004718   0x08004718   0x0000004e   Code   RO           59    .text.MX_CAN2_Init  can.o
    0x08004766   0x08004766   0x00000002   PAD
    0x08004768   0x08004768   0x000000bc   Code   RO           75    .text.MX_DMA_Init   dma.o
    0x08004824   0x08004824   0x000000aa   Code   RO           35    .text.MX_FREERTOS_Init  freertos.o
    0x080048ce   0x080048ce   0x00000002   PAD
    0x080048d0   0x080048d0   0x000000d2   Code   RO           27    .text.MX_GPIO_Init  gpio.o
    0x080049a2   0x080049a2   0x00000002   PAD
    0x080049a4   0x080049a4   0x0000009e   Code   RO           83    .text.MX_TIM4_Init  tim.o
    0x08004a42   0x08004a42   0x00000002   PAD
    0x08004a44   0x08004a44   0x0000010e   Code   RO           87    .text.MX_TIM5_Init  tim.o
    0x08004b52   0x08004b52   0x00000002   PAD
    0x08004b54   0x08004b54   0x0000005c   Code   RO           89    .text.MX_TIM7_Init  tim.o
    0x08004bb0   0x08004bb0   0x00000040   Code   RO          109    .text.MX_USART1_UART_Init  usart.o
    0x08004bf0   0x08004bf0   0x0000004c   Code   RO          111    .text.MX_USART3_UART_Init  usart.o
    0x08004c3c   0x08004c3c   0x00000040   Code   RO          113    .text.MX_USART6_UART_Init  usart.o
    0x08004c7c   0x08004c7c   0x00000004   Code   RO          139    .text.MemManage_Handler  stm32f4xx_it.o
    0x08004c80   0x08004c80   0x00000004   Code   RO          135    .text.NMI_Handler   stm32f4xx_it.o
    0x08004c84   0x08004c84   0x0000006c   Code   RO          567    .text.NVIC_EncodePriority  stm32f4xx_hal_cortex.o
    0x08004cf0   0x08004cf0   0x00000064   Code   RO         1858    .text.PendSV_Handler  port.o
    0x08004d54   0x08004d54   0x0000000c   PAD
    0x08004d60   0x08004d60   0x00000024   Code   RO         1842    .text.SVC_Handler   port.o
    0x08004d84   0x08004d84   0x0000000e   Code   RO         1638    .text.SVC_Setup     cmsis_os2.o
    0x08004d92   0x08004d92   0x00000002   PAD
    0x08004d94   0x08004d94   0x00000010   Code   RO         2488    .text.ShootTask     shoottask.o
    0x08004da4   0x08004da4   0x00000010   Code   RO           37    .text.StartDefaultTask  freertos.o
    0x08004db4   0x08004db4   0x0000001e   Code   RO         1628    .text.SysTick_Handler  cmsis_os2.o
    0x08004dd2   0x08004dd2   0x00000002   PAD
    0x08004dd4   0x08004dd4   0x000000bc   Code   RO           13    .text.SystemClock_Config  main.o
    0x08004e90   0x08004e90   0x00000012   Code   RO         1190    .text.SystemInit    system_stm32f4xx.o
    0x08004ea2   0x08004ea2   0x00000002   PAD
    0x08004ea4   0x08004ea4   0x00000010   Code   RO          159    .text.TIM6_DAC_IRQHandler  stm32f4xx_it.o
    0x08004eb4   0x08004eb4   0x00000010   Code   RO          161    .text.TIM7_IRQHandler  stm32f4xx_it.o
    0x08004ec4   0x08004ec4   0x000001b0   Code   RO          727    .text.TIM_Base_SetConfig  stm32f4xx_hal_tim.o
    0x08005074   0x08005074   0x00000036   Code   RO          761    .text.TIM_CCxChannelCmd  stm32f4xx_hal_tim.o
    0x080050aa   0x080050aa   0x00000002   PAD
    0x080050ac   0x080050ac   0x00000034   Code   RO          913    .text.TIM_ETR_SetConfig  stm32f4xx_hal_tim.o
    0x080050e0   0x080050e0   0x0000002a   Code   RO          919    .text.TIM_ITRx_SetConfig  stm32f4xx_hal_tim.o
    0x0800510a   0x0800510a   0x00000002   PAD
    0x0800510c   0x0800510c   0x000000ea   Code   RO          871    .text.TIM_OC1_SetConfig  stm32f4xx_hal_tim.o
    0x080051f6   0x080051f6   0x00000002   PAD
    0x080051f8   0x080051f8   0x000000f4   Code   RO          873    .text.TIM_OC2_SetConfig  stm32f4xx_hal_tim.o
    0x080052ec   0x080052ec   0x000000f2   Code   RO          875    .text.TIM_OC3_SetConfig  stm32f4xx_hal_tim.o
    0x080053de   0x080053de   0x00000002   PAD
    0x080053e0   0x080053e0   0x000000a4   Code   RO          877    .text.TIM_OC4_SetConfig  stm32f4xx_hal_tim.o
    0x08005484   0x08005484   0x00000050   Code   RO          917    .text.TIM_TI1_ConfigInputStage  stm32f4xx_hal_tim.o
    0x080054d4   0x080054d4   0x00000052   Code   RO          921    .text.TIM_TI2_ConfigInputStage  stm32f4xx_hal_tim.o
    0x08005526   0x08005526   0x00000002   PAD
    0x08005528   0x08005528   0x00000020   Code   RO         1147    .text.UART_DMAAbortOnError  stm32f4xx_hal_uart.o
    0x08005548   0x08005548   0x0000007c   Code   RO         1093    .text.UART_DMAError  stm32f4xx_hal_uart.o
    0x080055c4   0x080055c4   0x000000f4   Code   RO         1179    .text.UART_DMAReceiveCplt  stm32f4xx_hal_uart.o
    0x080056b8   0x080056b8   0x00000034   Code   RO         1181    .text.UART_DMARxHalfCplt  stm32f4xx_hal_uart.o
    0x080056ec   0x080056ec   0x00000094   Code   RO         1107    .text.UART_EndRxTransfer  stm32f4xx_hal_uart.o
    0x08005780   0x08005780   0x00000026   Code   RO         1155    .text.UART_EndTransmit_IT  stm32f4xx_hal_uart.o
    0x080057a6   0x080057a6   0x00000002   PAD
    0x080057a8   0x080057a8   0x00000036   Code   RO         1105    .text.UART_EndTxTransfer  stm32f4xx_hal_uart.o
    0x080057de   0x080057de   0x00000002   PAD
    0x080057e0   0x080057e0   0x0000016a   Code   RO         1145    .text.UART_Receive_IT  stm32f4xx_hal_uart.o
    0x0800594a   0x0800594a   0x00000002   PAD
    0x0800594c   0x0800594c   0x0000013a   Code   RO         1063    .text.UART_SetConfig  stm32f4xx_hal_uart.o
    0x08005a86   0x08005a86   0x00000002   PAD
    0x08005a88   0x08005a88   0x0000010c   Code   RO         1097    .text.UART_Start_Receive_DMA  stm32f4xx_hal_uart.o
    0x08005b94   0x08005b94   0x00000094   Code   RO         1153    .text.UART_Transmit_IT  stm32f4xx_hal_uart.o
    0x08005c28   0x08005c28   0x00000010   Code   RO          155    .text.USART1_IRQHandler  stm32f4xx_it.o
    0x08005c38   0x08005c38   0x00000010   Code   RO          157    .text.USART3_IRQHandler  stm32f4xx_it.o
    0x08005c48   0x08005c48   0x00000010   Code   RO          175    .text.USART6_IRQHandler  stm32f4xx_it.o
    0x08005c58   0x08005c58   0x00000004   Code   RO          143    .text.UsageFault_Handler  stm32f4xx_it.o
    0x08005c5c   0x08005c5c   0x00000008   Code   RO         2386    .text._GLOBAL__sub_I_CommunicationTask.cpp  communicationtask.o
    0x08005c64   0x08005c64   0x00000008   Code   RO         1971    .text._GLOBAL__sub_I_Dbus.cpp  dbus.o
    0x08005c6c   0x08005c6c   0x00000010   Code   RO         2085    .text._GLOBAL__sub_I_Dji_Motor.cpp  dji_motor.o
    0x08005c7c   0x08005c7c   0x00000010   Code   RO         2432    .text._GLOBAL__sub_I_EvenTask.cpp  eventask.o
    0x08005c8c   0x08005c8c   0x00000008   Code   RO         2270    .text._GLOBAL__sub_I_GimbalTask.cpp  gimbaltask.o
    0x08005c94   0x08005c94   0x00000008   Code   RO         1937    .text._GLOBAL__sub_I_HI12H3_IMU.cpp  hi12h3_imu.o
    0x08005c9c   0x08005c9c   0x00000060   Code   RO         2198    .text._GLOBAL__sub_I_Variable.cpp  variable.o
    0x08005cfc   0x08005cfc   0x0000004a   Code   RO         1876    .text._Z15CAN_Filter_Initv  bsp_can.o
    0x08005d46   0x08005d46   0x00000002   PAD
    0x08005d48   0x08005d48   0x0000003a   Code   RO         1878    .text._Z8Can_Initv  bsp_can.o
    0x08005d82   0x08005d82   0x00000002   PAD
    0x08005d84   0x08005d84   0x0000000e   Code   RO         2399    .text._ZN10Communicat17Gimbal_to_ChassisC2Ev  communicationtask.o
    0x08005d92   0x08005d92   0x00000002   PAD
    0x08005d94   0x08005d94   0x0000001e   Code   RO         2244    .text._ZN11FeedForwardC2Eff  variable.o
    0x08005db2   0x08005db2   0x00000002   PAD
    0x08005db4   0x08005db4   0x00000014   Code   RO         2363    .text._ZN11Gimbal_Task11StopHandler6handleEv  gimbaltask.o
    0x08005dc8   0x08005dc8   0x00000026   Code   RO         2357    .text._ZN11Gimbal_Task11StopHandlerC2ERS_  gimbaltask.o
    0x08005dee   0x08005dee   0x00000002   PAD
    0x08005df0   0x08005df0   0x0000001a   Code   RO         2361    .text._ZN11Gimbal_Task11StopHandlerD0Ev  gimbaltask.o
    0x08005e0a   0x08005e0a   0x00000002   PAD
    0x08005e0c   0x08005e0c   0x00000014   Code   RO         2359    .text._ZN11Gimbal_Task11StopHandlerD2Ev  gimbaltask.o
    0x08005e20   0x08005e20   0x00000582   Code   RO         2268    .text._ZN11Gimbal_Task11updateStateEv  gimbaltask.o
    0x080063a2   0x080063a2   0x00000002   PAD
    0x080063a4   0x080063a4   0x0000003c   Code   RO         2266    .text._ZN11Gimbal_Task12executeStateEv  gimbaltask.o
    0x080063e0   0x080063e0   0x00000014   Code   RO         2347    .text._ZN11Gimbal_Task13LaunchHandler6handleEv  gimbaltask.o
    0x080063f4   0x080063f4   0x00000026   Code   RO         2341    .text._ZN11Gimbal_Task13LaunchHandlerC2ERS_  gimbaltask.o
    0x0800641a   0x0800641a   0x00000002   PAD
    0x0800641c   0x0800641c   0x0000001a   Code   RO         2345    .text._ZN11Gimbal_Task13LaunchHandlerD0Ev  gimbaltask.o
    0x08006436   0x08006436   0x00000002   PAD
    0x08006438   0x08006438   0x00000014   Code   RO         2343    .text._ZN11Gimbal_Task13LaunchHandlerD2Ev  gimbaltask.o
    0x0800644c   0x0800644c   0x00000014   Code   RO         2335    .text._ZN11Gimbal_Task13NormalHandler6handleEv  gimbaltask.o
    0x08006460   0x08006460   0x00000026   Code   RO         2327    .text._ZN11Gimbal_Task13NormalHandlerC2ERS_  gimbaltask.o
    0x08006486   0x08006486   0x00000002   PAD
    0x08006488   0x08006488   0x0000001a   Code   RO         2333    .text._ZN11Gimbal_Task13NormalHandlerD0Ev  gimbaltask.o
    0x080064a2   0x080064a2   0x00000002   PAD
    0x080064a4   0x080064a4   0x00000014   Code   RO         2331    .text._ZN11Gimbal_Task13NormalHandlerD2Ev  gimbaltask.o
    0x080064b8   0x080064b8   0x00000014   Code   RO         2355    .text._ZN11Gimbal_Task15KeyBoardHandler6handleEv  gimbaltask.o
    0x080064cc   0x080064cc   0x00000026   Code   RO         2349    .text._ZN11Gimbal_Task15KeyBoardHandlerC2ERS_  gimbaltask.o
    0x080064f2   0x080064f2   0x00000002   PAD
    0x080064f4   0x080064f4   0x0000001a   Code   RO         2353    .text._ZN11Gimbal_Task15KeyBoardHandlerD0Ev  gimbaltask.o
    0x0800650e   0x0800650e   0x00000002   PAD
    0x08006510   0x08006510   0x00000014   Code   RO         2351    .text._ZN11Gimbal_Task15KeyBoardHandlerD2Ev  gimbaltask.o
    0x08006524   0x08006524   0x00000052   Code   RO         2264    .text._ZN11Gimbal_TaskC2Ev  gimbaltask.o
    0x08006576   0x08006576   0x00000002   PAD
    0x08006578   0x08006578   0x0000001a   Code   RO         2307    .text._ZN11Gimbal_TaskD0Ev  gimbaltask.o
    0x08006592   0x08006592   0x00000002   PAD
    0x08006594   0x08006594   0x00000074   Code   RO         2305    .text._ZN11Gimbal_TaskD2Ev  gimbaltask.o
    0x08006608   0x08006608   0x00000382   Code   RO         2287    .text._ZN11TaskManager7addTaskI11Gimbal_TaskJEEEbDpOT0_  gimbaltask.o
    0x0800698a   0x0800698a   0x00000002   PAD
    0x0800698c   0x0800698c   0x000000be   Code   RO         2289    .text._ZN11TaskManager9updateAllEv  gimbaltask.o
    0x08006a4a   0x08006a4a   0x00000002   PAD
    0x08006a4c   0x08006a4c   0x0000005a   Code   RO         2283    .text._ZN11TaskManagerC2Ev  gimbaltask.o
    0x08006aa6   0x08006aa6   0x00000002   PAD
    0x08006aa8   0x08006aa8   0x000001b8   Code   RO         2285    .text._ZN11TaskManagerD2Ev  gimbaltask.o
    0x08006c60   0x08006c60   0x00000016   Code   RO         2329    .text._ZN12StateHandlerC2Ev  gimbaltask.o
    0x08006c76   0x08006c76   0x00000002   PAD
    0x08006c78   0x08006c78   0x00000006   Code   RO         2339    .text._ZN12StateHandlerD0Ev  gimbaltask.o
    0x08006c7e   0x08006c7e   0x00000002   PAD
    0x08006c80   0x08006c80   0x0000000a   Code   RO         2337    .text._ZN12StateHandlerD2Ev  gimbaltask.o
    0x08006c8a   0x08006c8a   0x00000002   PAD
    0x08006c8c   0x08006c8c   0x00000016   Code   RO         1950    .text._ZN13RM_StaticTime10UpLastTimeEv  hi12h3_imu.o
    0x08006ca2   0x08006ca2   0x00000002   PAD
    0x08006ca4   0x08006ca4   0x00000036   Code   RO         1952    .text._ZN13RM_StaticTime5ISDirEj  hi12h3_imu.o
    0x08006cda   0x08006cda   0x00000002   PAD
    0x08006cdc   0x08006cdc   0x00000022   Code   RO         2238    .text._ZN2TDC2Efff  variable.o
    0x08006cfe   0x08006cfe   0x00000002   PAD
    0x08006d00   0x08006d00   0x00000048   Code   RO         2030    .text._ZN3Dir12GetDir_WheelEv  buzzer.o
    0x08006d48   0x08006d48   0x00000010   Code   RO         2026    .text._ZN3Dir13Ger_Init_FlagEv  buzzer.o
    0x08006d58   0x08006d58   0x00000048   Code   RO         2028    .text._ZN3Dir13GetDir_StringEv  buzzer.o
    0x08006da0   0x08006da0   0x00000016   Code   RO         2456    .text._ZN3Dir6AttachEP9IObserver  eventask.o
    0x08006db6   0x08006db6   0x00000002   PAD
    0x08006db8   0x08006db8   0x00000016   Code   RO         2458    .text._ZN3Dir6DetachEP9IObserver  eventask.o
    0x08006dce   0x08006dce   0x00000002   PAD
    0x08006dd0   0x08006dd0   0x000000b6   Code   RO         2460    .text._ZN3Dir6NotifyEv  eventask.o
    0x08006e86   0x08006e86   0x00000002   PAD
    0x08006e88   0x08006e88   0x00000020   Code   RO         2444    .text._ZN3DirC2Ev   eventask.o
    0x08006ea8   0x08006ea8   0x00000014   Code   RO         2446    .text._ZN3DirD2Ev   eventask.o
    0x08006ebc   0x08006ebc   0x00000064   Code   RO         1915    .text._ZN3IMU4HI1221SlidingWindowRecoveryEv  hi12h3_imu.o
    0x08006f20   0x08006f20   0x0000001a   Code   RO         1911    .text._ZN3IMU4HI124InitEv  hi12h3_imu.o
    0x08006f3a   0x08006f3a   0x00000002   PAD
    0x08006f3c   0x08006f3c   0x0000003a   Code   RO         1931    .text._ZN3IMU4HI125ParseEP20__UART_HandleTypeDefi  hi12h3_imu.o
    0x08006f76   0x08006f76   0x00000002   PAD
    0x08006f78   0x08006f78   0x0000008a   Code   RO         1913    .text._ZN3IMU4HI129ParseDataEv  hi12h3_imu.o
    0x08007002   0x08007002   0x00000002   PAD
    0x08007004   0x08007004   0x00000034   Code   RO         1948    .text._ZN3IMU4HI12C2Ev  hi12h3_imu.o
    0x08007038   0x08007038   0x000001f0   Code   RO         2041    .text._ZN3LED12Normal_StateEv  led.o
    0x08007228   0x08007228   0x0000006c   Code   RO         2045    .text._ZN3LED13aRGB_led_showEj  led.o
    0x08007294   0x08007294   0x00000012   Code   RO         2039    .text._ZN3LED6UpdateEv  led.o
    0x080072a6   0x080072a6   0x00000002   PAD
    0x080072a8   0x080072a8   0x0000003c   Code   RO         2476    .text._ZN3LEDC2EP8ISubject  eventask.o
    0x080072e4   0x080072e4   0x0000001a   Code   RO         2060    .text._ZN3LEDD0Ev   led.o
    0x080072fe   0x080072fe   0x00000002   PAD
    0x08007300   0x08007300   0x00000014   Code   RO         2058    .text._ZN3LEDD2Ev   led.o
    0x08007314   0x08007314   0x0000003e   Code   RO         2236    .text._ZN3PIDC2Edd  variable.o
    0x08007352   0x08007352   0x00000002   PAD
    0x08007354   0x08007354   0x0000002a   Code   RO         2303    .text._ZN4Mode6Gimbal4StopEN6Remote4Dr166SwitchES3_  gimbaltask.o
    0x0800737e   0x0800737e   0x00000002   PAD
    0x08007380   0x08007380   0x0000002a   Code   RO         2299    .text._ZN4Mode6Gimbal6LaunchEN6Remote4Dr166SwitchES3_  gimbaltask.o
    0x080073aa   0x080073aa   0x00000002   PAD
    0x080073ac   0x080073ac   0x00000014   Code   RO         2297    .text._ZN4Mode6Gimbal6NormalEN6Remote4Dr166SwitchES3_  gimbaltask.o
    0x080073c0   0x080073c0   0x0000002a   Code   RO         2301    .text._ZN4Mode6Gimbal8KeyBoardEN6Remote4Dr166SwitchES3_  gimbaltask.o
    0x080073ea   0x080073ea   0x00000002   PAD
    0x080073ec   0x080073ec   0x0000001c   Code   RO         2309    .text._ZN4Task6updateEv  gimbaltask.o
    0x08007408   0x08007408   0x00000016   Code   RO         2291    .text._ZN4TaskC2Ev  gimbaltask.o
    0x0800741e   0x0800741e   0x00000002   PAD
    0x08007420   0x08007420   0x00000006   Code   RO         2313    .text._ZN4TaskD0Ev  gimbaltask.o
    0x08007426   0x08007426   0x00000002   PAD
    0x08007428   0x08007428   0x0000000a   Code   RO         2311    .text._ZN4TaskD2Ev  gimbaltask.o
    0x08007432   0x08007432   0x00000002   PAD
    0x08007434   0x08007434   0x0000002c   Code   RO         2242    .text._ZN5Pid_tC2Ev  variable.o
    0x08007460   0x08007460   0x00000016   Code   RO         1997    .text._ZN6Buzzer10buzzer_offEv  buzzer.o
    0x08007476   0x08007476   0x00000002   PAD
    0x08007478   0x08007478   0x00000066   Code   RO         2001    .text._ZN6Buzzer12SYSTEM_STARTEv  buzzer.o
    0x080074de   0x080074de   0x00000002   PAD
    0x080074e0   0x080074e0   0x00000052   Code   RO         2003    .text._ZN6Buzzer1BEh  buzzer.o
    0x08007532   0x08007532   0x00000002   PAD
    0x08007534   0x08007534   0x00000032   Code   RO         2007    .text._ZN6Buzzer2B_Ev  buzzer.o
    0x08007566   0x08007566   0x00000002   PAD
    0x08007568   0x08007568   0x0000005a   Code   RO         2009    .text._ZN6Buzzer4B_B_Ev  buzzer.o
    0x080075c2   0x080075c2   0x00000002   PAD
    0x080075c4   0x080075c4   0x00000018   Code   RO         2005    .text._ZN6Buzzer4STOPEv  buzzer.o
    0x080075dc   0x080075dc   0x00000078   Code   RO         2011    .text._ZN6Buzzer6B_B_B_Ev  buzzer.o
    0x08007654   0x08007654   0x0000009e   Code   RO         1999    .text._ZN6Buzzer6UpdateEv  buzzer.o
    0x080076f2   0x080076f2   0x00000002   PAD
    0x080076f4   0x080076f4   0x00000094   Code   RO         2013    .text._ZN6Buzzer8B_B_B_B_Ev  buzzer.o
    0x08007788   0x08007788   0x00000028   Code   RO         1995    .text._ZN6Buzzer9buzzer_onEtt  buzzer.o
    0x080077b0   0x080077b0   0x00000028   Code   RO         2482    .text._ZN6BuzzerC2EP8ISubject  eventask.o
    0x080077d8   0x080077d8   0x0000001a   Code   RO         2034    .text._ZN6BuzzerD0Ev  buzzer.o
    0x080077f2   0x080077f2   0x00000002   PAD
    0x080077f4   0x080077f4   0x00000014   Code   RO         2032    .text._ZN6BuzzerD2Ev  buzzer.o
    0x08007808   0x08007808   0x0000002e   Code   RO         2234    .text._ZN6Kpid_tC2Eddd  variable.o
    0x08007836   0x08007836   0x00000002   PAD
    0x08007838   0x08007838   0x0000000c   Code   RO         2295    .text._ZN6Remote4Dr1610switchLeftEv  gimbaltask.o
    0x08007844   0x08007844   0x0000000c   Code   RO         2293    .text._ZN6Remote4Dr1611switchRightEv  gimbaltask.o
    0x08007850   0x08007850   0x00000150   Code   RO         1961    .text._ZN6Remote4Dr1612UpdateStatusEv  dbus.o
    0x080079a0   0x080079a0   0x0000001c   Code   RO         1957    .text._ZN6Remote4Dr164InitEv  dbus.o
    0x080079bc   0x080079bc   0x00000018   Code   RO         1989    .text._ZN6Remote4Dr165Mouse4zeroEv  dbus.o
    0x080079d4   0x080079d4   0x00000054   Code   RO         1965    .text._ZN6Remote4Dr165ParseEP20__UART_HandleTypeDefi  dbus.o
    0x08007a28   0x08007a28   0x00000018   Code   RO         1987    .text._ZN6Remote4Dr166Vector4zeroEv  dbus.o
    0x08007a40   0x08007a40   0x00000018   Code   RO         1991    .text._ZN6Remote4Dr168Keyboard4zeroEv  dbus.o
    0x08007a58   0x08007a58   0x00000052   Code   RO         1959    .text._ZN6Remote4Dr168SaveDataEPKh  dbus.o
    0x08007aaa   0x08007aaa   0x00000002   PAD
    0x08007aac   0x08007aac   0x0000005a   Code   RO         1981    .text._ZN6Remote4Dr16C2Ev  dbus.o
    0x08007b06   0x08007b06   0x00000002   PAD
    0x08007b08   0x08007b08   0x0000002e   Code   RO         2240    .text._ZN7FeedTarC2Eff  variable.o
    0x08007b36   0x08007b36   0x00000002   PAD
    0x08007b38   0x08007b38   0x00000092   Code   RO         2454    .text._ZN8ISubjectC2Ev  eventask.o
    0x08007bca   0x08007bca   0x00000002   PAD
    0x08007bcc   0x08007bcc   0x00000022   Code   RO         2474    .text._ZN8ISubjectD2Ev  eventask.o
    0x08007bee   0x08007bee   0x00000002   PAD
    0x08007bf0   0x08007bf0   0x00000070   Code   RO         1889    .text._ZN8RM_Motor19_Motor_ID_IDX_BIND_EPhh  bsp_motor.o
    0x08007c60   0x08007c60   0x0000005e   Code   RO         1891    .text._ZN8RM_Motor26GET_Motor_ID_ADDRESS_BIND_Ei  bsp_motor.o
    0x08007cbe   0x08007cbe   0x00000002   PAD
    0x08007cc0   0x08007cc0   0x00000016   Code   RO         2104    .text._ZN8RM_MotorC2Ev  dji_motor.o
    0x08007cd6   0x08007cd6   0x00000002   PAD
    0x08007cd8   0x08007cd8   0x00000096   Code   RO         2083    .text._ZN9Dji_Motor5ISDirEv  dji_motor.o
    0x08007d6e   0x08007d6e   0x00000002   PAD
    0x08007d70   0x08007d70   0x000002c8   Code   RO         2071    .text._ZN9Dji_Motor5ParseE19CAN_RxHeaderTypeDefPh  dji_motor.o
    0x08008038   0x08008038   0x000000a4   Code   RO         2069    .text._ZN9Dji_MotorC2EshP14Dji_Motor_DataPh  dji_motor.o
    0x080080dc   0x080080dc   0x0000002a   Code   RO         2478    .text._ZN9IObserverC2EP8ISubject  eventask.o
    0x08008106   0x08008106   0x00000002   PAD
    0x08008108   0x08008108   0x00000006   Code   RO         2480    .text._ZN9IObserverD0Ev  eventask.o
    0x0800810e   0x0800810e   0x00000002   PAD
    0x08008110   0x08008110   0x0000000a   Code   RO         2036    .text._ZN9IObserverD2Ev  buzzer.o
    0x0800811a   0x0800811a   0x00000002   PAD
    0x0800811c   0x0800811c   0x00000064   Code   RO         2325    .text._ZNKSt3__26vectorINS_10unique_ptrI4TaskNS_14default_deleteIS2_EEEENS_9allocatorIS5_EEE8max_sizeEv  gimbaltask.o
    0x08008180   0x08008180   0x00000102   Code   RO         2472    .text._ZNSt3__210__list_impIP9IObserverNS_9allocatorIS2_EEE5clearEv  eventask.o
    0x08008282   0x08008282   0x00000002   PAD
    0x08008284   0x08008284   0x00000014   Code   RO         2470    .text._ZNSt3__210__list_impIP9IObserverNS_9allocatorIS2_EEED2Ev  eventask.o
    0x08008298   0x08008298   0x0000005c   Code   RO         2448    .text._ZNSt3__210unique_ptrI3LEDNS_14default_deleteIS1_EEED2Ev  eventask.o
    0x080082f4   0x080082f4   0x0000005c   Code   RO         2450    .text._ZNSt3__210unique_ptrI6BuzzerNS_14default_deleteIS1_EEED2Ev  eventask.o
    0x08008350   0x08008350   0x000000da   Code   RO         2319    .text._ZNSt3__214__split_bufferINS_10unique_ptrI4TaskNS_14default_deleteIS2_EEEERNS_9allocatorIS5_EEEC2EjjS8_  gimbaltask.o
    0x0800842a   0x0800842a   0x00000002   PAD
    0x0800842c   0x0800842c   0x00000126   Code   RO         2323    .text._ZNSt3__214__split_bufferINS_10unique_ptrI4TaskNS_14default_deleteIS2_EEEERNS_9allocatorIS5_EEED2Ev  gimbaltask.o
    0x08008552   0x08008552   0x00000002   PAD
    0x08008554   0x08008554   0x0000030c   Code   RO         2464    .text._ZNSt3__24listIP9IObserverNS_9allocatorIS2_EEE6removeERKS2_  eventask.o
    0x08008860   0x08008860   0x00000130   Code   RO         2466    .text._ZNSt3__24listIP9IObserverNS_9allocatorIS2_EEE6spliceENS_21__list_const_iteratorIS2_PvEERS5_S8_S8_  eventask.o
    0x08008990   0x08008990   0x00000290   Code   RO         2462    .text._ZNSt3__24listIP9IObserverNS_9allocatorIS2_EEE9push_backERKS2_  eventask.o
    0x08008c20   0x08008c20   0x00000014   Code   RO         2468    .text._ZNSt3__24listIP9IObserverNS_9allocatorIS2_EEED2Ev  eventask.o
    0x08008c34   0x08008c34   0x00000024   Code   RO         2315    .text._ZNSt3__26vectorINS_10unique_ptrI4TaskNS_14default_deleteIS2_EEEENS_9allocatorIS5_EEE21_ConstructTransactionC2ERS8_j  gimbaltask.o
    0x08008c58   0x08008c58   0x00000010   Code   RO         2317    .text._ZNSt3__26vectorINS_10unique_ptrI4TaskNS_14default_deleteIS2_EEEENS_9allocatorIS5_EEE21_ConstructTransactionD2Ev  gimbaltask.o
    0x08008c68   0x08008c68   0x000002a6   Code   RO         2321    .text._ZNSt3__26vectorINS_10unique_ptrI4TaskNS_14default_deleteIS2_EEEENS_9allocatorIS5_EEE26__swap_out_circular_bufferERNS_14__split_bufferIS5_RS7_EE  gimbaltask.o
    0x08008f0e   0x08008f0e   0x0000000c   Code   RO         2797    .text._ZSt15get_new_handlerv  libcppabi_w.l(cxa_handlers.cpp.o)
    0x08008f1a   0x08008f1a   0x00000002   PAD
    0x08008f1c   0x08008f1c   0x00000022   Code   RO         1917    .text._ZZN3IMU4HI129ParseDataEvENK3$_0clINS0_12Frame_formatEEEDaRT_  hi12h3_imu.o
    0x08008f3e   0x08008f3e   0x00000002   PAD
    0x08008f40   0x08008f40   0x00000030   Code   RO         1919    .text._ZZN3IMU4HI129ParseDataEvENK3$_0clINS0_16System_telemetryEEEDaRT_  hi12h3_imu.o
    0x08008f70   0x08008f70   0x00000030   Code   RO         1921    .text._ZZN3IMU4HI129ParseDataEvENK3$_0clINS0_3AccEEEDaRT_  hi12h3_imu.o
    0x08008fa0   0x08008fa0   0x00000030   Code   RO         1923    .text._ZZN3IMU4HI129ParseDataEvENK3$_0clINS0_3GyrEEEDaRT_  hi12h3_imu.o
    0x08008fd0   0x08008fd0   0x00000030   Code   RO         1925    .text._ZZN3IMU4HI129ParseDataEvENK3$_0clINS0_3MagEEEDaRT_  hi12h3_imu.o
    0x08009000   0x08009000   0x0000003a   Code   RO         1929    .text._ZZN3IMU4HI129ParseDataEvENK3$_0clINS0_4QuatEEEDaRT_  hi12h3_imu.o
    0x0800903a   0x0800903a   0x00000002   PAD
    0x0800903c   0x0800903c   0x00000030   Code   RO         1927    .text._ZZN3IMU4HI129ParseDataEvENK3$_0clINS0_5EulerEEEDaRT_  hi12h3_imu.o
    0x0800906c   0x0800906c   0x00000004   PAD
    0x08009070   0x08009070   0x00000040   Code   RO         1963    .text._ZZN6Remote4Dr1612UpdateStatusEvENK3$_0clEt  dbus.o
    0x080090b0   0x080090b0   0x00000004   Code   RO         2581    .text._ZdlPv        libcpp_w.l(new.cpp.o)
    0x080090b4   0x080090b4   0x00000004   Code   RO         2585    .text._ZdlPvj       libcpp_w.l(new.cpp.o)
    0x080090b8   0x080090b8   0x00000026   Code   RO         2573    .text._Znwj         libcpp_w.l(new.cpp.o)
    0x080090de   0x080090de   0x00000002   PAD
    0x080090e0   0x080090e0   0x00000030   Code   RO          571    .text.__NVIC_EnableIRQ  stm32f4xx_hal_cortex.o
    0x08009110   0x08009110   0x00000010   Code   RO          563    .text.__NVIC_GetPriorityGrouping  stm32f4xx_hal_cortex.o
    0x08009120   0x08009120   0x00000042   Code   RO          565    .text.__NVIC_SetPriority  stm32f4xx_hal_cortex.o
    0x08009162   0x08009162   0x00000002   PAD
    0x08009164   0x08009164   0x00000042   Code   RO         1792    .text.__NVIC_SetPriority  cmsis_os2.o
    0x080091a6   0x080091a6   0x00000002   PAD
    0x080091a8   0x080091a8   0x0000003c   Code   RO          559    .text.__NVIC_SetPriorityGrouping  stm32f4xx_hal_cortex.o
    0x080091e4   0x080091e4   0x00000028   Code   RO         2616    .text.__cxa_pure_virtual  libcppabi_w.l(cxa_virtual.cpp.o)
    0x0800920c   0x0800920c   0x00000010   Code   RO         1909    .text.__cxx_global_var_init  hi12h3_imu.o
    0x0800921c   0x0800921c   0x00000010   Code   RO         1955    .text.__cxx_global_var_init  dbus.o
    0x0800922c   0x0800922c   0x0000002e   Code   RO         2063    .text.__cxx_global_var_init  dji_motor.o
    0x0800925a   0x0800925a   0x00000006   PAD
    0x08009260   0x08009260   0x00000030   Code   RO         2152    .text.__cxx_global_var_init  variable.o
    0x08009290   0x08009290   0x0000002c   Code   RO         2260    .text.__cxx_global_var_init  gimbaltask.o
    0x080092bc   0x080092bc   0x00000010   Code   RO         2372    .text.__cxx_global_var_init  communicationtask.o
    0x080092cc   0x080092cc   0x0000002c   Code   RO         2412    .text.__cxx_global_var_init  eventask.o
    0x080092f8   0x080092f8   0x0000002e   Code   RO         2065    .text.__cxx_global_var_init.1  dji_motor.o
    0x08009326   0x08009326   0x00000002   PAD
    0x08009328   0x08009328   0x00000050   Code   RO         2154    .text.__cxx_global_var_init.1  variable.o
    0x08009378   0x08009378   0x0000007c   Code   RO         2414    .text.__cxx_global_var_init.1  eventask.o
    0x080093f4   0x080093f4   0x00000078   Code   RO         2172    .text.__cxx_global_var_init.10  variable.o
    0x0800946c   0x0800946c   0x00000028   Code   RO         2174    .text.__cxx_global_var_init.11  variable.o
    0x08009494   0x08009494   0x00000028   Code   RO         2176    .text.__cxx_global_var_init.12  variable.o
    0x080094bc   0x080094bc   0x00000024   Code   RO         2178    .text.__cxx_global_var_init.13  variable.o
    0x080094e0   0x080094e0   0x00000024   Code   RO         2180    .text.__cxx_global_var_init.14  variable.o
    0x08009504   0x08009504   0x00000024   Code   RO         2182    .text.__cxx_global_var_init.15  variable.o
    0x08009528   0x08009528   0x00000028   Code   RO         2184    .text.__cxx_global_var_init.16  variable.o
    0x08009550   0x08009550   0x00000078   Code   RO         2186    .text.__cxx_global_var_init.17  variable.o
    0x080095c8   0x080095c8   0x0000005c   Code   RO         2188    .text.__cxx_global_var_init.18  variable.o
    0x08009624   0x08009624   0x0000001c   Code   RO         2190    .text.__cxx_global_var_init.19  variable.o
    0x08009640   0x08009640   0x0000002e   Code   RO         2067    .text.__cxx_global_var_init.2  dji_motor.o
    0x0800966e   0x0800966e   0x00000002   PAD
    0x08009670   0x08009670   0x00000030   Code   RO         2156    .text.__cxx_global_var_init.2  variable.o
    0x080096a0   0x080096a0   0x0000007c   Code   RO         2416    .text.__cxx_global_var_init.2  eventask.o
    0x0800971c   0x0800971c   0x0000001c   Code   RO         2192    .text.__cxx_global_var_init.20  variable.o
    0x08009738   0x08009738   0x0000001c   Code   RO         2194    .text.__cxx_global_var_init.21  variable.o
    0x08009754   0x08009754   0x0000001c   Code   RO         2196    .text.__cxx_global_var_init.22  variable.o
    0x08009770   0x08009770   0x00000050   Code   RO         2158    .text.__cxx_global_var_init.3  variable.o
    0x080097c0   0x080097c0   0x00000030   Code   RO         2160    .text.__cxx_global_var_init.4  variable.o
    0x080097f0   0x080097f0   0x00000028   Code   RO         2162    .text.__cxx_global_var_init.5  variable.o
    0x08009818   0x08009818   0x00000030   Code   RO         2164    .text.__cxx_global_var_init.6  variable.o
    0x08009848   0x08009848   0x00000028   Code   RO         2166    .text.__cxx_global_var_init.7  variable.o
    0x08009870   0x08009870   0x00000038   Code   RO         2168    .text.__cxx_global_var_init.8  variable.o
    0x080098a8   0x080098a8   0x00000070   Code   RO         2170    .text.__cxx_global_var_init.9  variable.o
    0x08009918   0x08009918   0x00000004   Code   RO         2801    .text.abort_message  libcppabi_w.l(abort_message.cpp.o)
    0x0800991c   0x0800991c   0x0000004c   Code   RO           11    .text.main          main.o
    0x08009968   0x08009968   0x00000034   Code   RO         1696    .text.osDelay       cmsis_os2.o
    0x0800999c   0x0800999c   0x00000046   Code   RO         1630    .text.osKernelInitialize  cmsis_os2.o
    0x080099e2   0x080099e2   0x00000002   PAD
    0x080099e4   0x080099e4   0x00000052   Code   RO         1636    .text.osKernelStart  cmsis_os2.o
    0x08009a36   0x08009a36   0x00000002   PAD
    0x08009a38   0x08009a38   0x0000015a   Code   RO         1660    .text.osThreadNew   cmsis_os2.o
    0x08009b92   0x08009b92   0x00000002   PAD
    0x08009b94   0x08009b94   0x000000d4   Code   RO         1422    .text.prvAddCurrentTaskToDelayedList  tasks.o
    0x08009c68   0x08009c68   0x00000122   Code   RO         1408    .text.prvAddNewTaskToReadyList  tasks.o
    0x08009d8a   0x08009d8a   0x00000002   PAD
    0x08009d8c   0x08009d8c   0x000000a2   Code   RO         1559    .text.prvCheckForValidListAndQueue  timers.o
    0x08009e2e   0x08009e2e   0x00000002   PAD
    0x08009e30   0x08009e30   0x0000005a   Code   RO         1526    .text.prvCheckTasksWaitingTermination  tasks.o
    0x08009e8a   0x08009e8a   0x00000002   PAD
    0x08009e8c   0x08009e8c   0x00000042   Code   RO         1301    .text.prvCopyDataFromQueue  queue.o
    0x08009ece   0x08009ece   0x00000002   PAD
    0x08009ed0   0x08009ed0   0x000000cc   Code   RO         1289    .text.prvCopyDataToQueue  queue.o
    0x08009f9c   0x08009f9c   0x0000005e   Code   RO         1414    .text.prvDeleteTCB  tasks.o
    0x08009ffa   0x08009ffa   0x00000002   PAD
    0x08009ffc   0x08009ffc   0x00000040   Code   RO         1597    .text.prvGetNextExpireTime  timers.o
    0x0800a03c   0x0800a03c   0x000000bc   Code   RO         1809    .text.prvHeapInit   heap_4.o
    0x0800a0f8   0x0800a0f8   0x00000038   Code   RO         1448    .text.prvIdleTask   tasks.o
    0x0800a130   0x0800a130   0x00000048   Code   RO         1263    .text.prvInitialiseNewQueue  queue.o
    0x0800a178   0x0800a178   0x00000122   Code   RO         1406    .text.prvInitialiseNewTask  tasks.o
    0x0800a29a   0x0800a29a   0x00000002   PAD
    0x0800a29c   0x0800a29c   0x0000008e   Code   RO         1524    .text.prvInitialiseTaskLists  tasks.o
    0x0800a32a   0x0800a32a   0x00000002   PAD
    0x0800a32c   0x0800a32c   0x000000c6   Code   RO         1811    .text.prvInsertBlockIntoFreeList  heap_4.o
    0x0800a3f2   0x0800a3f2   0x00000002   PAD
    0x0800a3f4   0x0800a3f4   0x00000086   Code   RO         1609    .text.prvInsertTimerInActiveList  timers.o
    0x0800a47a   0x0800a47a   0x00000002   PAD
    0x0800a47c   0x0800a47c   0x00000028   Code   RO         1303    .text.prvIsQueueEmpty  queue.o
    0x0800a4a4   0x0800a4a4   0x0000002e   Code   RO         1291    .text.prvIsQueueFull  queue.o
    0x0800a4d2   0x0800a4d2   0x00000002   PAD
    0x0800a4d4   0x0800a4d4   0x00000028   Code   RO         1850    .text.prvPortStartFirstTask  port.o
    0x0800a4fc   0x0800a4fc   0x0000008e   Code   RO         1605    .text.prvProcessExpiredTimer  timers.o
    0x0800a58a   0x0800a58a   0x00000002   PAD
    0x0800a58c   0x0800a58c   0x00000192   Code   RO         1601    .text.prvProcessReceivedCommands  timers.o
    0x0800a71e   0x0800a71e   0x00000002   PAD
    0x0800a720   0x0800a720   0x0000009a   Code   RO         1599    .text.prvProcessTimerOrBlockTask  timers.o
    0x0800a7ba   0x0800a7ba   0x00000002   PAD
    0x0800a7bc   0x0800a7bc   0x00000046   Code   RO         1416    .text.prvResetNextTaskUnblockTime  tasks.o
    0x0800a802   0x0800a802   0x00000002   PAD
    0x0800a804   0x0800a804   0x00000044   Code   RO         1603    .text.prvSampleTimeNow  timers.o
    0x0800a848   0x0800a848   0x000000d4   Code   RO         1607    .text.prvSwitchTimerLists  timers.o
    0x0800a91c   0x0800a91c   0x0000004c   Code   RO         1840    .text.prvTaskExitError  port.o
    0x0800a968   0x0800a968   0x0000001e   Code   RO         1561    .text.prvTimerTask  timers.o
    0x0800a986   0x0800a986   0x00000002   PAD
    0x0800a988   0x0800a988   0x000000ae   Code   RO         1293    .text.prvUnlockQueue  queue.o
    0x0800aa36   0x0800aa36   0x00000002   PAD
    0x0800aa38   0x0800aa38   0x000001ec   Code   RO         1807    .text.pvPortMalloc  heap_4.o
    0x0800ac24   0x0800ac24   0x0000005e   Code   RO         1838    .text.pxPortInitialiseStack  port.o
    0x0800ac82   0x0800ac82   0x00000002   PAD
    0x0800ac84   0x0800ac84   0x00000048   Code   RO         1250    .text.uxListRemove  list.o
    0x0800accc   0x0800accc   0x0000002a   Code   RO         1788    .text.vApplicationGetIdleTaskMemory  cmsis_os2.o
    0x0800acf6   0x0800acf6   0x00000002   PAD
    0x0800acf8   0x0800acf8   0x0000002c   Code   RO         1790    .text.vApplicationGetTimerTaskMemory  cmsis_os2.o
    0x0800ad24   0x0800ad24   0x0000002e   Code   RO         1242    .text.vListInitialise  list.o
    0x0800ad52   0x0800ad52   0x00000002   PAD
    0x0800ad54   0x0800ad54   0x0000000e   Code   RO         1244    .text.vListInitialiseItem  list.o
    0x0800ad62   0x0800ad62   0x00000002   PAD
    0x0800ad64   0x0800ad64   0x0000006a   Code   RO         1248    .text.vListInsert   list.o
    0x0800adce   0x0800adce   0x00000002   PAD
    0x0800add0   0x0800add0   0x0000003a   Code   RO         1246    .text.vListInsertEnd  list.o
    0x0800ae0a   0x0800ae0a   0x00000002   PAD
    0x0800ae0c   0x0800ae0c   0x00000014   Code   RO         1848    .text.vPortEnableVFP  port.o
    0x0800ae20   0x0800ae20   0x00000056   Code   RO         1854    .text.vPortEnterCritical  port.o
    0x0800ae76   0x0800ae76   0x00000002   PAD
    0x0800ae78   0x0800ae78   0x0000004a   Code   RO         1856    .text.vPortExitCritical  port.o
    0x0800aec2   0x0800aec2   0x00000002   PAD
    0x0800aec4   0x0800aec4   0x000000ce   Code   RO         1813    .text.vPortFree     heap_4.o
    0x0800af92   0x0800af92   0x00000002   PAD
    0x0800af94   0x0800af94   0x00000044   Code   RO         1846    .text.vPortSetupTimerInterrupt  port.o
    0x0800afd8   0x0800afd8   0x00000084   Code   RO         1862    .text.vPortValidateInterruptPriority  port.o
    0x0800b05c   0x0800b05c   0x00000052   Code   RO         1333    .text.vQueueAddToRegistry  queue.o
    0x0800b0ae   0x0800b0ae   0x00000002   PAD
    0x0800b0b0   0x0800b0b0   0x00000064   Code   RO         1337    .text.vQueueWaitForMessageRestricted  queue.o
    0x0800b114   0x0800b114   0x0000006e   Code   RO         1426    .text.vTaskDelay    tasks.o
    0x0800b182   0x0800b182   0x00000002   PAD
    0x0800b184   0x0800b184   0x00000024   Code   RO         1480    .text.vTaskInternalSetTimeOutState  tasks.o
    0x0800b1a8   0x0800b1a8   0x0000000e   Code   RO         1484    .text.vTaskMissedYield  tasks.o
    0x0800b1b6   0x0800b1b6   0x00000002   PAD
    0x0800b1b8   0x0800b1b8   0x00000042   Code   RO         1468    .text.vTaskPlaceOnEventList  tasks.o
    0x0800b1fa   0x0800b1fa   0x00000002   PAD
    0x0800b1fc   0x0800b1fc   0x00000052   Code   RO         1472    .text.vTaskPlaceOnEventListRestricted  tasks.o
    0x0800b24e   0x0800b24e   0x00000002   PAD
    0x0800b250   0x0800b250   0x000000e0   Code   RO         1446    .text.vTaskStartScheduler  tasks.o
    0x0800b330   0x0800b330   0x00000010   Code   RO         1420    .text.vTaskSuspendAll  tasks.o
    0x0800b340   0x0800b340   0x000000c6   Code   RO         1438    .text.vTaskSwitchContext  tasks.o
    0x0800b406   0x0800b406   0x00000002   PAD
    0x0800b408   0x0800b408   0x00000156   Code   RO         1844    .text.xPortStartScheduler  port.o
    0x0800b55e   0x0800b55e   0x00000002   PAD
    0x0800b560   0x0800b560   0x0000003c   Code   RO         1860    .text.xPortSysTickHandler  port.o
    0x0800b59c   0x0800b59c   0x0000010e   Code   RO         1261    .text.xQueueGenericCreateStatic  queue.o
    0x0800b6aa   0x0800b6aa   0x00000002   PAD
    0x0800b6ac   0x0800b6ac   0x000000ba   Code   RO         1259    .text.xQueueGenericReset  queue.o
    0x0800b766   0x0800b766   0x00000002   PAD
    0x0800b768   0x0800b768   0x0000022c   Code   RO         1279    .text.xQueueGenericSend  queue.o
    0x0800b994   0x0800b994   0x0000014c   Code   RO         1295    .text.xQueueGenericSendFromISR  queue.o
    0x0800bae0   0x0800bae0   0x000001dc   Code   RO         1299    .text.xQueueReceive  queue.o
    0x0800bcbc   0x0800bcbc   0x000000cc   Code   RO         1482    .text.xTaskCheckForTimeOut  tasks.o
    0x0800bd88   0x0800bd88   0x0000009e   Code   RO         1410    .text.xTaskCreate   tasks.o
    0x0800be26   0x0800be26   0x00000002   PAD
    0x0800be28   0x0800be28   0x000000ce   Code   RO         1404    .text.xTaskCreateStatic  tasks.o
    0x0800bef6   0x0800bef6   0x00000002   PAD
    0x0800bef8   0x0800bef8   0x00000038   Code   RO         1498    .text.xTaskGetSchedulerState  tasks.o
    0x0800bf30   0x0800bf30   0x00000014   Code   RO         1454    .text.xTaskGetTickCount  tasks.o
    0x0800bf44   0x0800bf44   0x000001c4   Code   RO         1452    .text.xTaskIncrementTick  tasks.o
    0x0800c108   0x0800c108   0x000000ec   Code   RO         1502    .text.xTaskPriorityDisinherit  tasks.o
    0x0800c1f4   0x0800c1f4   0x000000ce   Code   RO         1474    .text.xTaskRemoveFromEventList  tasks.o
    0x0800c2c2   0x0800c2c2   0x00000002   PAD
    0x0800c2c4   0x0800c2c4   0x00000186   Code   RO         1424    .text.xTaskResumeAll  tasks.o
    0x0800c44a   0x0800c44a   0x00000002   PAD
    0x0800c44c   0x0800c44c   0x00000094   Code   RO         1557    .text.xTimerCreateTimerTask  timers.o
    0x0800c4e0   0x0800c4e0   0x000000b0   Code   RO         1569    .text.xTimerGenericCommand  timers.o
    0x0800c590   0x0800c590   0x00000062   Code   RO         2542    x$fpl$d2f           fz_wm.l(d2f.o)
    0x0800c5f2   0x0800c5f2   0x00000002   PAD
    0x0800c5f4   0x0800c5f4   0x000002b4   Code   RO         2553    x$fpl$ddiv          fz_wm.l(ddiv.o)
    0x0800c8a8   0x0800c8a8   0x0000002e   Code   RO         2561    x$fpl$dflt          fz_wm.l(dflt_clz.o)
    0x0800c8d6   0x0800c8d6   0x0000009c   Code   RO         2773    x$fpl$dnaninf       fz_wm.l(dnaninf.o)
    0x0800c972   0x0800c972   0x0000000c   Code   RO         2775    x$fpl$dretinf       fz_wm.l(dretinf.o)
    0x0800c97e   0x0800c97e   0x0000001a   Code   RO         2888    x$fpl$fpinit        fz_wm.l(fpinit.o)
    0x0800c998   0x0800c998   0x0000000a   Code   RO         2781    x$fpl$fretinf       fz_wm.l(fretinf.o)
    0x0800c9a2   0x0800c9a2   0x00000000   Code   RO         2783    x$fpl$usenofp       fz_wm.l(usenofp.o)
    0x0800c9a2   0x0800c9a2   0x00000010   Data   RO         1195    .rodata.AHBPrescTable  system_stm32f4xx.o
    0x0800c9b2   0x0800c9b2   0x00000008   Data   RO         1196    .rodata.APBPrescTable  system_stm32f4xx.o
    0x0800c9ba   0x0800c9ba   0x00000008   Data   RO          489    .rodata.DMA_CalcBaseAndBitshift.flagBitshiftOffset  stm32f4xx_hal_dma.o
    0x0800c9c2   0x0800c9c2   0x00000002   PAD
    0x0800c9c4   0x0800c9c4   0x00000018   Data   RO         2274    .rodata._ZTV11Gimbal_Task  gimbaltask.o
    0x0800c9dc   0x0800c9dc   0x00000014   Data   RO         2367    .rodata._ZTV12StateHandler  gimbaltask.o
    0x0800c9f0   0x0800c9f0   0x00000014   Data   RO         2484    .rodata._ZTV3Dir    eventask.o
    0x0800ca04   0x0800ca04   0x00000014   Data   RO         2051    .rodata._ZTV3LED    led.o
    0x0800ca18   0x0800ca18   0x00000018   Data   RO         2365    .rodata._ZTV4Task   gimbaltask.o
    0x0800ca30   0x0800ca30   0x00000014   Data   RO         2019    .rodata._ZTV6Buzzer  buzzer.o
    0x0800ca44   0x0800ca44   0x00000014   Data   RO         2485    .rodata._ZTV8ISubject  eventask.o
    0x0800ca58   0x0800ca58   0x00000010   Data   RO         2106    .rodata._ZTV8RM_Motor  dji_motor.o
    0x0800ca68   0x0800ca68   0x00000010   Data   RO         2096    .rodata._ZTV9Dji_Motor  dji_motor.o
    0x0800ca78   0x0800ca78   0x00000014   Data   RO         2486    .rodata._ZTV9IObserver  eventask.o
    0x0800ca8c   0x0800ca8c   0x00000014   Data   RO         2370    .rodata._ZTVN11Gimbal_Task11StopHandlerE  gimbaltask.o
    0x0800caa0   0x0800caa0   0x00000014   Data   RO         2368    .rodata._ZTVN11Gimbal_Task13LaunchHandlerE  gimbaltask.o
    0x0800cab4   0x0800cab4   0x00000014   Data   RO         2366    .rodata._ZTVN11Gimbal_Task13NormalHandlerE  gimbaltask.o
    0x0800cac8   0x0800cac8   0x00000014   Data   RO         2369    .rodata._ZTVN11Gimbal_Task15KeyBoardHandlerE  gimbaltask.o
    0x0800cadc   0x0800cadc   0x00000024   Data   RO           42    .rodata.communicationTa_attributes  freertos.o
    0x0800cb00   0x0800cb00   0x00000024   Data   RO           40    .rodata.defaultTask_attributes  freertos.o
    0x0800cb24   0x0800cb24   0x00000024   Data   RO           43    .rodata.eventTask_attributes  freertos.o
    0x0800cb48   0x0800cb48   0x00000024   Data   RO           41    .rodata.gimbalTask_attributes  freertos.o
    0x0800cb6c   0x0800cb6c   0x00000024   Data   RO           44    .rodata.shootTask_attributes  freertos.o
    0x0800cb90   0x0800cb90   0x0000003b   Data   RO           39    .rodata.str1.1      freertos.o
    0x0800cbcb   0x0800cbcb   0x00000005   Data   RO         1542    .rodata.str1.1      tasks.o
    0x0800cbd0   0x0800cbd0   0x0000000d   Data   RO         1612    .rodata.str1.1      timers.o
    0x0800cbdd   0x0800cbdd   0x00000007   Data   RO         2275    .rodata.str1.1      gimbaltask.o
    0x0800cbe4   0x0800cbe4   0x00000020   Data   RO         3001    Region$$Table       anon$$obj.o
    0x0800cc04   0x0800cc04   0x00000004   Data   RO         1941    .init_array         hi12h3_imu.o
    0x0800cc08   0x0800cc04   0x00000004   Data   RO         1974    .init_array         dbus.o
    0x0800cc0c   0x0800cc04   0x00000004   Data   RO         2097    .init_array         dji_motor.o
    0x0800cc10   0x0800cc04   0x00000004   Data   RO         2227    .init_array         variable.o
    0x0800cc14   0x0800cc04   0x00000004   Data   RO         2276    .init_array         gimbaltask.o
    0x0800cc18   0x0800cc04   0x00000004   Data   RO         2392    .init_array         communicationtask.o
    0x0800cc1c   0x0800cc04   0x00000004   Data   RO         2437    .init_array         eventask.o
    0x0800cc20   0x0800cc04   0x00000000   Data   RO         2537    .init_array         c_w.l(init_aeabi.o)


    Execution Region RW_IRAM1 (Exec base: 0x20000000, Load base: 0x0800cc20, Size: 0x00006460, Max: 0x0001c000, ABSOLUTE)

    Exec Addr    Load Addr    Size         Type   Attr      Idx    E Section Name        Object

    0x20000000   0x0800cc20   0x00000004   Data   RW         1194    .data.SystemCoreClock  system_stm32f4xx.o
    0x20000004   0x0800cc24   0x00000004   Data   RW         2090    .data._Motor3508_ID_  dji_motor.o
    0x20000008   0x0800cc28   0x00000004   Data   RW         2092    .data._Motor6020_ID_  dji_motor.o
    0x2000000c   0x0800cc2c   0x00000001   Data   RW          689    .data.uwTickFreq    stm32f4xx_hal.o
    0x2000000d   0x0800cc2d   0x00000003   PAD
    0x20000010   0x0800cc30   0x00000004   Data   RW          688    .data.uwTickPrio    stm32f4xx_hal.o
    0x20000014   0x0800cc34   0x00000004   Data   RW         1866    .data.uxCriticalNesting  port.o
    0x20000018        -       0x00000060   Zero   RW         2906    .bss                c_w.l(libspace.o)
    0x20000078        -       0x00000004   Zero   RW         2436    .bss.Buzzer_Event   eventask.o
    0x2000007c        -       0x0000001c   Zero   RW         2434    .bss.Dir_Event      eventask.o
    0x20000098        -       0x00000008   Zero   RW         2390    .bss.Gimbal_to_Chassis_Data  communicationtask.o
    0x200000a0        -       0x00000004   Zero   RW           67    .bss.HAL_RCC_CAN1_CLK_ENABLED  can.o
    0x200000a4        -       0x00000001   Zero   RW         1902    .bss.InitFlag       init.o
    0x200000a5   0x0800cc38   0x00000003   PAD
    0x200000a8        -       0x00000004   Zero   RW         1794    .bss.KernelState    cmsis_os2.o
    0x200000ac   0x0800cc38   0x00000004   PAD
    0x200000b0        -       0x00000018   Zero   RW         2211    .bss.Kpid_3508_vel  variable.o
    0x200000c8        -       0x00000018   Zero   RW         2203    .bss.Kpid_6020_angle  variable.o
    0x200000e0        -       0x00000018   Zero   RW         2205    .bss.Kpid_6020_vel  variable.o
    0x200000f8        -       0x00000004   Zero   RW         2435    .bss.LED_Event      eventask.o
    0x200000fc   0x0800cc38   0x00000004   PAD
    0x20000100        -       0x00000038   Zero   RW         2093    .bss.Motor2006      dji_motor.o
    0x20000138        -       0x00000038   Zero   RW         2094    .bss.Motor3508      dji_motor.o
    0x20000170        -       0x00000038   Zero   RW         2095    .bss.Motor6020      dji_motor.o
    0x200001a8        -       0x0000001c   Zero   RW         2251    .bss.RxHeader       callback.o
    0x200001c4        -       0x00000008   Zero   RW         2252    .bss.RxHeaderData   callback.o
    0x200001cc        -       0x00000038   Zero   RW         2087    .bss._Motor2006_    dji_motor.o
    0x20000204        -       0x00000001   Zero   RW         2088    .bss._Motor2006_ID_  dji_motor.o
    0x20000205   0x0800cc38   0x00000003   PAD
    0x20000208        -       0x000000e0   Zero   RW         2089    .bss._Motor3508_    dji_motor.o
    0x200002e8        -       0x000000e0   Zero   RW         2091    .bss._Motor6020_    dji_motor.o
    0x200003c8        -       0x000000b0   Zero   RW         1940    .bss._ZN3IMU3imuE   hi12h3_imu.o
    0x20000478        -       0x00000078   Zero   RW         1973    .bss._ZN6Remote4dr16E  dbus.o
    0x200004f0        -       0x00000002   Zero   RW         2048    .bss._ZZN3LED13aRGB_led_showEjE3red  led.o
    0x200004f2        -       0x00000002   Zero   RW         2050    .bss._ZZN3LED13aRGB_led_showEjE4blue  led.o
    0x200004f4        -       0x00000001   Zero   RW         2047    .bss._ZZN3LED13aRGB_led_showEjE5alpha  led.o
    0x200004f5   0x0800cc38   0x00000001   PAD
    0x200004f6        -       0x00000002   Zero   RW         2049    .bss._ZZN3LED13aRGB_led_showEjE5green  led.o
    0x200004f8        -       0x00000004   Zero   RW         2899    .bss.__cxa_new_handler  libcppabi_w.l(cxa_default_handlers.cpp.o)
    0x200004fc        -       0x00000004   Zero   RW           47    .bss.communicationTaHandle  freertos.o
    0x20000500        -       0x00000004   Zero   RW           45    .bss.defaultTaskHandle  freertos.o
    0x20000504        -       0x00000004   Zero   RW           48    .bss.eventTaskHandle  freertos.o
    0x20000508        -       0x000000e0   Zero   RW         2221    .bss.feed_6020      variable.o
    0x200005e8        -       0x00000038   Zero   RW         2222    .bss.feed_6020_1    variable.o
    0x20000620        -       0x00000038   Zero   RW         2223    .bss.feed_6020_2    variable.o
    0x20000658        -       0x00000038   Zero   RW         2224    .bss.feed_6020_3    variable.o
    0x20000690        -       0x00000038   Zero   RW         2225    .bss.feed_6020_4    variable.o
    0x200006c8        -       0x00000004   Zero   RW           46    .bss.gimbalTaskHandle  freertos.o
    0x200006cc        -       0x00000028   Zero   RW           65    .bss.hcan1          can.o
    0x200006f4        -       0x00000028   Zero   RW           66    .bss.hcan2          can.o
    0x2000071c        -       0x00000060   Zero   RW          123    .bss.hdma_usart1_rx  usart.o
    0x2000077c        -       0x00000060   Zero   RW          122    .bss.hdma_usart1_tx  usart.o
    0x200007dc        -       0x00000060   Zero   RW          124    .bss.hdma_usart3_rx  usart.o
    0x2000083c        -       0x00000060   Zero   RW          125    .bss.hdma_usart3_tx  usart.o
    0x2000089c        -       0x00000060   Zero   RW          127    .bss.hdma_usart6_rx  usart.o
    0x200008fc        -       0x00000060   Zero   RW          126    .bss.hdma_usart6_tx  usart.o
    0x2000095c        -       0x00000048   Zero   RW           99    .bss.htim4          tim.o
    0x200009a4        -       0x00000048   Zero   RW          100    .bss.htim5          tim.o
    0x200009ec        -       0x00000048   Zero   RW          198    .bss.htim6          stm32f4xx_hal_timebase_tim.o
    0x20000a34        -       0x00000048   Zero   RW          101    .bss.htim7          tim.o
    0x20000a7c        -       0x00000048   Zero   RW          119    .bss.huart1         usart.o
    0x20000ac4        -       0x00000048   Zero   RW          120    .bss.huart3         usart.o
    0x20000b0c        -       0x00000048   Zero   RW          121    .bss.huart6         usart.o
    0x20000b54   0x0800cc38   0x00000004   PAD
    0x20000b58        -       0x00000008   Zero   RW         2389    .bss.i              communicationtask.o
    0x20000b60        -       0x00000240   Zero   RW         2204    .bss.pid_angle_String  variable.o
    0x20000da0        -       0x00000240   Zero   RW         2206    .bss.pid_vel_String  variable.o
    0x20000fe0        -       0x00000240   Zero   RW         2212    .bss.pid_vel_Wheel  variable.o
    0x20001220        -       0x000000a0   Zero   RW         1620    .bss.prvCheckForValidListAndQueue.ucStaticTimerQueueStorage  timers.o
    0x200012c0        -       0x00000050   Zero   RW         1619    .bss.prvCheckForValidListAndQueue.xStaticTimerQueue  timers.o
    0x20001310        -       0x00000004   Zero   RW         1616    .bss.prvSampleTimeNow.xLastTime  timers.o
    0x20001314        -       0x00000004   Zero   RW         1528    .bss.pxCurrentTCB   tasks.o
    0x20001318        -       0x00000004   Zero   RW         1614    .bss.pxCurrentTimerList  timers.o
    0x2000131c        -       0x00000004   Zero   RW         1536    .bss.pxDelayedTaskList  tasks.o
    0x20001320        -       0x00000004   Zero   RW         1823    .bss.pxEnd          heap_4.o
    0x20001324        -       0x00000004   Zero   RW         1537    .bss.pxOverflowDelayedTaskList  tasks.o
    0x20001328        -       0x00000004   Zero   RW         1615    .bss.pxOverflowTimerList  timers.o
    0x2000132c        -       0x00000460   Zero   RW         1539    .bss.pxReadyTasksLists  tasks.o
    0x2000178c        -       0x00000004   Zero   RW           49    .bss.shootTaskHandle  freertos.o
    0x20001790        -       0x00000001   Zero   RW         2273    .bss.state_num      gimbaltask.o
    0x20001791   0x0800cc38   0x00000003   PAD
    0x20001794        -       0x0000001c   Zero   RW         2216    .bss.tar_vw         variable.o
    0x200017b0        -       0x0000001c   Zero   RW         2217    .bss.tar_vx         variable.o
    0x200017cc        -       0x0000001c   Zero   RW         2218    .bss.tar_vy         variable.o
    0x200017e8        -       0x0000000c   Zero   RW         2272    .bss.taskManager    gimbaltask.o
    0x200017f4        -       0x0000001c   Zero   RW         2215    .bss.td3508_torque  variable.o
    0x20001810        -       0x0000001c   Zero   RW         2214    .bss.td6020_torque  variable.o
    0x2000182c        -       0x00000070   Zero   RW         2213    .bss.td_3508_speed  variable.o
    0x2000189c        -       0x0000001c   Zero   RW         2219    .bss.td_FF_Tar      variable.o
    0x200018b8        -       0x00000070   Zero   RW         2220    .bss.td_Power       variable.o
    0x20001928        -       0x00003c00   Zero   RW         1830    .bss.ucHeap         heap_4.o
    0x20005528        -       0x00000001   Zero   RW         1864    .bss.ucMaxSysCallPriority  port.o
    0x20005529   0x0800cc38   0x00000007   PAD
    0x20005530        -       0x00000018   Zero   RW         2207    .bss.ude_Kpid_angle  variable.o
    0x20005548        -       0x00000018   Zero   RW         2209    .bss.ude_Kpid_vel   variable.o
    0x20005560        -       0x00000090   Zero   RW         2208    .bss.ude_angle_demo  variable.o
    0x200055f0        -       0x00000090   Zero   RW         2210    .bss.ude_vel_demo   variable.o
    0x20005680        -       0x00000004   Zero   RW         1865    .bss.ulMaxPRIGROUPValue  port.o
    0x20005684        -       0x00000004   Zero   RW          690    .bss.uwTick         stm32f4xx_hal.o
    0x20005688        -       0x00000004   Zero   RW         1532    .bss.uxCurrentNumberOfTasks  tasks.o
    0x2000568c        -       0x00000004   Zero   RW         1531    .bss.uxDeletedTasksWaitingCleanUp  tasks.o
    0x20005690        -       0x00000004   Zero   RW         1534    .bss.uxSchedulerSuspended  tasks.o
    0x20005694        -       0x00000004   Zero   RW         1529    .bss.uxTaskNumber   tasks.o
    0x20005698        -       0x00000004   Zero   RW         1540    .bss.uxTopReadyPriority  tasks.o
    0x2000569c        -       0x00000200   Zero   RW         1797    .bss.vApplicationGetIdleTaskMemory.Idle_Stack  cmsis_os2.o
    0x2000589c        -       0x0000005c   Zero   RW         1796    .bss.vApplicationGetIdleTaskMemory.Idle_TCB  cmsis_os2.o
    0x200058f8        -       0x00000400   Zero   RW         1799    .bss.vApplicationGetTimerTaskMemory.Timer_Stack  cmsis_os2.o
    0x20005cf8        -       0x0000005c   Zero   RW         1798    .bss.vApplicationGetTimerTaskMemory.Timer_TCB  cmsis_os2.o
    0x20005d54        -       0x00000014   Zero   RW         1617    .bss.xActiveTimerList1  timers.o
    0x20005d68        -       0x00000014   Zero   RW         1618    .bss.xActiveTimerList2  timers.o
    0x20005d7c        -       0x00000004   Zero   RW         1824    .bss.xBlockAllocatedBit  heap_4.o
    0x20005d80        -       0x00000014   Zero   RW         1548    .bss.xDelayedTaskList1  tasks.o
    0x20005d94        -       0x00000014   Zero   RW         1549    .bss.xDelayedTaskList2  tasks.o
    0x20005da8        -       0x00000004   Zero   RW         1825    .bss.xFreeBytesRemaining  heap_4.o
    0x20005dac        -       0x00000004   Zero   RW         1543    .bss.xIdleTaskHandle  tasks.o
    0x20005db0        -       0x00000004   Zero   RW         1827    .bss.xMinimumEverFreeBytesRemaining  heap_4.o
    0x20005db4        -       0x00000004   Zero   RW         1544    .bss.xNextTaskUnblockTime  tasks.o
    0x20005db8        -       0x00000004   Zero   RW         1547    .bss.xNumOfOverflows  tasks.o
    0x20005dbc        -       0x00000004   Zero   RW         1828    .bss.xNumberOfSuccessfulAllocations  heap_4.o
    0x20005dc0        -       0x00000004   Zero   RW         1829    .bss.xNumberOfSuccessfulFrees  heap_4.o
    0x20005dc4        -       0x00000004   Zero   RW         1546    .bss.xPendedTicks   tasks.o
    0x20005dc8        -       0x00000014   Zero   RW         1541    .bss.xPendingReadyList  tasks.o
    0x20005ddc        -       0x00000040   Zero   RW         1339    .bss.xQueueRegistry  queue.o
    0x20005e1c        -       0x00000004   Zero   RW         1533    .bss.xSchedulerRunning  tasks.o
    0x20005e20        -       0x00000008   Zero   RW         1826    .bss.xStart         heap_4.o
    0x20005e28        -       0x00000014   Zero   RW         1538    .bss.xSuspendedTaskList  tasks.o
    0x20005e3c        -       0x00000014   Zero   RW         1530    .bss.xTasksWaitingTermination  tasks.o
    0x20005e50        -       0x00000004   Zero   RW         1535    .bss.xTickCount     tasks.o
    0x20005e54        -       0x00000004   Zero   RW         1611    .bss.xTimerQueue    timers.o
    0x20005e58        -       0x00000004   Zero   RW         1613    .bss.xTimerTaskHandle  timers.o
    0x20005e5c        -       0x00000004   Zero   RW         1545    .bss.xYieldPending  tasks.o
    0x20005e60        -       0x00000200   Zero   RW            2    HEAP                startup_stm32f407xx.o
    0x20006060        -       0x00000400   Zero   RW            1    STACK               startup_stm32f407xx.o


    Execution Region RW_IRAM2 (Exec base: 0x2001c000, Load base: 0x0800cc38, Size: 0x00000000, Max: 0x00004000, ABSOLUTE)

    **** No section assigned to this execution region ****


==============================================================================

Image component sizes


      Code (inc. data)   RO Data    RW Data    ZI Data      Debug   Object Name

       132          0          0          0          0      14718   bsp_can.o
       206          0          0          0          0      14273   bsp_motor.o
      1052          4         20          0          0      22954   buzzer.o
       312          0          0          0         36      19830   callback.o
       582          0          0          0         84       6416   can.o
       746          0          0          0       1724      34913   cmsis_os2.o
        76          0          4          0         16      29659   communicationtask.o
       780         16          4          0        120      26697   dbus.o
      1202          0         36          8        673      20786   dji_motor.o
       188          0          0          0          0       3312   dma.o
      3160          0         64          0         36      78972   eventask.o
       186          0        239          0         20       2899   freertos.o
      5444          8        159          0         13     117133   gimbaltask.o
       210          0          0          0          0       1563   gpio.o
      1084          0          0          0      15392       4394   heap_4.o
       806          0          4          0        176      26462   hi12h3_imu.o
       116          0          0          0          1      13507   init.o
       668          4         20          0          7      21296   led.o
       296          0          0          0          0       2194   list.o
       304          0          0          0          0       5691   main.o
      1128         16          0          4          5       3802   port.o
      2604          0          0          0         64      17208   queue.o
        16          0          0          0          0       1783   shoottask.o
        64         26        392          0       1536        832   startup_stm32f407xx.o
        92          0          0          5          4       7090   stm32f4xx_hal.o
      2754          0          0          0          0      11482   stm32f4xx_hal_can.o
       384          0          0          0          0       9670   stm32f4xx_hal_cortex.o
      2068          8          8          0          0       8447   stm32f4xx_hal_dma.o
       950          0          0          0          0       5075   stm32f4xx_hal_gpio.o
        88          0          0          0          0       3336   stm32f4xx_hal_msp.o
      2730          0          0          0          0       7545   stm32f4xx_hal_rcc.o
      4156         14          0          0          0      35823   stm32f4xx_hal_tim.o
       306          0          0          0          0      15238   stm32f4xx_hal_tim_ex.o
       240          0          0          0         72       7081   stm32f4xx_hal_timebase_tim.o
      3236          0          0          0          0      20208   stm32f4xx_hal_uart.o
       262          0          0          0          0       2194   stm32f4xx_it.o
        18          0         24          4          0       2503   system_stm32f4xx.o
      3918          0          5          0       1280      24019   tasks.o
       918          0          0          0        216       8820   tim.o
      1692         10         13          0        300      11513   timers.o
      1246          0          0          0        792       7982   usart.o
      1630        248          4          0       2976      25251   variable.o

    ----------------------------------------------------------------------
     48398        366       1030         24      25572     704571   Object Totals
         0          0         32          0          0          0   (incl. Generated)
       348         12          2          3         29          0   (incl. Padding)

    ----------------------------------------------------------------------

      Code (inc. data)   RO Data    RW Data    ZI Data      Debug   Library Member Name

         8          0          0          0          0         68   __main.o
         0          0          0          0          0          0   __rtentry.o
        12          0          0          0          0          0   __rtentry2.o
         6          0          0          0          0          0   __rtentry4.o
        52          8          0          0          0          0   __scatter.o
        26          0          0          0          0          0   __scatter_copy.o
        28          0          0          0          0          0   __scatter_zi.o
        22          0          0          0          0         80   abort.o
        46          0          0          0          0         84   aeabi_atexit.o
        16          0          0          0          0         68   aeabi_memset4.o
        10          0          0          0          0         68   cxa_atexit.o
        66          0          0          0          0         84   cxa_finalize.o
        48         34          0          0          0         76   defsig_abrt_inner.o
        14          0          0          0          0         80   defsig_abrt_outer.o
        10          0          0          0          0         68   defsig_exit.o
        50          0          0          0          0         88   defsig_general.o
        80         58          0          0          0         76   defsig_rtmem_inner.o
        14          0          0          0          0         80   defsig_rtmem_outer.o
        18          0          0          0          0         80   exit.o
        94          0          0          0          0         80   h1_alloc.o
        52          0          0          0          0         68   h1_extend.o
        78          0          0          0          0         80   h1_free.o
        14          0          0          0          0         84   h1_init.o
         6          0          0          0          0        152   heapauxi.o
         4          0          0          0          0        136   hguard.o
         0          0          0          0          0          0   indicate_semi.o
        36          8          0          0          0         80   init_aeabi.o
       138          0          0          0          0        168   init_alloc.o
         2          0          0          0          0          0   libinit.o
        18          0          0          0          0          0   libinit2.o
         2          0          0          0          0          0   libshutdown.o
         8          0          0          0          0          0   libshutdown2.o
         8          4          0          0         96         68   libspace.o
       240          0          0          0          0        100   lludivv7m.o
         0          0          0          0          0          0   maybetermalloc1.o
         8          4          0          0          0         68   rt_ddtor_pointer_addr_intlibspace.o
         8          4          0          0          0         68   rt_heap_descriptor_intlibspace.o
        78          0          0          0          0         80   rt_memclr_w.o
       138          0          0          0          0         68   rt_memcpy_v6.o
       100          0          0          0          0         80   rt_memcpy_w.o
         2          0          0          0          0          0   rtexit.o
        10          0          0          0          0          0   rtexit2.o
        12          4          0          0          0         68   sys_exit.o
        74          0          0          0          0         80   sys_stackheap_outer.o
        14          0          0          0          0         76   sys_wrch.o
         2          0          0          0          0         68   use_no_semi.o
        98          4          0          0          0        140   d2f.o
       692        140          0          0          0        264   ddiv.o
        46          0          0          0          0        116   dflt_clz.o
       156          4          0          0          0        140   dnaninf.o
        12          0          0          0          0        116   dretinf.o
        26          0          0          0          0        116   fpinit.o
        10          0          0          0          0        116   fretinf.o
         0          0          0          0          0          0   usenofp.o
        46          0          0          0          0        380   new.cpp.o
         4          0          0          0          0         36   abort_message.cpp.o
         0          0          0          0          4          0   cxa_default_handlers.cpp.o
        12          0          0          0          0        132   cxa_handlers.cpp.o
        40         32          0          0          0         52   cxa_virtual.cpp.o

    ----------------------------------------------------------------------
      2828        304          0          0        100       4280   Library Totals
        14          0          0          0          0          0   (incl. Padding)

    ----------------------------------------------------------------------

      Code (inc. data)   RO Data    RW Data    ZI Data      Debug   Library Name

      1672        124          0          0         96       2672   c_w.l
      1040        148          0          0          0       1008   fz_wm.l
        46          0          0          0          0        380   libcpp_w.l
        56         32          0          0          4        220   libcppabi_w.l

    ----------------------------------------------------------------------
      2828        304          0          0        100       4280   Library Totals

    ----------------------------------------------------------------------

==============================================================================


      Code (inc. data)   RO Data    RW Data    ZI Data      Debug   

     51226        670       1030         24      25672     705863   Grand Totals
     51226        670       1030         24      25672     705863   ELF Image Totals
     51226        670       1030         24          0          0   ROM Totals

==============================================================================

    Total RO  Size (Code + RO Data)                52256 (  51.03kB)
    Total RW  Size (RW Data + ZI Data)             25696 (  25.09kB)
    Total ROM Size (Code + RO Data + RW Data)      52280 (  51.05kB)

==============================================================================

