<html>
<body>
<pre>
<h1>µVision Build Log</h1>
<h2>Tool Versions:</h2>
IDE-Version: ¦ÌVision V5.32.0.0
Copyright (C) 2020 ARM Ltd and ARM Germany GmbH. All rights reserved.
License Information: a 799323497@qq.com, a, LIC=IK1BF-6631N-VERHA-1ZKBX-DBAKC-S9EJG
 
Tool Versions:
Toolchain:       MDK-ARM Plus  Version: 5.32.0.0
Toolchain Path:  D:\Keil5\ARM\ARMCLANG\Bin
C Compiler:      ArmClang.exe V6.14.1
Assembler:       Armasm.exe V6.14.1
Linker/Locator:  ArmLink.exe V6.14.1
Library Manager: ArmAr.exe V6.14.1
Hex Converter:   FromElf.exe V6.14.1
CPU DLL:         SARMCM3.DLL V5.32.0.0
Dialog DLL:      DCM.DLL V1.17.3.0
Target DLL:      CMSIS_AGDI.dll V1.33.15.0
Dialog DLL:      TCM.DLL V1.46.0.0
 
<h2>Project:</h2>
D:\E\GitHub_Desktop\demo\SG_GIMBAL_C_2025_2_7\MDK-ARM\SG_GIMBAL_C_2025_2_7.uvprojx
Project File Date:  03/19/2025

<h2>Output:</h2>
*** Using Compiler 'V6.14.1', folder: 'D:\Keil5\ARM\ARMCLANG\Bin'
Build target 'SG_GIMBAL_C_2025_2_7'
compiling GimbalTask.cpp...
linking...
Program Size: Code=54880 RO-data=1124 RW-data=812 ZI-data=31804  
FromELF: creating hex file...
"SG_GIMBAL_C_2025_2_7\SG_GIMBAL_C_2025_2_7.axf" - 0 Error(s), 0 Warning(s).

<h2>Software Packages used:</h2>

Package Vendor: ARM
                http://www.keil.com/pack/ARM.CMSIS.5.7.0.pack
                ARM.CMSIS.5.7.0
                CMSIS (Cortex Microcontroller Software Interface Standard)
   * Component: CORE Version: 5.4.0

Package Vendor: Keil
                https://www.keil.com/pack/Keil.STM32F4xx_DFP.2.17.1.pack
                Keil.STM32F4xx_DFP.2.17.1
                STMicroelectronics STM32F4 Series Device Support, Drivers and Examples

<h2>Collection of Component include folders:</h2>
  .\RTE\_SG_GIMBAL_C_2025_2_7
  D:\Keil5\ARM\CMSIS\5.7.0\CMSIS\Core\Include
  D:\Keil5\Keil\STM32F4xx_DFP\2.17.1\Drivers\CMSIS\Device\ST\STM32F4xx\Include

<h2>Collection of Component Files used:</h2>

   * Component: ARM::CMSIS:CORE:5.4.0
      Include file:  CMSIS\Core\Include\tz_context.h
Build Time Elapsed:  00:00:03
</pre>
</body>
</html>
